  Determining projects to restore...
  All projects are up-to-date for restore.
G:\GitHub\HoloPatcher.NET\src\CSharpKotor\Formats\NCS\KNCSDecomp\AGtBinaryOp.cs(28,21): warning CS0114: 'AGtBinaryOp.Apply(Switch)' hides inherited member 'Node.Apply(Switch)'. To make the current member override that implementation, add the override keyword. Otherwise add the new keyword. [G:\GitHub\HoloPatcher.NET\src\CSharpKotor\CSharpKotor.csproj::TargetFramework=net8.0]
G:\GitHub\HoloPatcher.NET\src\CSharpKotor\Formats\NCS\KNCSDecomp\ACopydownbpCmd.cs(28,21): warning CS0114: 'ACopydownbpCmd.Apply(Switch)' hides inherited member 'Node.Apply(Switch)'. To make the current member override that implementation, add the override keyword. Otherwise add the new keyword. [G:\GitHub\HoloPatcher.NET\src\CSharpKotor\CSharpKotor.csproj::TargetFramework=net8.0]
G:\GitHub\HoloPatcher.NET\src\CSharpKotor\Formats\NCS\KNCSDecomp\AIncibpStackOp.cs(28,21): warning CS0114: 'AIncibpStackOp.Apply(Switch)' hides inherited member 'Node.Apply(Switch)'. To make the current member override that implementation, add the override keyword. Otherwise add the new keyword. [G:\GitHub\HoloPatcher.NET\src\CSharpKotor\CSharpKotor.csproj::TargetFramework=net8.0]
G:\GitHub\HoloPatcher.NET\src\CSharpKotor\Formats\NCS\KNCSDecomp\AIncispStackOp.cs(28,21): warning CS0114: 'AIncispStackOp.Apply(Switch)' hides inherited member 'Node.Apply(Switch)'. To make the current member override that implementation, add the override keyword. Otherwise add the new keyword. [G:\GitHub\HoloPatcher.NET\src\CSharpKotor\CSharpKotor.csproj::TargetFramework=net8.0]
G:\GitHub\HoloPatcher.NET\src\CSharpKotor\Formats\NCS\KNCSDecomp\ANegUnaryOp.cs(28,21): warning CS0114: 'ANegUnaryOp.Apply(Switch)' hides inherited member 'Node.Apply(Switch)'. To make the current member override that implementation, add the override keyword. Otherwise add the new keyword. [G:\GitHub\HoloPatcher.NET\src\CSharpKotor\CSharpKotor.csproj::TargetFramework=net8.0]
G:\GitHub\HoloPatcher.NET\src\CSharpKotor\Formats\NCS\KNCSDecomp\AInclOrLogiiOp.cs(28,21): warning CS0114: 'AInclOrLogiiOp.Apply(Switch)' hides inherited member 'Node.Apply(Switch)'. To make the current member override that implementation, add the override keyword. Otherwise add the new keyword. [G:\GitHub\HoloPatcher.NET\src\CSharpKotor\CSharpKotor.csproj::TargetFramework=net8.0]
G:\GitHub\HoloPatcher.NET\src\CSharpKotor\Formats\NCS\KNCSDecomp\ACopyDownBpCommand.cs(38,21): warning CS0114: 'ACopyDownBpCommand.Apply(Switch)' hides inherited member 'Node.Apply(Switch)'. To make the current member override that implementation, add the override keyword. Otherwise add the new keyword. [G:\GitHub\HoloPatcher.NET\src\CSharpKotor\CSharpKotor.csproj::TargetFramework=net8.0]
G:\GitHub\HoloPatcher.NET\src\CSharpKotor\Formats\NCS\KNCSDecomp\ACopyDownBpCommand.cs(93,33): warning CS0108: 'ACopyDownBpCommand.GetType()' hides inherited member 'object.GetType()'. Use the new keyword if hiding was intended. [G:\GitHub\HoloPatcher.NET\src\CSharpKotor\CSharpKotor.csproj::TargetFramework=net8.0]
G:\GitHub\HoloPatcher.NET\src\CSharpKotor\Formats\NCS\KNCSDecomp\ANequalBinaryOp.cs(28,21): warning CS0114: 'ANequalBinaryOp.Apply(Switch)' hides inherited member 'Node.Apply(Switch)'. To make the current member override that implementation, add the override keyword. Otherwise add the new keyword. [G:\GitHub\HoloPatcher.NET\src\CSharpKotor\CSharpKotor.csproj::TargetFramework=net8.0]
G:\GitHub\HoloPatcher.NET\src\CSharpKotor\Formats\NCS\KNCSDecomp\AIntConstant.cs(28,21): warning CS0114: 'AIntConstant.Apply(Switch)' hides inherited member 'Node.Apply(Switch)'. To make the current member override that implementation, add the override keyword. Otherwise add the new keyword. [G:\GitHub\HoloPatcher.NET\src\CSharpKotor\CSharpKotor.csproj::TargetFramework=net8.0]
G:\GitHub\HoloPatcher.NET\src\CSharpKotor\Formats\NCS\KNCSDecomp\ACopydownspCmd.cs(28,21): warning CS0114: 'ACopydownspCmd.Apply(Switch)' hides inherited member 'Node.Apply(Switch)'. To make the current member override that implementation, add the override keyword. Otherwise add the new keyword. [G:\GitHub\HoloPatcher.NET\src\CSharpKotor\CSharpKotor.csproj::TargetFramework=net8.0]
G:\GitHub\HoloPatcher.NET\src\CSharpKotor\Formats\NCS\KNCSDecomp\AJumpCmd.cs(28,21): warning CS0114: 'AJumpCmd.Apply(Switch)' hides inherited member 'Node.Apply(Switch)'. To make the current member override that implementation, add the override keyword. Otherwise add the new keyword. [G:\GitHub\HoloPatcher.NET\src\CSharpKotor\CSharpKotor.csproj::TargetFramework=net8.0]
G:\GitHub\HoloPatcher.NET\src\CSharpKotor\Formats\NCS\KNCSDecomp\ANonzeroJumpIf.cs(28,21): warning CS0114: 'ANonzeroJumpIf.Apply(Switch)' hides inherited member 'Node.Apply(Switch)'. To make the current member override that implementation, add the override keyword. Otherwise add the new keyword. [G:\GitHub\HoloPatcher.NET\src\CSharpKotor\CSharpKotor.csproj::TargetFramework=net8.0]
G:\GitHub\HoloPatcher.NET\src\CSharpKotor\Formats\NCS\KNCSDecomp\ANotUnaryOp.cs(28,21): warning CS0114: 'ANotUnaryOp.Apply(Switch)' hides inherited member 'Node.Apply(Switch)'. To make the current member override that implementation, add the override keyword. Otherwise add the new keyword. [G:\GitHub\HoloPatcher.NET\src\CSharpKotor\CSharpKotor.csproj::TargetFramework=net8.0]
G:\GitHub\HoloPatcher.NET\src\CSharpKotor\Formats\NCS\KNCSDecomp\ACopyDownSpCommand.cs(38,21): warning CS0114: 'ACopyDownSpCommand.Apply(Switch)' hides inherited member 'Node.Apply(Switch)'. To make the current member override that implementation, add the override keyword. Otherwise add the new keyword. [G:\GitHub\HoloPatcher.NET\src\CSharpKotor\CSharpKotor.csproj::TargetFramework=net8.0]
G:\GitHub\HoloPatcher.NET\src\CSharpKotor\Formats\NCS\KNCSDecomp\ACopyDownSpCommand.cs(93,33): warning CS0108: 'ACopyDownSpCommand.GetType()' hides inherited member 'object.GetType()'. Use the new keyword if hiding was intended. [G:\GitHub\HoloPatcher.NET\src\CSharpKotor\CSharpKotor.csproj::TargetFramework=net8.0]
G:\GitHub\HoloPatcher.NET\src\CSharpKotor\Formats\NCS\KNCSDecomp\AJumpCommand.cs(36,21): warning CS0114: 'AJumpCommand.Apply(Switch)' hides inherited member 'Node.Apply(Switch)'. To make the current member override that implementation, add the override keyword. Otherwise add the new keyword. [G:\GitHub\HoloPatcher.NET\src\CSharpKotor\CSharpKotor.csproj::TargetFramework=net8.0]
G:\GitHub\HoloPatcher.NET\src\CSharpKotor\Formats\NCS\KNCSDecomp\AJumpCommand.cs(91,33): warning CS0108: 'AJumpCommand.GetType()' hides inherited member 'object.GetType()'. Use the new keyword if hiding was intended. [G:\GitHub\HoloPatcher.NET\src\CSharpKotor\CSharpKotor.csproj::TargetFramework=net8.0]
G:\GitHub\HoloPatcher.NET\src\CSharpKotor\Formats\NCS\KNCSDecomp\AOrLogiiOp.cs(28,21): warning CS0114: 'AOrLogiiOp.Apply(Switch)' hides inherited member 'Node.Apply(Switch)'. To make the current member override that implementation, add the override keyword. Otherwise add the new keyword. [G:\GitHub\HoloPatcher.NET\src\CSharpKotor\CSharpKotor.csproj::TargetFramework=net8.0]
G:\GitHub\HoloPatcher.NET\src\CSharpKotor\Formats\NCS\KNCSDecomp\AJumpSubCmd.cs(28,21): warning CS0114: 'AJumpSubCmd.Apply(Switch)' hides inherited member 'Node.Apply(Switch)'. To make the current member override that implementation, add the override keyword. Otherwise add the new keyword. [G:\GitHub\HoloPatcher.NET\src\CSharpKotor\CSharpKotor.csproj::TargetFramework=net8.0]
G:\GitHub\HoloPatcher.NET\src\CSharpKotor\Formats\NCS\KNCSDecomp\ACopytopbpCmd.cs(28,21): warning CS0114: 'ACopytopbpCmd.Apply(Switch)' hides inherited member 'Node.Apply(Switch)'. To make the current member override that implementation, add the override keyword. Otherwise add the new keyword. [G:\GitHub\HoloPatcher.NET\src\CSharpKotor\CSharpKotor.csproj::TargetFramework=net8.0]
G:\GitHub\HoloPatcher.NET\src\CSharpKotor\Formats\NCS\KNCSDecomp\AStringConstant.cs(28,21): warning CS0114: 'AStringConstant.Apply(Switch)' hides inherited member 'Node.Apply(Switch)'. To make the current member override that implementation, add the override keyword. Otherwise add the new keyword. [G:\GitHub\HoloPatcher.NET\src\CSharpKotor\CSharpKotor.csproj::TargetFramework=net8.0]
G:\GitHub\HoloPatcher.NET\src\CSharpKotor\Formats\NCS\KNCSDecomp\AProgram.cs(65,21): warning CS0114: 'AProgram.Apply(Switch)' hides inherited member 'Node.Apply(Switch)'. To make the current member override that implementation, add the override keyword. Otherwise add the new keyword. [G:\GitHub\HoloPatcher.NET\src\CSharpKotor\CSharpKotor.csproj::TargetFramework=net8.0]
G:\GitHub\HoloPatcher.NET\src\CSharpKotor\Formats\NCS\KNCSDecomp\AJumpToSubroutine.cs(36,21): warning CS0114: 'AJumpToSubroutine.Apply(Switch)' hides inherited member 'Node.Apply(Switch)'. To make the current member override that implementation, add the override keyword. Otherwise add the new keyword. [G:\GitHub\HoloPatcher.NET\src\CSharpKotor\CSharpKotor.csproj::TargetFramework=net8.0]
G:\GitHub\HoloPatcher.NET\src\CSharpKotor\Formats\NCS\KNCSDecomp\AJumpToSubroutine.cs(91,33): warning CS0108: 'AJumpToSubroutine.GetType()' hides inherited member 'object.GetType()'. Use the new keyword if hiding was intended. [G:\GitHub\HoloPatcher.NET\src\CSharpKotor\CSharpKotor.csproj::TargetFramework=net8.0]
G:\GitHub\HoloPatcher.NET\src\CSharpKotor\Formats\NCS\KNCSDecomp\ASubBinaryOp.cs(28,21): warning CS0114: 'ASubBinaryOp.Apply(Switch)' hides inherited member 'Node.Apply(Switch)'. To make the current member override that implementation, add the override keyword. Otherwise add the new keyword. [G:\GitHub\HoloPatcher.NET\src\CSharpKotor\CSharpKotor.csproj::TargetFramework=net8.0]
G:\GitHub\HoloPatcher.NET\src\CSharpKotor\Formats\NCS\KNCSDecomp\ACopyTopBpCommand.cs(38,21): warning CS0114: 'ACopyTopBpCommand.Apply(Switch)' hides inherited member 'Node.Apply(Switch)'. To make the current member override that implementation, add the override keyword. Otherwise add the new keyword. [G:\GitHub\HoloPatcher.NET\src\CSharpKotor\CSharpKotor.csproj::TargetFramework=net8.0]
G:\GitHub\HoloPatcher.NET\src\CSharpKotor\Formats\NCS\KNCSDecomp\ACopyTopBpCommand.cs(93,33): warning CS0108: 'ACopyTopBpCommand.GetType()' hides inherited member 'object.GetType()'. Use the new keyword if hiding was intended. [G:\GitHub\HoloPatcher.NET\src\CSharpKotor\CSharpKotor.csproj::TargetFramework=net8.0]
G:\GitHub\HoloPatcher.NET\src\CSharpKotor\Formats\NCS\KNCSDecomp\ALeqBinaryOp.cs(28,21): warning CS0114: 'ALeqBinaryOp.Apply(Switch)' hides inherited member 'Node.Apply(Switch)'. To make the current member override that implementation, add the override keyword. Otherwise add the new keyword. [G:\GitHub\HoloPatcher.NET\src\CSharpKotor\CSharpKotor.csproj::TargetFramework=net8.0]
G:\GitHub\HoloPatcher.NET\src\CSharpKotor\Formats\NCS\KNCSDecomp\ASubroutine.cs(30,21): warning CS0114: 'ASubroutine.Apply(Switch)' hides inherited member 'Node.Apply(Switch)'. To make the current member override that implementation, add the override keyword. Otherwise add the new keyword. [G:\GitHub\HoloPatcher.NET\src\CSharpKotor\CSharpKotor.csproj::TargetFramework=net8.0]
G:\GitHub\HoloPatcher.NET\src\CSharpKotor\Formats\NCS\KNCSDecomp\ACopytopspCmd.cs(28,21): warning CS0114: 'ACopytopspCmd.Apply(Switch)' hides inherited member 'Node.Apply(Switch)'. To make the current member override that implementation, add the override keyword. Otherwise add the new keyword. [G:\GitHub\HoloPatcher.NET\src\CSharpKotor\CSharpKotor.csproj::TargetFramework=net8.0]
G:\GitHub\HoloPatcher.NET\src\CSharpKotor\Formats\NCS\KNCSDecomp\ALogiiCmd.cs(28,21): warning CS0114: 'ALogiiCmd.Apply(Switch)' hides inherited member 'Node.Apply(Switch)'. To make the current member override that implementation, add the override keyword. Otherwise add the new keyword. [G:\GitHub\HoloPatcher.NET\src\CSharpKotor\CSharpKotor.csproj::TargetFramework=net8.0]
G:\GitHub\HoloPatcher.NET\src\CSharpKotor\Formats\NCS\KNCSDecomp\ARestorebpBpOp.cs(28,21): warning CS0114: 'ARestorebpBpOp.Apply(Switch)' hides inherited member 'Node.Apply(Switch)'. To make the current member override that implementation, add the override keyword. Otherwise add the new keyword. [G:\GitHub\HoloPatcher.NET\src\CSharpKotor\CSharpKotor.csproj::TargetFramework=net8.0]
G:\GitHub\HoloPatcher.NET\src\CSharpKotor\Formats\NCS\KNCSDecomp\AUnaryCmd.cs(28,21): warning CS0114: 'AUnaryCmd.Apply(Switch)' hides inherited member 'Node.Apply(Switch)'. To make the current member override that implementation, add the override keyword. Otherwise add the new keyword. [G:\GitHub\HoloPatcher.NET\src\CSharpKotor\CSharpKotor.csproj::TargetFramework=net8.0]
G:\GitHub\HoloPatcher.NET\src\CSharpKotor\Formats\NCS\KNCSDecomp\ACopyTopSpCommand.cs(38,21): warning CS0114: 'ACopyTopSpCommand.Apply(Switch)' hides inherited member 'Node.Apply(Switch)'. To make the current member override that implementation, add the override keyword. Otherwise add the new keyword. [G:\GitHub\HoloPatcher.NET\src\CSharpKotor\CSharpKotor.csproj::TargetFramework=net8.0]
G:\GitHub\HoloPatcher.NET\src\CSharpKotor\Formats\NCS\KNCSDecomp\ACopyTopSpCommand.cs(93,33): warning CS0108: 'ACopyTopSpCommand.GetType()' hides inherited member 'object.GetType()'. Use the new keyword if hiding was intended. [G:\GitHub\HoloPatcher.NET\src\CSharpKotor\CSharpKotor.csproj::TargetFramework=net8.0]
G:\GitHub\HoloPatcher.NET\src\CSharpKotor\Formats\NCS\KNCSDecomp\ALogiiCommand.cs(34,21): warning CS0114: 'ALogiiCommand.Apply(Switch)' hides inherited member 'Node.Apply(Switch)'. To make the current member override that implementation, add the override keyword. Otherwise add the new keyword. [G:\GitHub\HoloPatcher.NET\src\CSharpKotor\CSharpKotor.csproj::TargetFramework=net8.0]
G:\GitHub\HoloPatcher.NET\src\CSharpKotor\Formats\NCS\KNCSDecomp\ALogiiCommand.cs(89,33): warning CS0108: 'ALogiiCommand.GetType()' hides inherited member 'object.GetType()'. Use the new keyword if hiding was intended. [G:\GitHub\HoloPatcher.NET\src\CSharpKotor\CSharpKotor.csproj::TargetFramework=net8.0]
G:\GitHub\HoloPatcher.NET\src\CSharpKotor\Formats\NCS\KNCSDecomp\AReturn.cs(34,21): warning CS0114: 'AReturn.Apply(Switch)' hides inherited member 'Node.Apply(Switch)'. To make the current member override that implementation, add the override keyword. Otherwise add the new keyword. [G:\GitHub\HoloPatcher.NET\src\CSharpKotor\CSharpKotor.csproj::TargetFramework=net8.0]
G:\GitHub\HoloPatcher.NET\src\CSharpKotor\Formats\NCS\KNCSDecomp\AReturn.cs(89,33): warning CS0108: 'AReturn.GetType()' hides inherited member 'object.GetType()'. Use the new keyword if hiding was intended. [G:\GitHub\HoloPatcher.NET\src\CSharpKotor\CSharpKotor.csproj::TargetFramework=net8.0]
G:\GitHub\HoloPatcher.NET\src\CSharpKotor\Formats\NCS\KNCSDecomp\AUnaryCommand.cs(34,21): warning CS0114: 'AUnaryCommand.Apply(Switch)' hides inherited member 'Node.Apply(Switch)'. To make the current member override that implementation, add the override keyword. Otherwise add the new keyword. [G:\GitHub\HoloPatcher.NET\src\CSharpKotor\CSharpKotor.csproj::TargetFramework=net8.0]
G:\GitHub\HoloPatcher.NET\src\CSharpKotor\Formats\NCS\KNCSDecomp\AUnaryCommand.cs(89,33): warning CS0108: 'AUnaryCommand.GetType()' hides inherited member 'object.GetType()'. Use the new keyword if hiding was intended. [G:\GitHub\HoloPatcher.NET\src\CSharpKotor\CSharpKotor.csproj::TargetFramework=net8.0]
G:\GitHub\HoloPatcher.NET\src\CSharpKotor\Formats\NCS\KNCSDecomp\AReturnCmd.cs(28,21): warning CS0114: 'AReturnCmd.Apply(Switch)' hides inherited member 'Node.Apply(Switch)'. To make the current member override that implementation, add the override keyword. Otherwise add the new keyword. [G:\GitHub\HoloPatcher.NET\src\CSharpKotor\CSharpKotor.csproj::TargetFramework=net8.0]
G:\GitHub\HoloPatcher.NET\src\CSharpKotor\Formats\NCS\KNCSDecomp\ALtBinaryOp.cs(28,21): warning CS0114: 'ALtBinaryOp.Apply(Switch)' hides inherited member 'Node.Apply(Switch)'. To make the current member override that implementation, add the override keyword. Otherwise add the new keyword. [G:\GitHub\HoloPatcher.NET\src\CSharpKotor\CSharpKotor.csproj::TargetFramework=net8.0]
G:\GitHub\HoloPatcher.NET\src\CSharpKotor\Formats\NCS\KNCSDecomp\AUnrightBinaryOp.cs(28,21): warning CS0114: 'AUnrightBinaryOp.Apply(Switch)' hides inherited member 'Node.Apply(Switch)'. To make the current member override that implementation, add the override keyword. Otherwise add the new keyword. [G:\GitHub\HoloPatcher.NET\src\CSharpKotor\CSharpKotor.csproj::TargetFramework=net8.0]
G:\GitHub\HoloPatcher.NET\src\CSharpKotor\Formats\NCS\KNCSDecomp\AZeroJumpIf.cs(28,21): warning CS0114: 'AZeroJumpIf.Apply(Switch)' hides inherited member 'Node.Apply(Switch)'. To make the current member override that implementation, add the override keyword. Otherwise add the new keyword. [G:\GitHub\HoloPatcher.NET\src\CSharpKotor\CSharpKotor.csproj::TargetFramework=net8.0]
G:\GitHub\HoloPatcher.NET\src\CSharpKotor\Formats\NCS\KNCSDecomp\AModBinaryOp.cs(28,21): warning CS0114: 'AModBinaryOp.Apply(Switch)' hides inherited member 'Node.Apply(Switch)'. To make the current member override that implementation, add the override keyword. Otherwise add the new keyword. [G:\GitHub\HoloPatcher.NET\src\CSharpKotor\CSharpKotor.csproj::TargetFramework=net8.0]
G:\GitHub\HoloPatcher.NET\src\CSharpKotor\Formats\NCS\KNCSDecomp\ActionsData.cs(116,35): warning CS0114: 'ActionsData.Action.ToString()' hides inherited member 'object.ToString()'. To make the current member override that implementation, add the override keyword. Otherwise add the new keyword. [G:\GitHub\HoloPatcher.NET\src\CSharpKotor\CSharpKotor.csproj::TargetFramework=net8.0]
G:\GitHub\HoloPatcher.NET\src\CSharpKotor\Formats\NCS\KNCSDecomp\ARsaddCommand.cs(34,21): warning CS0114: 'ARsaddCommand.Apply(Switch)' hides inherited member 'Node.Apply(Switch)'. To make the current member override that implementation, add the override keyword. Otherwise add the new keyword. [G:\GitHub\HoloPatcher.NET\src\CSharpKotor\CSharpKotor.csproj::TargetFramework=net8.0]
G:\GitHub\HoloPatcher.NET\src\CSharpKotor\Formats\NCS\KNCSDecomp\ARsaddCommand.cs(89,33): warning CS0108: 'ARsaddCommand.GetType()' hides inherited member 'object.GetType()'. Use the new keyword if hiding was intended. [G:\GitHub\HoloPatcher.NET\src\CSharpKotor\CSharpKotor.csproj::TargetFramework=net8.0]
G:\GitHub\HoloPatcher.NET\src\CSharpKotor\Formats\NCS\KNCSDecomp\AActionCmd.cs(28,21): warning CS0114: 'AActionCmd.Apply(Switch)' hides inherited member 'Node.Apply(Switch)'. To make the current member override that implementation, add the override keyword. Otherwise add the new keyword. [G:\GitHub\HoloPatcher.NET\src\CSharpKotor\CSharpKotor.csproj::TargetFramework=net8.0]
G:\GitHub\HoloPatcher.NET\src\CSharpKotor\Formats\NCS\KNCSDecomp\AMovespCmd.cs(28,21): warning CS0114: 'AMovespCmd.Apply(Switch)' hides inherited member 'Node.Apply(Switch)'. To make the current member override that implementation, add the override keyword. Otherwise add the new keyword. [G:\GitHub\HoloPatcher.NET\src\CSharpKotor\CSharpKotor.csproj::TargetFramework=net8.0]
G:\GitHub\HoloPatcher.NET\src\CSharpKotor\Formats\NCS\KNCSDecomp\ADecibpStackOp.cs(28,21): warning CS0114: 'ADecibpStackOp.Apply(Switch)' hides inherited member 'Node.Apply(Switch)'. To make the current member override that implementation, add the override keyword. Otherwise add the new keyword. [G:\GitHub\HoloPatcher.NET\src\CSharpKotor\CSharpKotor.csproj::TargetFramework=net8.0]
G:\GitHub\HoloPatcher.NET\src\CSharpKotor\Formats\NCS\KNCSDecomp\ASavebpBpOp.cs(28,21): warning CS0114: 'ASavebpBpOp.Apply(Switch)' hides inherited member 'Node.Apply(Switch)'. To make the current member override that implementation, add the override keyword. Otherwise add the new keyword. [G:\GitHub\HoloPatcher.NET\src\CSharpKotor\CSharpKotor.csproj::TargetFramework=net8.0]
G:\GitHub\HoloPatcher.NET\src\CSharpKotor\Formats\NCS\KNCSDecomp\ADecispStackOp.cs(28,21): warning CS0114: 'ADecispStackOp.Apply(Switch)' hides inherited member 'Node.Apply(Switch)'. To make the current member override that implementation, add the override keyword. Otherwise add the new keyword. [G:\GitHub\HoloPatcher.NET\src\CSharpKotor\CSharpKotor.csproj::TargetFramework=net8.0]
G:\GitHub\HoloPatcher.NET\src\CSharpKotor\Formats\NCS\KNCSDecomp\Node\AActionCommand.cs(86,33): warning CS0108: 'AActionCommand.GetType()' hides inherited member 'object.GetType()'. Use the new keyword if hiding was intended. [G:\GitHub\HoloPatcher.NET\src\CSharpKotor\CSharpKotor.csproj::TargetFramework=net8.0]
G:\GitHub\HoloPatcher.NET\src\CSharpKotor\Formats\NCS\KNCSDecomp\AShleftBinaryOp.cs(28,21): warning CS0114: 'AShleftBinaryOp.Apply(Switch)' hides inherited member 'Node.Apply(Switch)'. To make the current member override that implementation, add the override keyword. Otherwise add the new keyword. [G:\GitHub\HoloPatcher.NET\src\CSharpKotor\CSharpKotor.csproj::TargetFramework=net8.0]
G:\GitHub\HoloPatcher.NET\src\CSharpKotor\Formats\NCS\KNCSDecomp\AMoveSpCommand.cs(36,21): warning CS0114: 'AMoveSpCommand.Apply(Switch)' hides inherited member 'Node.Apply(Switch)'. To make the current member override that implementation, add the override keyword. Otherwise add the new keyword. [G:\GitHub\HoloPatcher.NET\src\CSharpKotor\CSharpKotor.csproj::TargetFramework=net8.0]
G:\GitHub\HoloPatcher.NET\src\CSharpKotor\Formats\NCS\KNCSDecomp\AMoveSpCommand.cs(91,33): warning CS0108: 'AMoveSpCommand.GetType()' hides inherited member 'object.GetType()'. Use the new keyword if hiding was intended. [G:\GitHub\HoloPatcher.NET\src\CSharpKotor\CSharpKotor.csproj::TargetFramework=net8.0]
G:\GitHub\HoloPatcher.NET\src\CSharpKotor\Formats\NCS\KNCSDecomp\ADestructCmd.cs(28,21): warning CS0114: 'ADestructCmd.Apply(Switch)' hides inherited member 'Node.Apply(Switch)'. To make the current member override that implementation, add the override keyword. Otherwise add the new keyword. [G:\GitHub\HoloPatcher.NET\src\CSharpKotor\CSharpKotor.csproj::TargetFramework=net8.0]
G:\GitHub\HoloPatcher.NET\src\CSharpKotor\Formats\NCS\KNCSDecomp\AShrightBinaryOp.cs(28,21): warning CS0114: 'AShrightBinaryOp.Apply(Switch)' hides inherited member 'Node.Apply(Switch)'. To make the current member override that implementation, add the override keyword. Otherwise add the new keyword. [G:\GitHub\HoloPatcher.NET\src\CSharpKotor\CSharpKotor.csproj::TargetFramework=net8.0]
G:\GitHub\HoloPatcher.NET\src\CSharpKotor\Formats\NCS\KNCSDecomp\AMulBinaryOp.cs(28,21): warning CS0114: 'AMulBinaryOp.Apply(Switch)' hides inherited member 'Node.Apply(Switch)'. To make the current member override that implementation, add the override keyword. Otherwise add the new keyword. [G:\GitHub\HoloPatcher.NET\src\CSharpKotor\CSharpKotor.csproj::TargetFramework=net8.0]
G:\GitHub\HoloPatcher.NET\src\CSharpKotor\Formats\NCS\KNCSDecomp\Node\AConstCommand.cs(83,33): warning CS0108: 'AConstCommand.GetType()' hides inherited member 'object.GetType()'. Use the new keyword if hiding was intended. [G:\GitHub\HoloPatcher.NET\src\CSharpKotor\CSharpKotor.csproj::TargetFramework=net8.0]
G:\GitHub\HoloPatcher.NET\src\CSharpKotor\Formats\NCS\KNCSDecomp\ASize.cs(34,21): warning CS0114: 'ASize.Apply(Switch)' hides inherited member 'Node.Apply(Switch)'. To make the current member override that implementation, add the override keyword. Otherwise add the new keyword. [G:\GitHub\HoloPatcher.NET\src\CSharpKotor\CSharpKotor.csproj::TargetFramework=net8.0]
G:\GitHub\HoloPatcher.NET\src\CSharpKotor\Formats\NCS\KNCSDecomp\AStackCommand.cs(36,21): warning CS0114: 'AStackCommand.Apply(Switch)' hides inherited member 'Node.Apply(Switch)'. To make the current member override that implementation, add the override keyword. Otherwise add the new keyword. [G:\GitHub\HoloPatcher.NET\src\CSharpKotor\CSharpKotor.csproj::TargetFramework=net8.0]
G:\GitHub\HoloPatcher.NET\src\CSharpKotor\Formats\NCS\KNCSDecomp\AStackCommand.cs(91,33): warning CS0108: 'AStackCommand.GetType()' hides inherited member 'object.GetType()'. Use the new keyword if hiding was intended. [G:\GitHub\HoloPatcher.NET\src\CSharpKotor\CSharpKotor.csproj::TargetFramework=net8.0]
G:\GitHub\HoloPatcher.NET\src\CSharpKotor\Formats\NCS\KNCSDecomp\Node\ABinaryCommand.cs(83,33): warning CS0108: 'ABinaryCommand.GetType()' hides inherited member 'object.GetType()'. Use the new keyword if hiding was intended. [G:\GitHub\HoloPatcher.NET\src\CSharpKotor\CSharpKotor.csproj::TargetFramework=net8.0]
G:\GitHub\HoloPatcher.NET\src\CSharpKotor\Formats\NCS\KNCSDecomp\AStackOpCmd.cs(28,21): warning CS0114: 'AStackOpCmd.Apply(Switch)' hides inherited member 'Node.Apply(Switch)'. To make the current member override that implementation, add the override keyword. Otherwise add the new keyword. [G:\GitHub\HoloPatcher.NET\src\CSharpKotor\CSharpKotor.csproj::TargetFramework=net8.0]
G:\GitHub\HoloPatcher.NET\src\CSharpKotor\Formats\NCS\KNCSDecomp\Node\ACopyDownBpCommand.cs(86,33): warning CS0108: 'ACopyDownBpCommand.GetType()' hides inherited member 'object.GetType()'. Use the new keyword if hiding was intended. [G:\GitHub\HoloPatcher.NET\src\CSharpKotor\CSharpKotor.csproj::TargetFramework=net8.0]
G:\GitHub\HoloPatcher.NET\src\CSharpKotor\Formats\NCS\KNCSDecomp\AStoreStateCmd.cs(28,21): warning CS0114: 'AStoreStateCmd.Apply(Switch)' hides inherited member 'Node.Apply(Switch)'. To make the current member override that implementation, add the override keyword. Otherwise add the new keyword. [G:\GitHub\HoloPatcher.NET\src\CSharpKotor\CSharpKotor.csproj::TargetFramework=net8.0]
G:\GitHub\HoloPatcher.NET\src\CSharpKotor\Formats\NCS\KNCSDecomp\EOF.cs(30,21): warning CS0114: 'EOF.Apply(Switch)' hides inherited member 'Node.Apply(Switch)'. To make the current member override that implementation, add the override keyword. Otherwise add the new keyword. [G:\GitHub\HoloPatcher.NET\src\CSharpKotor\CSharpKotor.csproj::TargetFramework=net8.0]
G:\GitHub\HoloPatcher.NET\src\CSharpKotor\Formats\NCS\KNCSDecomp\AStoreStateCommand.cs(38,21): warning CS0114: 'AStoreStateCommand.Apply(Switch)' hides inherited member 'Node.Apply(Switch)'. To make the current member override that implementation, add the override keyword. Otherwise add the new keyword. [G:\GitHub\HoloPatcher.NET\src\CSharpKotor\CSharpKotor.csproj::TargetFramework=net8.0]
G:\GitHub\HoloPatcher.NET\src\CSharpKotor\Formats\NCS\KNCSDecomp\Node\ABpCommand.cs(80,33): warning CS0108: 'ABpCommand.GetType()' hides inherited member 'object.GetType()'. Use the new keyword if hiding was intended. [G:\GitHub\HoloPatcher.NET\src\CSharpKotor\CSharpKotor.csproj::TargetFramework=net8.0]
G:\GitHub\HoloPatcher.NET\src\CSharpKotor\Formats\NCS\KNCSDecomp\Node\ACopyDownSpCommand.cs(86,33): warning CS0108: 'ACopyDownSpCommand.GetType()' hides inherited member 'object.GetType()'. Use the new keyword if hiding was intended. [G:\GitHub\HoloPatcher.NET\src\CSharpKotor\CSharpKotor.csproj::TargetFramework=net8.0]
G:\GitHub\HoloPatcher.NET\src\CSharpKotor\Formats\NCS\KNCSDecomp\ADestructCommand.cs(40,21): warning CS0114: 'ADestructCommand.Apply(Switch)' hides inherited member 'Node.Apply(Switch)'. To make the current member override that implementation, add the override keyword. Otherwise add the new keyword. [G:\GitHub\HoloPatcher.NET\src\CSharpKotor\CSharpKotor.csproj::TargetFramework=net8.0]
G:\GitHub\HoloPatcher.NET\src\CSharpKotor\Formats\NCS\KNCSDecomp\ADestructCommand.cs(95,33): warning CS0108: 'ADestructCommand.GetType()' hides inherited member 'object.GetType()'. Use the new keyword if hiding was intended. [G:\GitHub\HoloPatcher.NET\src\CSharpKotor\CSharpKotor.csproj::TargetFramework=net8.0]
G:\GitHub\HoloPatcher.NET\src\CSharpKotor\Formats\NCS\KNCSDecomp\ADivBinaryOp.cs(28,21): warning CS0114: 'ADivBinaryOp.Apply(Switch)' hides inherited member 'Node.Apply(Switch)'. To make the current member override that implementation, add the override keyword. Otherwise add the new keyword. [G:\GitHub\HoloPatcher.NET\src\CSharpKotor\CSharpKotor.csproj::TargetFramework=net8.0]
G:\GitHub\HoloPatcher.NET\src\CSharpKotor\Formats\NCS\KNCSDecomp\Node\ACopyTopBpCommand.cs(86,33): warning CS0108: 'ACopyTopBpCommand.GetType()' hides inherited member 'object.GetType()'. Use the new keyword if hiding was intended. [G:\GitHub\HoloPatcher.NET\src\CSharpKotor\CSharpKotor.csproj::TargetFramework=net8.0]
G:\GitHub\HoloPatcher.NET\src\CSharpKotor\Formats\NCS\KNCSDecomp\AEqualBinaryOp.cs(28,21): warning CS0114: 'AEqualBinaryOp.Apply(Switch)' hides inherited member 'Node.Apply(Switch)'. To make the current member override that implementation, add the override keyword. Otherwise add the new keyword. [G:\GitHub\HoloPatcher.NET\src\CSharpKotor\CSharpKotor.csproj::TargetFramework=net8.0]
G:\GitHub\HoloPatcher.NET\src\CSharpKotor\Formats\NCS\KNCSDecomp\Node\AConditionalJumpCommand.cs(83,33): warning CS0108: 'AConditionalJumpCommand.GetType()' hides inherited member 'object.GetType()'. Use the new keyword if hiding was intended. [G:\GitHub\HoloPatcher.NET\src\CSharpKotor\CSharpKotor.csproj::TargetFramework=net8.0]
G:\GitHub\HoloPatcher.NET\src\CSharpKotor\Formats\NCS\KNCSDecomp\AExclOrLogiiOp.cs(28,21): warning CS0114: 'AExclOrLogiiOp.Apply(Switch)' hides inherited member 'Node.Apply(Switch)'. To make the current member override that implementation, add the override keyword. Otherwise add the new keyword. [G:\GitHub\HoloPatcher.NET\src\CSharpKotor\CSharpKotor.csproj::TargetFramework=net8.0]
G:\GitHub\HoloPatcher.NET\src\CSharpKotor\Formats\NCS\KNCSDecomp\AFloatConstant.cs(28,21): warning CS0114: 'AFloatConstant.Apply(Switch)' hides inherited member 'Node.Apply(Switch)'. To make the current member override that implementation, add the override keyword. Otherwise add the new keyword. [G:\GitHub\HoloPatcher.NET\src\CSharpKotor\CSharpKotor.csproj::TargetFramework=net8.0]
G:\GitHub\HoloPatcher.NET\src\CSharpKotor\Formats\NCS\KNCSDecomp\Node\ACopyTopSpCommand.cs(86,33): warning CS0108: 'ACopyTopSpCommand.GetType()' hides inherited member 'object.GetType()'. Use the new keyword if hiding was intended. [G:\GitHub\HoloPatcher.NET\src\CSharpKotor\CSharpKotor.csproj::TargetFramework=net8.0]
G:\GitHub\HoloPatcher.NET\src\CSharpKotor\Formats\NCS\KNCSDecomp\AGeqBinaryOp.cs(28,21): warning CS0114: 'AGeqBinaryOp.Apply(Switch)' hides inherited member 'Node.Apply(Switch)'. To make the current member override that implementation, add the override keyword. Otherwise add the new keyword. [G:\GitHub\HoloPatcher.NET\src\CSharpKotor\CSharpKotor.csproj::TargetFramework=net8.0]
G:\GitHub\HoloPatcher.NET\src\CSharpKotor\Formats\NCS\KNCSDecomp\Node.cs(30,31): warning CS0114: 'Node.ToString()' hides inherited member 'object.ToString()'. To make the current member override that implementation, add the override keyword. Otherwise add the new keyword. [G:\GitHub\HoloPatcher.NET\src\CSharpKotor\CSharpKotor.csproj::TargetFramework=net8.0]
G:\GitHub\HoloPatcher.NET\src\CSharpKotor\Formats\NCS\KNCSDecomp\Node\AJumpToSubroutine.cs(83,33): warning CS0108: 'AJumpToSubroutine.GetType()' hides inherited member 'object.GetType()'. Use the new keyword if hiding was intended. [G:\GitHub\HoloPatcher.NET\src\CSharpKotor\CSharpKotor.csproj::TargetFramework=net8.0]
G:\GitHub\HoloPatcher.NET\src\CSharpKotor\Formats\NCS\KNCSDecomp\FileDecompiler.cs(1048,35): warning CS0114: 'FileDecompiler.FileScriptData.ToString()' hides inherited member 'object.ToString()'. To make the current member override that implementation, add the override keyword. Otherwise add the new keyword. [G:\GitHub\HoloPatcher.NET\src\CSharpKotor\CSharpKotor.csproj::TargetFramework=net8.0]
G:\GitHub\HoloPatcher.NET\src\CSharpKotor\Formats\NCS\KNCSDecomp\PrunedDepthFirstAdapter.cs(24,29): warning CS0114: 'PrunedDepthFirstAdapter.DefaultIn(Node)' hides inherited member 'AnalysisAdapter.DefaultIn(Node)'. To make the current member override that implementation, add the override keyword. Otherwise add the new keyword. [G:\GitHub\HoloPatcher.NET\src\CSharpKotor\CSharpKotor.csproj::TargetFramework=net8.0]
G:\GitHub\HoloPatcher.NET\src\CSharpKotor\Formats\NCS\KNCSDecomp\PrunedDepthFirstAdapter.cs(28,29): warning CS0114: 'PrunedDepthFirstAdapter.DefaultOut(Node)' hides inherited member 'AnalysisAdapter.DefaultOut(Node)'. To make the current member override that implementation, add the override keyword. Otherwise add the new keyword. [G:\GitHub\HoloPatcher.NET\src\CSharpKotor\CSharpKotor.csproj::TargetFramework=net8.0]
G:\GitHub\HoloPatcher.NET\src\CSharpKotor\Formats\NCS\KNCSDecomp\Start.cs(30,21): warning CS0114: 'Start.Apply(Switch)' hides inherited member 'Node.Apply(Switch)'. To make the current member override that implementation, add the override keyword. Otherwise add the new keyword. [G:\GitHub\HoloPatcher.NET\src\CSharpKotor\CSharpKotor.csproj::TargetFramework=net8.0]
G:\GitHub\HoloPatcher.NET\src\CSharpKotor\Formats\NCS\KNCSDecomp\SetDestinations.cs(129,25): warning CS0114: 'SetDestinations.AnonymousPrunedDepthFirstAdapter.DefaultIn(Node)' hides inherited member 'PrunedDepthFirstAdapter.DefaultIn(Node)'. To make the current member override that implementation, add the override keyword. Otherwise add the new keyword. [G:\GitHub\HoloPatcher.NET\src\CSharpKotor\CSharpKotor.csproj::TargetFramework=net8.0]
G:\GitHub\HoloPatcher.NET\src\CSharpKotor\Formats\NCS\KNCSDecomp\SetDestinations.cs(137,25): warning CS0114: 'SetDestinations.AnonymousPrunedDepthFirstAdapter.CaseAProgram(AProgram)' hides inherited member 'PrunedDepthFirstAdapter.CaseAProgram(AProgram)'. To make the current member override that implementation, add the override keyword. Otherwise add the new keyword. [G:\GitHub\HoloPatcher.NET\src\CSharpKotor\CSharpKotor.csproj::TargetFramework=net8.0]
G:\GitHub\HoloPatcher.NET\src\CSharpKotor\Formats\NCS\KNCSDecomp\SetDestinations.cs(182,25): warning CS0114: 'SetDestinations.AnonymousPrunedDepthFirstAdapter.CaseACommandBlock(ACommandBlock)' hides inherited member 'PrunedDepthFirstAdapter.CaseACommandBlock(ACommandBlock)'. To make the current member override that implementation, add the override keyword. Otherwise add the new keyword. [G:\GitHub\HoloPatcher.NET\src\CSharpKotor\CSharpKotor.csproj::TargetFramework=net8.0]
G:\GitHub\HoloPatcher.NET\src\CSharpKotor\Formats\NCS\KNCSDecomp\TAction.cs(30,21): warning CS0114: 'TAction.Apply(Switch)' hides inherited member 'Node.Apply(Switch)'. To make the current member override that implementation, add the override keyword. Otherwise add the new keyword. [G:\GitHub\HoloPatcher.NET\src\CSharpKotor\CSharpKotor.csproj::TargetFramework=net8.0]
G:\GitHub\HoloPatcher.NET\src\CSharpKotor\Formats\NCS\KNCSDecomp\Node\ALogiiCommand.cs(80,33): warning CS0108: 'ALogiiCommand.GetType()' hides inherited member 'object.GetType()'. Use the new keyword if hiding was intended. [G:\GitHub\HoloPatcher.NET\src\CSharpKotor\CSharpKotor.csproj::TargetFramework=net8.0]
G:\GitHub\HoloPatcher.NET\src\CSharpKotor\Formats\NCS\KNCSDecomp\ScriptNode\AActionExp.cs(78,38): warning CS0114: 'AActionExp.Parent()' hides inherited member 'ScriptNode.Parent()'. To make the current member override that implementation, add the override keyword. Otherwise add the new keyword. [G:\GitHub\HoloPatcher.NET\src\CSharpKotor\CSharpKotor.csproj::TargetFramework=net8.0]
G:\GitHub\HoloPatcher.NET\src\CSharpKotor\Formats\NCS\KNCSDecomp\ScriptNode\AActionExp.cs(79,21): warning CS0114: 'AActionExp.Parent(ScriptNode)' hides inherited member 'ScriptNode.Parent(ScriptNode)'. To make the current member override that implementation, add the override keyword. Otherwise add the new keyword. [G:\GitHub\HoloPatcher.NET\src\CSharpKotor\CSharpKotor.csproj::TargetFramework=net8.0]
G:\GitHub\HoloPatcher.NET\src\CSharpKotor\Formats\NCS\KNCSDecomp\TDiv.cs(30,21): warning CS0114: 'TDiv.Apply(Switch)' hides inherited member 'Node.Apply(Switch)'. To make the current member override that implementation, add the override keyword. Otherwise add the new keyword. [G:\GitHub\HoloPatcher.NET\src\CSharpKotor\CSharpKotor.csproj::TargetFramework=net8.0]
G:\GitHub\HoloPatcher.NET\src\CSharpKotor\Formats\NCS\KNCSDecomp\TAdd.cs(30,21): warning CS0114: 'TAdd.Apply(Switch)' hides inherited member 'Node.Apply(Switch)'. To make the current member override that implementation, add the override keyword. Otherwise add the new keyword. [G:\GitHub\HoloPatcher.NET\src\CSharpKotor\CSharpKotor.csproj::TargetFramework=net8.0]
G:\GitHub\HoloPatcher.NET\src\CSharpKotor\Formats\NCS\KNCSDecomp\TDot.cs(30,21): warning CS0114: 'TDot.Apply(Switch)' hides inherited member 'Node.Apply(Switch)'. To make the current member override that implementation, add the override keyword. Otherwise add the new keyword. [G:\GitHub\HoloPatcher.NET\src\CSharpKotor\CSharpKotor.csproj::TargetFramework=net8.0]
G:\GitHub\HoloPatcher.NET\src\CSharpKotor\Formats\NCS\KNCSDecomp\TBlank.cs(30,21): warning CS0114: 'TBlank.Apply(Switch)' hides inherited member 'Node.Apply(Switch)'. To make the current member override that implementation, add the override keyword. Otherwise add the new keyword. [G:\GitHub\HoloPatcher.NET\src\CSharpKotor\CSharpKotor.csproj::TargetFramework=net8.0]
G:\GitHub\HoloPatcher.NET\src\CSharpKotor\Formats\NCS\KNCSDecomp\TEqual.cs(30,21): warning CS0114: 'TEqual.Apply(Switch)' hides inherited member 'Node.Apply(Switch)'. To make the current member override that implementation, add the override keyword. Otherwise add the new keyword. [G:\GitHub\HoloPatcher.NET\src\CSharpKotor\CSharpKotor.csproj::TargetFramework=net8.0]
G:\GitHub\HoloPatcher.NET\src\CSharpKotor\Formats\NCS\KNCSDecomp\TLPar.cs(30,21): warning CS0114: 'TLPar.Apply(Switch)' hides inherited member 'Node.Apply(Switch)'. To make the current member override that implementation, add the override keyword. Otherwise add the new keyword. [G:\GitHub\HoloPatcher.NET\src\CSharpKotor\CSharpKotor.csproj::TargetFramework=net8.0]
G:\GitHub\HoloPatcher.NET\src\CSharpKotor\Formats\NCS\KNCSDecomp\TBoolandii.cs(30,21): warning CS0114: 'TBoolandii.Apply(Switch)' hides inherited member 'Node.Apply(Switch)'. To make the current member override that implementation, add the override keyword. Otherwise add the new keyword. [G:\GitHub\HoloPatcher.NET\src\CSharpKotor\CSharpKotor.csproj::TargetFramework=net8.0]
G:\GitHub\HoloPatcher.NET\src\CSharpKotor\Formats\NCS\KNCSDecomp\ScriptNode\ABinaryExp.cs(69,38): warning CS0114: 'ABinaryExp.Parent()' hides inherited member 'ScriptNode.Parent()'. To make the current member override that implementation, add the override keyword. Otherwise add the new keyword. [G:\GitHub\HoloPatcher.NET\src\CSharpKotor\CSharpKotor.csproj::TargetFramework=net8.0]
G:\GitHub\HoloPatcher.NET\src\CSharpKotor\Formats\NCS\KNCSDecomp\ScriptNode\ABinaryExp.cs(70,21): warning CS0114: 'ABinaryExp.Parent(ScriptNode)' hides inherited member 'ScriptNode.Parent(ScriptNode)'. To make the current member override that implementation, add the override keyword. Otherwise add the new keyword. [G:\GitHub\HoloPatcher.NET\src\CSharpKotor\CSharpKotor.csproj::TargetFramework=net8.0]
G:\GitHub\HoloPatcher.NET\src\CSharpKotor\Formats\NCS\KNCSDecomp\TExcorii.cs(30,21): warning CS0114: 'TExcorii.Apply(Switch)' hides inherited member 'Node.Apply(Switch)'. To make the current member override that implementation, add the override keyword. Otherwise add the new keyword. [G:\GitHub\HoloPatcher.NET\src\CSharpKotor\CSharpKotor.csproj::TargetFramework=net8.0]
G:\GitHub\HoloPatcher.NET\src\CSharpKotor\Formats\NCS\KNCSDecomp\TLt.cs(30,21): warning CS0114: 'TLt.Apply(Switch)' hides inherited member 'Node.Apply(Switch)'. To make the current member override that implementation, add the override keyword. Otherwise add the new keyword. [G:\GitHub\HoloPatcher.NET\src\CSharpKotor\CSharpKotor.csproj::TargetFramework=net8.0]
G:\GitHub\HoloPatcher.NET\src\CSharpKotor\Formats\NCS\KNCSDecomp\TComp.cs(30,21): warning CS0114: 'TComp.Apply(Switch)' hides inherited member 'Node.Apply(Switch)'. To make the current member override that implementation, add the override keyword. Otherwise add the new keyword. [G:\GitHub\HoloPatcher.NET\src\CSharpKotor\CSharpKotor.csproj::TargetFramework=net8.0]
G:\GitHub\HoloPatcher.NET\src\CSharpKotor\Formats\NCS\KNCSDecomp\TFloatConstant.cs(30,21): warning CS0114: 'TFloatConstant.Apply(Switch)' hides inherited member 'Node.Apply(Switch)'. To make the current member override that implementation, add the override keyword. Otherwise add the new keyword. [G:\GitHub\HoloPatcher.NET\src\CSharpKotor\CSharpKotor.csproj::TargetFramework=net8.0]
G:\GitHub\HoloPatcher.NET\src\CSharpKotor\Formats\NCS\KNCSDecomp\TMod.cs(30,21): warning CS0114: 'TMod.Apply(Switch)' hides inherited member 'Node.Apply(Switch)'. To make the current member override that implementation, add the override keyword. Otherwise add the new keyword. [G:\GitHub\HoloPatcher.NET\src\CSharpKotor\CSharpKotor.csproj::TargetFramework=net8.0]
G:\GitHub\HoloPatcher.NET\src\CSharpKotor\Formats\NCS\KNCSDecomp\TConst.cs(30,21): warning CS0114: 'TConst.Apply(Switch)' hides inherited member 'Node.Apply(Switch)'. To make the current member override that implementation, add the override keyword. Otherwise add the new keyword. [G:\GitHub\HoloPatcher.NET\src\CSharpKotor\CSharpKotor.csproj::TargetFramework=net8.0]
G:\GitHub\HoloPatcher.NET\src\CSharpKotor\Formats\NCS\KNCSDecomp\TGeq.cs(30,21): warning CS0114: 'TGeq.Apply(Switch)' hides inherited member 'Node.Apply(Switch)'. To make the current member override that implementation, add the override keyword. Otherwise add the new keyword. [G:\GitHub\HoloPatcher.NET\src\CSharpKotor\CSharpKotor.csproj::TargetFramework=net8.0]
G:\GitHub\HoloPatcher.NET\src\CSharpKotor\Formats\NCS\KNCSDecomp\TMovsp.cs(30,21): warning CS0114: 'TMovsp.Apply(Switch)' hides inherited member 'Node.Apply(Switch)'. To make the current member override that implementation, add the override keyword. Otherwise add the new keyword. [G:\GitHub\HoloPatcher.NET\src\CSharpKotor\CSharpKotor.csproj::TargetFramework=net8.0]
G:\GitHub\HoloPatcher.NET\src\CSharpKotor\Formats\NCS\KNCSDecomp\TCpdownbp.cs(30,21): warning CS0114: 'TCpdownbp.Apply(Switch)' hides inherited member 'Node.Apply(Switch)'. To make the current member override that implementation, add the override keyword. Otherwise add the new keyword. [G:\GitHub\HoloPatcher.NET\src\CSharpKotor\CSharpKotor.csproj::TargetFramework=net8.0]
G:\GitHub\HoloPatcher.NET\src\CSharpKotor\Formats\NCS\KNCSDecomp\TGt.cs(30,21): warning CS0114: 'TGt.Apply(Switch)' hides inherited member 'Node.Apply(Switch)'. To make the current member override that implementation, add the override keyword. Otherwise add the new keyword. [G:\GitHub\HoloPatcher.NET\src\CSharpKotor\CSharpKotor.csproj::TargetFramework=net8.0]
G:\GitHub\HoloPatcher.NET\src\CSharpKotor\Formats\NCS\KNCSDecomp\TMul.cs(30,21): warning CS0114: 'TMul.Apply(Switch)' hides inherited member 'Node.Apply(Switch)'. To make the current member override that implementation, add the override keyword. Otherwise add the new keyword. [G:\GitHub\HoloPatcher.NET\src\CSharpKotor\CSharpKotor.csproj::TargetFramework=net8.0]
G:\GitHub\HoloPatcher.NET\src\CSharpKotor\Formats\NCS\KNCSDecomp\TCpdownsp.cs(30,21): warning CS0114: 'TCpdownsp.Apply(Switch)' hides inherited member 'Node.Apply(Switch)'. To make the current member override that implementation, add the override keyword. Otherwise add the new keyword. [G:\GitHub\HoloPatcher.NET\src\CSharpKotor\CSharpKotor.csproj::TargetFramework=net8.0]
G:\GitHub\HoloPatcher.NET\src\CSharpKotor\Formats\NCS\KNCSDecomp\TIncibp.cs(30,21): warning CS0114: 'TIncibp.Apply(Switch)' hides inherited member 'Node.Apply(Switch)'. To make the current member override that implementation, add the override keyword. Otherwise add the new keyword. [G:\GitHub\HoloPatcher.NET\src\CSharpKotor\CSharpKotor.csproj::TargetFramework=net8.0]
G:\GitHub\HoloPatcher.NET\src\CSharpKotor\Formats\NCS\KNCSDecomp\TCptopbp.cs(30,21): warning CS0114: 'TCptopbp.Apply(Switch)' hides inherited member 'Node.Apply(Switch)'. To make the current member override that implementation, add the override keyword. Otherwise add the new keyword. [G:\GitHub\HoloPatcher.NET\src\CSharpKotor\CSharpKotor.csproj::TargetFramework=net8.0]
G:\GitHub\HoloPatcher.NET\src\CSharpKotor\Formats\NCS\KNCSDecomp\Node\AMoveSpCommand.cs(83,33): warning CS0108: 'AMoveSpCommand.GetType()' hides inherited member 'object.GetType()'. Use the new keyword if hiding was intended. [G:\GitHub\HoloPatcher.NET\src\CSharpKotor\CSharpKotor.csproj::TargetFramework=net8.0]
G:\GitHub\HoloPatcher.NET\src\CSharpKotor\Formats\NCS\KNCSDecomp\TIncisp.cs(30,21): warning CS0114: 'TIncisp.Apply(Switch)' hides inherited member 'Node.Apply(Switch)'. To make the current member override that implementation, add the override keyword. Otherwise add the new keyword. [G:\GitHub\HoloPatcher.NET\src\CSharpKotor\CSharpKotor.csproj::TargetFramework=net8.0]
G:\GitHub\HoloPatcher.NET\src\CSharpKotor\Formats\NCS\KNCSDecomp\Node\AReturn.cs(80,33): warning CS0108: 'AReturn.GetType()' hides inherited member 'object.GetType()'. Use the new keyword if hiding was intended. [G:\GitHub\HoloPatcher.NET\src\CSharpKotor\CSharpKotor.csproj::TargetFramework=net8.0]
G:\GitHub\HoloPatcher.NET\src\CSharpKotor\Formats\NCS\KNCSDecomp\TCptopsp.cs(30,21): warning CS0114: 'TCptopsp.Apply(Switch)' hides inherited member 'Node.Apply(Switch)'. To make the current member override that implementation, add the override keyword. Otherwise add the new keyword. [G:\GitHub\HoloPatcher.NET\src\CSharpKotor\CSharpKotor.csproj::TargetFramework=net8.0]
G:\GitHub\HoloPatcher.NET\src\CSharpKotor\Formats\NCS\KNCSDecomp\TNeg.cs(30,21): warning CS0114: 'TNeg.Apply(Switch)' hides inherited member 'Node.Apply(Switch)'. To make the current member override that implementation, add the override keyword. Otherwise add the new keyword. [G:\GitHub\HoloPatcher.NET\src\CSharpKotor\CSharpKotor.csproj::TargetFramework=net8.0]
G:\GitHub\HoloPatcher.NET\src\CSharpKotor\Formats\NCS\KNCSDecomp\PrunedReversedDepthFirstAdapter.cs(24,29): warning CS0114: 'PrunedReversedDepthFirstAdapter.DefaultIn(Node)' hides inherited member 'AnalysisAdapter.DefaultIn(Node)'. To make the current member override that implementation, add the override keyword. Otherwise add the new keyword. [G:\GitHub\HoloPatcher.NET\src\CSharpKotor\CSharpKotor.csproj::TargetFramework=net8.0]
G:\GitHub\HoloPatcher.NET\src\CSharpKotor\Formats\NCS\KNCSDecomp\PrunedReversedDepthFirstAdapter.cs(28,29): warning CS0114: 'PrunedReversedDepthFirstAdapter.DefaultOut(Node)' hides inherited member 'AnalysisAdapter.DefaultOut(Node)'. To make the current member override that implementation, add the override keyword. Otherwise add the new keyword. [G:\GitHub\HoloPatcher.NET\src\CSharpKotor\CSharpKotor.csproj::TargetFramework=net8.0]
G:\GitHub\HoloPatcher.NET\src\CSharpKotor\Formats\NCS\KNCSDecomp\TIncorii.cs(30,21): warning CS0114: 'TIncorii.Apply(Switch)' hides inherited member 'Node.Apply(Switch)'. To make the current member override that implementation, add the override keyword. Otherwise add the new keyword. [G:\GitHub\HoloPatcher.NET\src\CSharpKotor\CSharpKotor.csproj::TargetFramework=net8.0]
G:\GitHub\HoloPatcher.NET\src\CSharpKotor\Formats\NCS\KNCSDecomp\TIntegerConstant.cs(30,21): warning CS0114: 'TIntegerConstant.Apply(Switch)' hides inherited member 'Node.Apply(Switch)'. To make the current member override that implementation, add the override keyword. Otherwise add the new keyword. [G:\GitHub\HoloPatcher.NET\src\CSharpKotor\CSharpKotor.csproj::TargetFramework=net8.0]
G:\GitHub\HoloPatcher.NET\src\CSharpKotor\Formats\NCS\KNCSDecomp\TNequal.cs(30,21): warning CS0114: 'TNequal.Apply(Switch)' hides inherited member 'Node.Apply(Switch)'. To make the current member override that implementation, add the override keyword. Otherwise add the new keyword. [G:\GitHub\HoloPatcher.NET\src\CSharpKotor\CSharpKotor.csproj::TargetFramework=net8.0]
G:\GitHub\HoloPatcher.NET\src\CSharpKotor\Formats\NCS\KNCSDecomp\TJmp.cs(30,21): warning CS0114: 'TJmp.Apply(Switch)' hides inherited member 'Node.Apply(Switch)'. To make the current member override that implementation, add the override keyword. Otherwise add the new keyword. [G:\GitHub\HoloPatcher.NET\src\CSharpKotor\CSharpKotor.csproj::TargetFramework=net8.0]
G:\GitHub\HoloPatcher.NET\src\CSharpKotor\Formats\NCS\KNCSDecomp\TShright.cs(30,21): warning CS0114: 'TShright.Apply(Switch)' hides inherited member 'Node.Apply(Switch)'. To make the current member override that implementation, add the override keyword. Otherwise add the new keyword. [G:\GitHub\HoloPatcher.NET\src\CSharpKotor\CSharpKotor.csproj::TargetFramework=net8.0]
G:\GitHub\HoloPatcher.NET\src\CSharpKotor\Formats\NCS\KNCSDecomp\TNop.cs(30,21): warning CS0114: 'TNop.Apply(Switch)' hides inherited member 'Node.Apply(Switch)'. To make the current member override that implementation, add the override keyword. Otherwise add the new keyword. [G:\GitHub\HoloPatcher.NET\src\CSharpKotor\CSharpKotor.csproj::TargetFramework=net8.0]
G:\GitHub\HoloPatcher.NET\src\CSharpKotor\Formats\NCS\KNCSDecomp\TJnz.cs(30,21): warning CS0114: 'TJnz.Apply(Switch)' hides inherited member 'Node.Apply(Switch)'. To make the current member override that implementation, add the override keyword. Otherwise add the new keyword. [G:\GitHub\HoloPatcher.NET\src\CSharpKotor\CSharpKotor.csproj::TargetFramework=net8.0]
G:\GitHub\HoloPatcher.NET\src\CSharpKotor\Formats\NCS\KNCSDecomp\SubroutinePathFinder.cs(209,25): warning CS0114: 'SubroutinePathFinder.AnonymousPrunedDepthFirstAdapter.OutAConditionalJumpCommand(AConditionalJumpCommand)' hides inherited member 'PrunedDepthFirstAdapter.OutAConditionalJumpCommand(AConditionalJumpCommand)'. To make the current member override that implementation, add the override keyword. Otherwise add the new keyword. [G:\GitHub\HoloPatcher.NET\src\CSharpKotor\CSharpKotor.csproj::TargetFramework=net8.0]
G:\GitHub\HoloPatcher.NET\src\CSharpKotor\Formats\NCS\KNCSDecomp\SubroutinePathFinder.cs(215,25): warning CS0114: 'SubroutinePathFinder.AnonymousPrunedDepthFirstAdapter.OutAJumpCommand(AJumpCommand)' hides inherited member 'PrunedDepthFirstAdapter.OutAJumpCommand(AJumpCommand)'. To make the current member override that implementation, add the override keyword. Otherwise add the new keyword. [G:\GitHub\HoloPatcher.NET\src\CSharpKotor\CSharpKotor.csproj::TargetFramework=net8.0]
G:\GitHub\HoloPatcher.NET\src\CSharpKotor\Formats\NCS\KNCSDecomp\SubroutinePathFinder.cs(221,25): warning CS0114: 'SubroutinePathFinder.AnonymousPrunedDepthFirstAdapter.CaseAAddVarCmd(AAddVarCmd)' hides inherited member 'PrunedDepthFirstAdapter.CaseAAddVarCmd(AAddVarCmd)'. To make the current member override that implementation, add the override keyword. Otherwise add the new keyword. [G:\GitHub\HoloPatcher.NET\src\CSharpKotor\CSharpKotor.csproj::TargetFramework=net8.0]
G:\GitHub\HoloPatcher.NET\src\CSharpKotor\Formats\NCS\KNCSDecomp\SubroutinePathFinder.cs(225,25): warning CS0114: 'SubroutinePathFinder.AnonymousPrunedDepthFirstAdapter.CaseAConstCmd(AConstCmd)' hides inherited member 'PrunedDepthFirstAdapter.CaseAConstCmd(AConstCmd)'. To make the current member override that implementation, add the override keyword. Otherwise add the new keyword. [G:\GitHub\HoloPatcher.NET\src\CSharpKotor\CSharpKotor.csproj::TargetFramework=net8.0]
G:\GitHub\HoloPatcher.NET\src\CSharpKotor\Formats\NCS\KNCSDecomp\SubroutinePathFinder.cs(229,25): warning CS0114: 'SubroutinePathFinder.AnonymousPrunedDepthFirstAdapter.CaseACopydownspCmd(ACopydownspCmd)' hides inherited member 'PrunedDepthFirstAdapter.CaseACopydownspCmd(ACopydownspCmd)'. To make the current member override that implementation, add the override keyword. Otherwise add the new keyword. [G:\GitHub\HoloPatcher.NET\src\CSharpKotor\CSharpKotor.csproj::TargetFramework=net8.0]
G:\GitHub\HoloPatcher.NET\src\CSharpKotor\Formats\NCS\KNCSDecomp\SubroutinePathFinder.cs(233,25): warning CS0114: 'SubroutinePathFinder.AnonymousPrunedDepthFirstAdapter.CaseACopytopspCmd(ACopytopspCmd)' hides inherited member 'PrunedDepthFirstAdapter.CaseACopytopspCmd(ACopytopspCmd)'. To make the current member override that implementation, add the override keyword. Otherwise add the new keyword. [G:\GitHub\HoloPatcher.NET\src\CSharpKotor\CSharpKotor.csproj::TargetFramework=net8.0]
G:\GitHub\HoloPatcher.NET\src\CSharpKotor\Formats\NCS\KNCSDecomp\SubroutinePathFinder.cs(237,25): warning CS0114: 'SubroutinePathFinder.AnonymousPrunedDepthFirstAdapter.CaseACopydownbpCmd(ACopydownbpCmd)' hides inherited member 'PrunedDepthFirstAdapter.CaseACopydownbpCmd(ACopydownbpCmd)'. To make the current member override that implementation, add the override keyword. Otherwise add the new keyword. [G:\GitHub\HoloPatcher.NET\src\CSharpKotor\CSharpKotor.csproj::TargetFramework=net8.0]
G:\GitHub\HoloPatcher.NET\src\CSharpKotor\Formats\NCS\KNCSDecomp\SubroutinePathFinder.cs(241,25): warning CS0114: 'SubroutinePathFinder.AnonymousPrunedDepthFirstAdapter.CaseACopytopbpCmd(ACopytopbpCmd)' hides inherited member 'PrunedDepthFirstAdapter.CaseACopytopbpCmd(ACopytopbpCmd)'. To make the current member override that implementation, add the override keyword. Otherwise add the new keyword. [G:\GitHub\HoloPatcher.NET\src\CSharpKotor\CSharpKotor.csproj::TargetFramework=net8.0]
G:\GitHub\HoloPatcher.NET\src\CSharpKotor\Formats\NCS\KNCSDecomp\SubroutinePathFinder.cs(245,25): warning CS0114: 'SubroutinePathFinder.AnonymousPrunedDepthFirstAdapter.CaseAMovespCmd(AMovespCmd)' hides inherited member 'PrunedDepthFirstAdapter.CaseAMovespCmd(AMovespCmd)'. To make the current member override that implementation, add the override keyword. Otherwise add the new keyword. [G:\GitHub\HoloPatcher.NET\src\CSharpKotor\CSharpKotor.csproj::TargetFramework=net8.0]
G:\GitHub\HoloPatcher.NET\src\CSharpKotor\Formats\NCS\KNCSDecomp\SubroutinePathFinder.cs(249,25): warning CS0114: 'SubroutinePathFinder.AnonymousPrunedDepthFirstAdapter.CaseALogiiCmd(ALogiiCmd)' hides inherited member 'PrunedDepthFirstAdapter.CaseALogiiCmd(ALogiiCmd)'. To make the current member override that implementation, add the override keyword. Otherwise add the new keyword. [G:\GitHub\HoloPatcher.NET\src\CSharpKotor\CSharpKotor.csproj::TargetFramework=net8.0]
G:\GitHub\HoloPatcher.NET\src\CSharpKotor\Formats\NCS\KNCSDecomp\SubroutinePathFinder.cs(253,25): warning CS0114: 'SubroutinePathFinder.AnonymousPrunedDepthFirstAdapter.CaseAUnaryCmd(AUnaryCmd)' hides inherited member 'PrunedDepthFirstAdapter.CaseAUnaryCmd(AUnaryCmd)'. To make the current member override that implementation, add the override keyword. Otherwise add the new keyword. [G:\GitHub\HoloPatcher.NET\src\CSharpKotor\CSharpKotor.csproj::TargetFramework=net8.0]
G:\GitHub\HoloPatcher.NET\src\CSharpKotor\Formats\NCS\KNCSDecomp\SubroutinePathFinder.cs(257,25): warning CS0114: 'SubroutinePathFinder.AnonymousPrunedDepthFirstAdapter.CaseABinaryCmd(ABinaryCmd)' hides inherited member 'PrunedDepthFirstAdapter.CaseABinaryCmd(ABinaryCmd)'. To make the current member override that implementation, add the override keyword. Otherwise add the new keyword. [G:\GitHub\HoloPatcher.NET\src\CSharpKotor\CSharpKotor.csproj::TargetFramework=net8.0]
G:\GitHub\HoloPatcher.NET\src\CSharpKotor\Formats\NCS\KNCSDecomp\SubroutinePathFinder.cs(261,25): warning CS0114: 'SubroutinePathFinder.AnonymousPrunedDepthFirstAdapter.CaseADestructCmd(ADestructCmd)' hides inherited member 'PrunedDepthFirstAdapter.CaseADestructCmd(ADestructCmd)'. To make the current member override that implementation, add the override keyword. Otherwise add the new keyword. [G:\GitHub\HoloPatcher.NET\src\CSharpKotor\CSharpKotor.csproj::TargetFramework=net8.0]
G:\GitHub\HoloPatcher.NET\src\CSharpKotor\Formats\NCS\KNCSDecomp\SubroutinePathFinder.cs(265,25): warning CS0114: 'SubroutinePathFinder.AnonymousPrunedDepthFirstAdapter.CaseABpCmd(ABpCmd)' hides inherited member 'PrunedDepthFirstAdapter.CaseABpCmd(ABpCmd)'. To make the current member override that implementation, add the override keyword. Otherwise add the new keyword. [G:\GitHub\HoloPatcher.NET\src\CSharpKotor\CSharpKotor.csproj::TargetFramework=net8.0]
G:\GitHub\HoloPatcher.NET\src\CSharpKotor\Formats\NCS\KNCSDecomp\SubroutinePathFinder.cs(269,25): warning CS0114: 'SubroutinePathFinder.AnonymousPrunedDepthFirstAdapter.CaseAActionCmd(AActionCmd)' hides inherited member 'PrunedDepthFirstAdapter.CaseAActionCmd(AActionCmd)'. To make the current member override that implementation, add the override keyword. Otherwise add the new keyword. [G:\GitHub\HoloPatcher.NET\src\CSharpKotor\CSharpKotor.csproj::TargetFramework=net8.0]
G:\GitHub\HoloPatcher.NET\src\CSharpKotor\Formats\NCS\KNCSDecomp\SubroutinePathFinder.cs(273,25): warning CS0114: 'SubroutinePathFinder.AnonymousPrunedDepthFirstAdapter.CaseAStackOpCmd(AStackOpCmd)' hides inherited member 'PrunedDepthFirstAdapter.CaseAStackOpCmd(AStackOpCmd)'. To make the current member override that implementation, add the override keyword. Otherwise add the new keyword. [G:\GitHub\HoloPatcher.NET\src\CSharpKotor\CSharpKotor.csproj::TargetFramework=net8.0]
G:\GitHub\HoloPatcher.NET\src\CSharpKotor\Formats\NCS\KNCSDecomp\TStorestate.cs(30,21): warning CS0114: 'TStorestate.Apply(Switch)' hides inherited member 'Node.Apply(Switch)'. To make the current member override that implementation, add the override keyword. Otherwise add the new keyword. [G:\GitHub\HoloPatcher.NET\src\CSharpKotor\CSharpKotor.csproj::TargetFramework=net8.0]
G:\GitHub\HoloPatcher.NET\src\CSharpKotor\Formats\NCS\KNCSDecomp\TStringLiteral.cs(30,21): warning CS0114: 'TStringLiteral.Apply(Switch)' hides inherited member 'Node.Apply(Switch)'. To make the current member override that implementation, add the override keyword. Otherwise add the new keyword. [G:\GitHub\HoloPatcher.NET\src\CSharpKotor\CSharpKotor.csproj::TargetFramework=net8.0]
G:\GitHub\HoloPatcher.NET\src\CSharpKotor\Formats\NCS\KNCSDecomp\TJsr.cs(30,21): warning CS0114: 'TJsr.Apply(Switch)' hides inherited member 'Node.Apply(Switch)'. To make the current member override that implementation, add the override keyword. Otherwise add the new keyword. [G:\GitHub\HoloPatcher.NET\src\CSharpKotor\CSharpKotor.csproj::TargetFramework=net8.0]
G:\GitHub\HoloPatcher.NET\src\CSharpKotor\Formats\NCS\KNCSDecomp\TDecibp.cs(30,21): warning CS0114: 'TDecibp.Apply(Switch)' hides inherited member 'Node.Apply(Switch)'. To make the current member override that implementation, add the override keyword. Otherwise add the new keyword. [G:\GitHub\HoloPatcher.NET\src\CSharpKotor\CSharpKotor.csproj::TargetFramework=net8.0]
G:\GitHub\HoloPatcher.NET\src\CSharpKotor\Formats\NCS\KNCSDecomp\TNot.cs(30,21): warning CS0114: 'TNot.Apply(Switch)' hides inherited member 'Node.Apply(Switch)'. To make the current member override that implementation, add the override keyword. Otherwise add the new keyword. [G:\GitHub\HoloPatcher.NET\src\CSharpKotor\CSharpKotor.csproj::TargetFramework=net8.0]
G:\GitHub\HoloPatcher.NET\src\CSharpKotor\Formats\NCS\KNCSDecomp\TJz.cs(30,21): warning CS0114: 'TJz.Apply(Switch)' hides inherited member 'Node.Apply(Switch)'. To make the current member override that implementation, add the override keyword. Otherwise add the new keyword. [G:\GitHub\HoloPatcher.NET\src\CSharpKotor\CSharpKotor.csproj::TargetFramework=net8.0]
G:\GitHub\HoloPatcher.NET\src\CSharpKotor\Formats\NCS\KNCSDecomp\TDecisp.cs(30,21): warning CS0114: 'TDecisp.Apply(Switch)' hides inherited member 'Node.Apply(Switch)'. To make the current member override that implementation, add the override keyword. Otherwise add the new keyword. [G:\GitHub\HoloPatcher.NET\src\CSharpKotor\CSharpKotor.csproj::TargetFramework=net8.0]
G:\GitHub\HoloPatcher.NET\src\CSharpKotor\Formats\NCS\KNCSDecomp\AActionJumpCmd.cs(34,21): warning CS0114: 'AActionJumpCmd.Apply(Switch)' hides inherited member 'Node.Apply(Switch)'. To make the current member override that implementation, add the override keyword. Otherwise add the new keyword. [G:\GitHub\HoloPatcher.NET\src\CSharpKotor\CSharpKotor.csproj::TargetFramework=net8.0]
G:\GitHub\HoloPatcher.NET\src\CSharpKotor\Formats\NCS\KNCSDecomp\TLeq.cs(30,21): warning CS0114: 'TLeq.Apply(Switch)' hides inherited member 'Node.Apply(Switch)'. To make the current member override that implementation, add the override keyword. Otherwise add the new keyword. [G:\GitHub\HoloPatcher.NET\src\CSharpKotor\CSharpKotor.csproj::TargetFramework=net8.0]
G:\GitHub\HoloPatcher.NET\src\CSharpKotor\Formats\NCS\KNCSDecomp\TDestruct.cs(30,21): warning CS0114: 'TDestruct.Apply(Switch)' hides inherited member 'Node.Apply(Switch)'. To make the current member override that implementation, add the override keyword. Otherwise add the new keyword. [G:\GitHub\HoloPatcher.NET\src\CSharpKotor\CSharpKotor.csproj::TargetFramework=net8.0]
G:\GitHub\HoloPatcher.NET\src\CSharpKotor\Formats\NCS\KNCSDecomp\TLogandii.cs(30,21): warning CS0114: 'TLogandii.Apply(Switch)' hides inherited member 'Node.Apply(Switch)'. To make the current member override that implementation, add the override keyword. Otherwise add the new keyword. [G:\GitHub\HoloPatcher.NET\src\CSharpKotor\CSharpKotor.csproj::TargetFramework=net8.0]
G:\GitHub\HoloPatcher.NET\src\CSharpKotor\Formats\NCS\KNCSDecomp\TSub.cs(30,21): warning CS0114: 'TSub.Apply(Switch)' hides inherited member 'Node.Apply(Switch)'. To make the current member override that implementation, add the override keyword. Otherwise add the new keyword. [G:\GitHub\HoloPatcher.NET\src\CSharpKotor\CSharpKotor.csproj::TargetFramework=net8.0]
G:\GitHub\HoloPatcher.NET\src\CSharpKotor\Formats\NCS\KNCSDecomp\TRestorebp.cs(30,21): warning CS0114: 'TRestorebp.Apply(Switch)' hides inherited member 'Node.Apply(Switch)'. To make the current member override that implementation, add the override keyword. Otherwise add the new keyword. [G:\GitHub\HoloPatcher.NET\src\CSharpKotor\CSharpKotor.csproj::TargetFramework=net8.0]
G:\GitHub\HoloPatcher.NET\src\CSharpKotor\Formats\NCS\KNCSDecomp\AAddBinaryOp.cs(28,21): warning CS0114: 'AAddBinaryOp.Apply(Switch)' hides inherited member 'Node.Apply(Switch)'. To make the current member override that implementation, add the override keyword. Otherwise add the new keyword. [G:\GitHub\HoloPatcher.NET\src\CSharpKotor\CSharpKotor.csproj::TargetFramework=net8.0]
G:\GitHub\HoloPatcher.NET\src\CSharpKotor\Formats\NCS\KNCSDecomp\TLogorii.cs(30,21): warning CS0114: 'TLogorii.Apply(Switch)' hides inherited member 'Node.Apply(Switch)'. To make the current member override that implementation, add the override keyword. Otherwise add the new keyword. [G:\GitHub\HoloPatcher.NET\src\CSharpKotor\CSharpKotor.csproj::TargetFramework=net8.0]
G:\GitHub\HoloPatcher.NET\src\CSharpKotor\Formats\NCS\KNCSDecomp\Node\ARsaddCommand.cs(80,33): warning CS0108: 'ARsaddCommand.GetType()' hides inherited member 'object.GetType()'. Use the new keyword if hiding was intended. [G:\GitHub\HoloPatcher.NET\src\CSharpKotor\CSharpKotor.csproj::TargetFramework=net8.0]
G:\GitHub\HoloPatcher.NET\src\CSharpKotor\Formats\NCS\KNCSDecomp\TRetn.cs(30,21): warning CS0114: 'TRetn.Apply(Switch)' hides inherited member 'Node.Apply(Switch)'. To make the current member override that implementation, add the override keyword. Otherwise add the new keyword. [G:\GitHub\HoloPatcher.NET\src\CSharpKotor\CSharpKotor.csproj::TargetFramework=net8.0]
G:\GitHub\HoloPatcher.NET\src\CSharpKotor\Formats\NCS\KNCSDecomp\TT.cs(30,21): warning CS0114: 'TT.Apply(Switch)' hides inherited member 'Node.Apply(Switch)'. To make the current member override that implementation, add the override keyword. Otherwise add the new keyword. [G:\GitHub\HoloPatcher.NET\src\CSharpKotor\CSharpKotor.csproj::TargetFramework=net8.0]
G:\GitHub\HoloPatcher.NET\src\CSharpKotor\Formats\NCS\KNCSDecomp\AAddVarCmd.cs(28,21): warning CS0114: 'AAddVarCmd.Apply(Switch)' hides inherited member 'Node.Apply(Switch)'. To make the current member override that implementation, add the override keyword. Otherwise add the new keyword. [G:\GitHub\HoloPatcher.NET\src\CSharpKotor\CSharpKotor.csproj::TargetFramework=net8.0]
G:\GitHub\HoloPatcher.NET\src\CSharpKotor\Formats\NCS\KNCSDecomp\TRPar.cs(30,21): warning CS0114: 'TRPar.Apply(Switch)' hides inherited member 'Node.Apply(Switch)'. To make the current member override that implementation, add the override keyword. Otherwise add the new keyword. [G:\GitHub\HoloPatcher.NET\src\CSharpKotor\CSharpKotor.csproj::TargetFramework=net8.0]
G:\GitHub\HoloPatcher.NET\src\CSharpKotor\Formats\NCS\KNCSDecomp\TUnright.cs(30,21): warning CS0114: 'TUnright.Apply(Switch)' hides inherited member 'Node.Apply(Switch)'. To make the current member override that implementation, add the override keyword. Otherwise add the new keyword. [G:\GitHub\HoloPatcher.NET\src\CSharpKotor\CSharpKotor.csproj::TargetFramework=net8.0]
G:\GitHub\HoloPatcher.NET\src\CSharpKotor\Formats\NCS\KNCSDecomp\TRsadd.cs(30,21): warning CS0114: 'TRsadd.Apply(Switch)' hides inherited member 'Node.Apply(Switch)'. To make the current member override that implementation, add the override keyword. Otherwise add the new keyword. [G:\GitHub\HoloPatcher.NET\src\CSharpKotor\CSharpKotor.csproj::TargetFramework=net8.0]
G:\GitHub\HoloPatcher.NET\src\CSharpKotor\Formats\NCS\KNCSDecomp\ScriptNode\AConst.cs(25,38): warning CS0114: 'AConst.Parent()' hides inherited member 'ScriptNode.Parent()'. To make the current member override that implementation, add the override keyword. Otherwise add the new keyword. [G:\GitHub\HoloPatcher.NET\src\CSharpKotor\CSharpKotor.csproj::TargetFramework=net8.0]
G:\GitHub\HoloPatcher.NET\src\CSharpKotor\Formats\NCS\KNCSDecomp\ScriptNode\AConst.cs(26,21): warning CS0114: 'AConst.Parent(ScriptNode)' hides inherited member 'ScriptNode.Parent(ScriptNode)'. To make the current member override that implementation, add the override keyword. Otherwise add the new keyword. [G:\GitHub\HoloPatcher.NET\src\CSharpKotor\CSharpKotor.csproj::TargetFramework=net8.0]
G:\GitHub\HoloPatcher.NET\src\CSharpKotor\Formats\NCS\KNCSDecomp\Type.cs(67,31): warning CS0114: 'Type.ToString()' hides inherited member 'object.ToString()'. To make the current member override that implementation, add the override keyword. Otherwise add the new keyword. [G:\GitHub\HoloPatcher.NET\src\CSharpKotor\CSharpKotor.csproj::TargetFramework=net8.0]
G:\GitHub\HoloPatcher.NET\src\CSharpKotor\Formats\NCS\KNCSDecomp\Type.cs(393,29): warning CS0114: 'Type.Equals(object)' hides inherited member 'object.Equals(object?)'. To make the current member override that implementation, add the override keyword. Otherwise add the new keyword. [G:\GitHub\HoloPatcher.NET\src\CSharpKotor\CSharpKotor.csproj::TargetFramework=net8.0]
G:\GitHub\HoloPatcher.NET\src\CSharpKotor\Formats\NCS\KNCSDecomp\Type.cs(403,28): warning CS0114: 'Type.GetHashCode()' hides inherited member 'object.GetHashCode()'. To make the current member override that implementation, add the override keyword. Otherwise add the new keyword. [G:\GitHub\HoloPatcher.NET\src\CSharpKotor\CSharpKotor.csproj::TargetFramework=net8.0]
G:\GitHub\HoloPatcher.NET\src\CSharpKotor\Formats\NCS\KNCSDecomp\AAndLogiiOp.cs(28,21): warning CS0114: 'AAndLogiiOp.Apply(Switch)' hides inherited member 'Node.Apply(Switch)'. To make the current member override that implementation, add the override keyword. Otherwise add the new keyword. [G:\GitHub\HoloPatcher.NET\src\CSharpKotor\CSharpKotor.csproj::TargetFramework=net8.0]
G:\GitHub\HoloPatcher.NET\src\CSharpKotor\Formats\NCS\KNCSDecomp\TSavebp.cs(30,21): warning CS0114: 'TSavebp.Apply(Switch)' hides inherited member 'Node.Apply(Switch)'. To make the current member override that implementation, add the override keyword. Otherwise add the new keyword. [G:\GitHub\HoloPatcher.NET\src\CSharpKotor\CSharpKotor.csproj::TargetFramework=net8.0]
G:\GitHub\HoloPatcher.NET\src\CSharpKotor\Formats\NCS\KNCSDecomp\Node\AJumpCommand.cs(83,33): warning CS0108: 'AJumpCommand.GetType()' hides inherited member 'object.GetType()'. Use the new keyword if hiding was intended. [G:\GitHub\HoloPatcher.NET\src\CSharpKotor\CSharpKotor.csproj::TargetFramework=net8.0]
G:\GitHub\HoloPatcher.NET\src\CSharpKotor\Formats\NCS\KNCSDecomp\TSemi.cs(30,21): warning CS0114: 'TSemi.Apply(Switch)' hides inherited member 'Node.Apply(Switch)'. To make the current member override that implementation, add the override keyword. Otherwise add the new keyword. [G:\GitHub\HoloPatcher.NET\src\CSharpKotor\CSharpKotor.csproj::TargetFramework=net8.0]
G:\GitHub\HoloPatcher.NET\src\CSharpKotor\Formats\NCS\KNCSDecomp\ABinaryCmd.cs(28,21): warning CS0114: 'ABinaryCmd.Apply(Switch)' hides inherited member 'Node.Apply(Switch)'. To make the current member override that implementation, add the override keyword. Otherwise add the new keyword. [G:\GitHub\HoloPatcher.NET\src\CSharpKotor\CSharpKotor.csproj::TargetFramework=net8.0]
G:\GitHub\HoloPatcher.NET\src\CSharpKotor\Formats\NCS\KNCSDecomp\TShleft.cs(30,21): warning CS0114: 'TShleft.Apply(Switch)' hides inherited member 'Node.Apply(Switch)'. To make the current member override that implementation, add the override keyword. Otherwise add the new keyword. [G:\GitHub\HoloPatcher.NET\src\CSharpKotor\CSharpKotor.csproj::TargetFramework=net8.0]
G:\GitHub\HoloPatcher.NET\src\CSharpKotor\Formats\NCS\KNCSDecomp\ScriptNode\AConditionalExp.cs(87,29): warning CS0114: 'AConditionalExp.Close()' hides inherited member 'ScriptNode.Close()'. To make the current member override that implementation, add the override keyword. Otherwise add the new keyword. [G:\GitHub\HoloPatcher.NET\src\CSharpKotor\CSharpKotor.csproj::TargetFramework=net8.0]
G:\GitHub\HoloPatcher.NET\src\CSharpKotor\Formats\NCS\KNCSDecomp\ABinaryCommand.cs(36,21): warning CS0114: 'ABinaryCommand.Apply(Switch)' hides inherited member 'Node.Apply(Switch)'. To make the current member override that implementation, add the override keyword. Otherwise add the new keyword. [G:\GitHub\HoloPatcher.NET\src\CSharpKotor\CSharpKotor.csproj::TargetFramework=net8.0]
G:\GitHub\HoloPatcher.NET\src\CSharpKotor\Formats\NCS\KNCSDecomp\ABinaryCommand.cs(91,33): warning CS0108: 'ABinaryCommand.GetType()' hides inherited member 'object.GetType()'. Use the new keyword if hiding was intended. [G:\GitHub\HoloPatcher.NET\src\CSharpKotor\CSharpKotor.csproj::TargetFramework=net8.0]
G:\GitHub\HoloPatcher.NET\src\CSharpKotor\Formats\NCS\KNCSDecomp\X1PCmd.cs(29,21): warning CS0114: 'X1PCmd.Apply(Switch)' hides inherited member 'Node.Apply(Switch)'. To make the current member override that implementation, add the override keyword. Otherwise add the new keyword. [G:\GitHub\HoloPatcher.NET\src\CSharpKotor\CSharpKotor.csproj::TargetFramework=net8.0]
G:\GitHub\HoloPatcher.NET\src\CSharpKotor\Formats\NCS\KNCSDecomp\ABitAndLogiiOp.cs(28,21): warning CS0114: 'ABitAndLogiiOp.Apply(Switch)' hides inherited member 'Node.Apply(Switch)'. To make the current member override that implementation, add the override keyword. Otherwise add the new keyword. [G:\GitHub\HoloPatcher.NET\src\CSharpKotor\CSharpKotor.csproj::TargetFramework=net8.0]
G:\GitHub\HoloPatcher.NET\src\CSharpKotor\Formats\NCS\KNCSDecomp\ABpCmd.cs(28,21): warning CS0114: 'ABpCmd.Apply(Switch)' hides inherited member 'Node.Apply(Switch)'. To make the current member override that implementation, add the override keyword. Otherwise add the new keyword. [G:\GitHub\HoloPatcher.NET\src\CSharpKotor\CSharpKotor.csproj::TargetFramework=net8.0]
G:\GitHub\HoloPatcher.NET\src\CSharpKotor\Formats\NCS\KNCSDecomp\ScriptNode\AModifyExp.cs(74,29): warning CS0114: 'AModifyExp.Close()' hides inherited member 'ScriptNode.Close()'. To make the current member override that implementation, add the override keyword. Otherwise add the new keyword. [G:\GitHub\HoloPatcher.NET\src\CSharpKotor\CSharpKotor.csproj::TargetFramework=net8.0]
G:\GitHub\HoloPatcher.NET\src\CSharpKotor\Formats\NCS\KNCSDecomp\ABpCommand.cs(34,21): warning CS0114: 'ABpCommand.Apply(Switch)' hides inherited member 'Node.Apply(Switch)'. To make the current member override that implementation, add the override keyword. Otherwise add the new keyword. [G:\GitHub\HoloPatcher.NET\src\CSharpKotor\CSharpKotor.csproj::TargetFramework=net8.0]
G:\GitHub\HoloPatcher.NET\src\CSharpKotor\Formats\NCS\KNCSDecomp\ABpCommand.cs(89,33): warning CS0108: 'ABpCommand.GetType()' hides inherited member 'object.GetType()'. Use the new keyword if hiding was intended. [G:\GitHub\HoloPatcher.NET\src\CSharpKotor\CSharpKotor.csproj::TargetFramework=net8.0]
G:\GitHub\HoloPatcher.NET\src\CSharpKotor\Formats\NCS\KNCSDecomp\ScriptNode\AFcnCallExp.cs(93,29): warning CS0114: 'AFcnCallExp.Close()' hides inherited member 'ScriptNode.Close()'. To make the current member override that implementation, add the override keyword. Otherwise add the new keyword. [G:\GitHub\HoloPatcher.NET\src\CSharpKotor\CSharpKotor.csproj::TargetFramework=net8.0]
G:\GitHub\HoloPatcher.NET\src\CSharpKotor\Formats\NCS\KNCSDecomp\ScriptNode\ASub.cs(135,21): warning CS0108: 'ASub.GetType()' hides inherited member 'object.GetType()'. Use the new keyword if hiding was intended. [G:\GitHub\HoloPatcher.NET\src\CSharpKotor\CSharpKotor.csproj::TargetFramework=net8.0]
G:\GitHub\HoloPatcher.NET\src\CSharpKotor\Formats\NCS\KNCSDecomp\Node\AUnaryCommand.cs(80,33): warning CS0108: 'AUnaryCommand.GetType()' hides inherited member 'object.GetType()'. Use the new keyword if hiding was intended. [G:\GitHub\HoloPatcher.NET\src\CSharpKotor\CSharpKotor.csproj::TargetFramework=net8.0]
G:\GitHub\HoloPatcher.NET\src\CSharpKotor\Formats\NCS\KNCSDecomp\ACommandBlock.cs(53,21): warning CS0114: 'ACommandBlock.Apply(Switch)' hides inherited member 'Node.Apply(Switch)'. To make the current member override that implementation, add the override keyword. Otherwise add the new keyword. [G:\GitHub\HoloPatcher.NET\src\CSharpKotor\CSharpKotor.csproj::TargetFramework=net8.0]
G:\GitHub\HoloPatcher.NET\src\CSharpKotor\Formats\NCS\KNCSDecomp\ScriptNode\ASwitchCase.cs(30,20): warning CS0114: 'ASwitchCase.GetEnd()' hides inherited member 'ScriptRootNode.GetEnd()'. To make the current member override that implementation, add the override keyword. Otherwise add the new keyword. [G:\GitHub\HoloPatcher.NET\src\CSharpKotor\CSharpKotor.csproj::TargetFramework=net8.0]
G:\GitHub\HoloPatcher.NET\src\CSharpKotor\Formats\NCS\KNCSDecomp\Node\ADestructCommand.cs(89,33): warning CS0108: 'ADestructCommand.GetType()' hides inherited member 'object.GetType()'. Use the new keyword if hiding was intended. [G:\GitHub\HoloPatcher.NET\src\CSharpKotor\CSharpKotor.csproj::TargetFramework=net8.0]
G:\GitHub\HoloPatcher.NET\src\CSharpKotor\Formats\NCS\KNCSDecomp\ACompUnaryOp.cs(28,21): warning CS0114: 'ACompUnaryOp.Apply(Switch)' hides inherited member 'Node.Apply(Switch)'. To make the current member override that implementation, add the override keyword. Otherwise add the new keyword. [G:\GitHub\HoloPatcher.NET\src\CSharpKotor\CSharpKotor.csproj::TargetFramework=net8.0]
G:\GitHub\HoloPatcher.NET\src\CSharpKotor\Formats\NCS\KNCSDecomp\ScriptNode\AVarDecl.cs(41,27): warning CS0108: 'AVarDecl.GetType()' hides inherited member 'object.GetType()'. Use the new keyword if hiding was intended. [G:\GitHub\HoloPatcher.NET\src\CSharpKotor\CSharpKotor.csproj::TargetFramework=net8.0]
G:\GitHub\HoloPatcher.NET\src\CSharpKotor\Formats\NCS\KNCSDecomp\AConditionalJumpCommand.cs(36,21): warning CS0114: 'AConditionalJumpCommand.Apply(Switch)' hides inherited member 'Node.Apply(Switch)'. To make the current member override that implementation, add the override keyword. Otherwise add the new keyword. [G:\GitHub\HoloPatcher.NET\src\CSharpKotor\CSharpKotor.csproj::TargetFramework=net8.0]
G:\GitHub\HoloPatcher.NET\src\CSharpKotor\Formats\NCS\KNCSDecomp\AConditionalJumpCommand.cs(91,33): warning CS0108: 'AConditionalJumpCommand.GetType()' hides inherited member 'object.GetType()'. Use the new keyword if hiding was intended. [G:\GitHub\HoloPatcher.NET\src\CSharpKotor\CSharpKotor.csproj::TargetFramework=net8.0]
G:\GitHub\HoloPatcher.NET\src\CSharpKotor\Formats\NCS\KNCSDecomp\ScriptNode\AWhileLoop.cs(31,24): warning CS0114: 'AWhileLoop.GetTabs()' hides inherited member 'ScriptNode.GetTabs()'. To make the current member override that implementation, add the override keyword. Otherwise add the new keyword. [G:\GitHub\HoloPatcher.NET\src\CSharpKotor\CSharpKotor.csproj::TargetFramework=net8.0]
G:\GitHub\HoloPatcher.NET\src\CSharpKotor\Formats\NCS\KNCSDecomp\ScriptNode\AWhileLoop.cs(36,24): warning CS0114: 'AWhileLoop.GetNewline()' hides inherited member 'ScriptNode.GetNewline()'. To make the current member override that implementation, add the override keyword. Otherwise add the new keyword. [G:\GitHub\HoloPatcher.NET\src\CSharpKotor\CSharpKotor.csproj::TargetFramework=net8.0]
G:\GitHub\HoloPatcher.NET\src\CSharpKotor\Formats\NCS\KNCSDecomp\X1PSubroutine.cs(29,21): warning CS0114: 'X1PSubroutine.Apply(Switch)' hides inherited member 'Node.Apply(Switch)'. To make the current member override that implementation, add the override keyword. Otherwise add the new keyword. [G:\GitHub\HoloPatcher.NET\src\CSharpKotor\CSharpKotor.csproj::TargetFramework=net8.0]
G:\GitHub\HoloPatcher.NET\src\CSharpKotor\Formats\NCS\KNCSDecomp\ACondJumpCmd.cs(28,21): warning CS0114: 'ACondJumpCmd.Apply(Switch)' hides inherited member 'Node.Apply(Switch)'. To make the current member override that implementation, add the override keyword. Otherwise add the new keyword. [G:\GitHub\HoloPatcher.NET\src\CSharpKotor\CSharpKotor.csproj::TargetFramework=net8.0]
G:\GitHub\HoloPatcher.NET\src\CSharpKotor\Formats\NCS\KNCSDecomp\AConstCmd.cs(28,21): warning CS0114: 'AConstCmd.Apply(Switch)' hides inherited member 'Node.Apply(Switch)'. To make the current member override that implementation, add the override keyword. Otherwise add the new keyword. [G:\GitHub\HoloPatcher.NET\src\CSharpKotor\CSharpKotor.csproj::TargetFramework=net8.0]
G:\GitHub\HoloPatcher.NET\src\CSharpKotor\Formats\NCS\KNCSDecomp\X2PCmd.cs(27,21): warning CS0114: 'X2PCmd.Apply(Switch)' hides inherited member 'Node.Apply(Switch)'. To make the current member override that implementation, add the override keyword. Otherwise add the new keyword. [G:\GitHub\HoloPatcher.NET\src\CSharpKotor\CSharpKotor.csproj::TargetFramework=net8.0]
G:\GitHub\HoloPatcher.NET\src\CSharpKotor\Formats\NCS\KNCSDecomp\ScriptNode\AUnaryExp.cs(71,29): warning CS0114: 'AUnaryExp.Close()' hides inherited member 'ScriptNode.Close()'. To make the current member override that implementation, add the override keyword. Otherwise add the new keyword. [G:\GitHub\HoloPatcher.NET\src\CSharpKotor\CSharpKotor.csproj::TargetFramework=net8.0]
G:\GitHub\HoloPatcher.NET\src\CSharpKotor\Formats\NCS\KNCSDecomp\X2PSubroutine.cs(27,21): warning CS0114: 'X2PSubroutine.Apply(Switch)' hides inherited member 'Node.Apply(Switch)'. To make the current member override that implementation, add the override keyword. Otherwise add the new keyword. [G:\GitHub\HoloPatcher.NET\src\CSharpKotor\CSharpKotor.csproj::TargetFramework=net8.0]
G:\GitHub\HoloPatcher.NET\src\CSharpKotor\Formats\NCS\KNCSDecomp\AConstCommand.cs(36,21): warning CS0114: 'AConstCommand.Apply(Switch)' hides inherited member 'Node.Apply(Switch)'. To make the current member override that implementation, add the override keyword. Otherwise add the new keyword. [G:\GitHub\HoloPatcher.NET\src\CSharpKotor\CSharpKotor.csproj::TargetFramework=net8.0]
G:\GitHub\HoloPatcher.NET\src\CSharpKotor\Formats\NCS\KNCSDecomp\AConstCommand.cs(91,33): warning CS0108: 'AConstCommand.GetType()' hides inherited member 'object.GetType()'. Use the new keyword if hiding was intended. [G:\GitHub\HoloPatcher.NET\src\CSharpKotor\CSharpKotor.csproj::TargetFramework=net8.0]
G:\GitHub\HoloPatcher.NET\src\CSharpKotor\Formats\NCS\KNCSDecomp\ScriptNode\AUnaryModExp.cs(87,29): warning CS0114: 'AUnaryModExp.Close()' hides inherited member 'ScriptNode.Close()'. To make the current member override that implementation, add the override keyword. Otherwise add the new keyword. [G:\GitHub\HoloPatcher.NET\src\CSharpKotor\CSharpKotor.csproj::TargetFramework=net8.0]
G:\GitHub\HoloPatcher.NET\src\CSharpKotor\Formats\NCS\KNCSDecomp\Settings.cs(19,29): warning CS0108: 'Settings.Load()' hides inherited member 'Properties.Load()'. Use the new keyword if hiding was intended. [G:\GitHub\HoloPatcher.NET\src\CSharpKotor\CSharpKotor.csproj::TargetFramework=net8.0]
G:\GitHub\HoloPatcher.NET\src\CSharpKotor\Formats\NCS\KNCSDecomp\Settings.cs(44,29): warning CS0108: 'Settings.Save()' hides inherited member 'Properties.Save()'. Use the new keyword if hiding was intended. [G:\GitHub\HoloPatcher.NET\src\CSharpKotor\CSharpKotor.csproj::TargetFramework=net8.0]
G:\GitHub\HoloPatcher.NET\src\CSharpKotor\Formats\NCS\KNCSDecomp\Settings.cs(59,29): warning CS0108: 'Settings.Reset()' hides inherited member 'Properties.Reset()'. Use the new keyword if hiding was intended. [G:\GitHub\HoloPatcher.NET\src\CSharpKotor\CSharpKotor.csproj::TargetFramework=net8.0]
G:\GitHub\HoloPatcher.NET\src\CSharpKotor\Formats\NCS\KNCSDecomp\AActionCommand.cs(38,21): warning CS0114: 'AActionCommand.Apply(Switch)' hides inherited member 'Node.Apply(Switch)'. To make the current member override that implementation, add the override keyword. Otherwise add the new keyword. [G:\GitHub\HoloPatcher.NET\src\CSharpKotor\CSharpKotor.csproj::TargetFramework=net8.0]
G:\GitHub\HoloPatcher.NET\src\CSharpKotor\Formats\NCS\KNCSDecomp\AActionCommand.cs(93,33): warning CS0108: 'AActionCommand.GetType()' hides inherited member 'object.GetType()'. Use the new keyword if hiding was intended. [G:\GitHub\HoloPatcher.NET\src\CSharpKotor\CSharpKotor.csproj::TargetFramework=net8.0]
G:\GitHub\HoloPatcher.NET\src\CSharpKotor\Formats\NCS\KNCSDecomp\SubScriptState.cs(136,31): warning CS0114: 'SubScriptState.ToString()' hides inherited member 'object.ToString()'. To make the current member override that implementation, add the override keyword. Otherwise add the new keyword. [G:\GitHub\HoloPatcher.NET\src\CSharpKotor\CSharpKotor.csproj::TargetFramework=net8.0]
G:\GitHub\HoloPatcher.NET\src\CSharpKotor\Formats\NCS\KNCSDecomp\StackEntry.cs(28,32): warning CS0114: 'StackEntry.ToString()' hides inherited member 'object.ToString()'. To make the current member override that implementation, add the override keyword. Otherwise add the new keyword. [G:\GitHub\HoloPatcher.NET\src\CSharpKotor\CSharpKotor.csproj::TargetFramework=net8.0]
G:\GitHub\HoloPatcher.NET\src\CSharpKotor\Formats\NCS\KNCSDecomp\ActionsData.cs(29,45): warning CS0168: The variable 'ex' is declared but never used [G:\GitHub\HoloPatcher.NET\src\CSharpKotor\CSharpKotor.csproj::TargetFramework=net8.0]
G:\GitHub\HoloPatcher.NET\src\CSharpKotor\Formats\NCS\KNCSDecomp\Const.cs(43,21): warning CS0162: Unreachable code detected [G:\GitHub\HoloPatcher.NET\src\CSharpKotor\CSharpKotor.csproj::TargetFramework=net8.0]
G:\GitHub\HoloPatcher.NET\src\CSharpKotor\Formats\NCS\KNCSDecomp\SubScriptState.cs(219,17): warning CS0652: Comparison to integral constant is useless; the constant is outside the range of type 'byte' [G:\GitHub\HoloPatcher.NET\src\CSharpKotor\CSharpKotor.csproj::TargetFramework=net8.0]
G:\GitHub\HoloPatcher.NET\src\CSharpKotor\Formats\NCS\KNCSDecomp\SubScriptState.cs(395,30): warning CS0168: The variable 'e' is declared but never used [G:\GitHub\HoloPatcher.NET\src\CSharpKotor\CSharpKotor.csproj::TargetFramework=net8.0]
G:\GitHub\HoloPatcher.NET\src\CSharpKotor\Formats\NCS\KNCSDecomp\LocalTypeStack.cs(88,32): error CS1503: Argument 1: cannot convert from 'System.Collections.Generic.LinkedList<object>' to 'CSharpKOTOR.Formats.NCS.KNCSDecomp.LinkedList' [G:\GitHub\HoloPatcher.NET\src\CSharpKotor\CSharpKotor.csproj::TargetFramework=net8.0]
G:\GitHub\HoloPatcher.NET\src\CSharpKotor\Formats\NCS\KNCSDecomp\FileDecompiler.cs(246,34): warning CS0168: The variable 'ex' is declared but never used [G:\GitHub\HoloPatcher.NET\src\CSharpKotor\CSharpKotor.csproj::TargetFramework=net8.0]
G:\GitHub\HoloPatcher.NET\src\CSharpKotor\Formats\NCS\KNCSDecomp\FileDecompiler.cs(265,30): warning CS0168: The variable 'e' is declared but never used [G:\GitHub\HoloPatcher.NET\src\CSharpKotor\CSharpKotor.csproj::TargetFramework=net8.0]
G:\GitHub\HoloPatcher.NET\src\CSharpKotor\Formats\NCS\KNCSDecomp\FileDecompiler.cs(289,34): warning CS0168: The variable 'ex' is declared but never used [G:\GitHub\HoloPatcher.NET\src\CSharpKotor\CSharpKotor.csproj::TargetFramework=net8.0]
G:\GitHub\HoloPatcher.NET\src\CSharpKotor\Formats\NCS\KNCSDecomp\LocalVarStack.cs(127,32): error CS0266: Cannot implicitly convert type 'object' to 'CSharpKOTOR.Formats.NCS.KNCSDecomp.Stack.StackEntry'. An explicit conversion exists (are you missing a cast?) [G:\GitHub\HoloPatcher.NET\src\CSharpKotor\CSharpKotor.csproj::TargetFramework=net8.0]
G:\GitHub\HoloPatcher.NET\src\CSharpKotor\Formats\NCS\KNCSDecomp\LocalVarStack.cs(140,32): error CS0266: Cannot implicitly convert type 'object' to 'CSharpKOTOR.Formats.NCS.KNCSDecomp.Stack.Variable'. An explicit conversion exists (are you missing a cast?) [G:\GitHub\HoloPatcher.NET\src\CSharpKotor\CSharpKotor.csproj::TargetFramework=net8.0]
G:\GitHub\HoloPatcher.NET\src\CSharpKotor\Formats\NCS\KNCSDecomp\FileDecompiler.cs(332,34): warning CS0168: The variable 'ex' is declared but never used [G:\GitHub\HoloPatcher.NET\src\CSharpKotor\CSharpKotor.csproj::TargetFramework=net8.0]
G:\GitHub\HoloPatcher.NET\src\CSharpKotor\Formats\NCS\KNCSDecomp\NameGenerator.cs(315,33): warning CS0162: Unreachable code detected [G:\GitHub\HoloPatcher.NET\src\CSharpKotor\CSharpKotor.csproj::TargetFramework=net8.0]
G:\GitHub\HoloPatcher.NET\src\CSharpKotor\Formats\NCS\KNCSDecomp\NameGenerator.cs(430,37): warning CS0162: Unreachable code detected [G:\GitHub\HoloPatcher.NET\src\CSharpKotor\CSharpKotor.csproj::TargetFramework=net8.0]
G:\GitHub\HoloPatcher.NET\src\CSharpKotor\Formats\NCS\KNCSDecomp\FileDecompiler.cs(363,34): warning CS0168: The variable 'ex' is declared but never used [G:\GitHub\HoloPatcher.NET\src\CSharpKotor\CSharpKotor.csproj::TargetFramework=net8.0]
G:\GitHub\HoloPatcher.NET\src\CSharpKotor\Formats\NCS\KNCSDecomp\FileDecompiler.cs(372,30): warning CS0168: The variable 'ex2' is declared but never used [G:\GitHub\HoloPatcher.NET\src\CSharpKotor\CSharpKotor.csproj::TargetFramework=net8.0]
G:\GitHub\HoloPatcher.NET\src\CSharpKotor\Formats\NCS\KNCSDecomp\LocalVarStack.cs(198,36): error CS0266: Cannot implicitly convert type 'object' to 'CSharpKOTOR.Formats.NCS.KNCSDecomp.Stack.StackEntry'. An explicit conversion exists (are you missing a cast?) [G:\GitHub\HoloPatcher.NET\src\CSharpKotor\CSharpKotor.csproj::TargetFramework=net8.0]
G:\GitHub\HoloPatcher.NET\src\CSharpKotor\Formats\NCS\KNCSDecomp\LocalVarStack.cs(208,61): error CS1061: 'LinkedList' does not contain a definition for 'Clone' and no accessible extension method 'Clone' accepting a first argument of type 'LinkedList' could be found (are you missing a using directive or an assembly reference?) [G:\GitHub\HoloPatcher.NET\src\CSharpKotor\CSharpKotor.csproj::TargetFramework=net8.0]
G:\GitHub\HoloPatcher.NET\src\CSharpKotor\Formats\NCS\KNCSDecomp\FileDecompiler.cs(565,34): warning CS0168: The variable 'ex' is declared but never used [G:\GitHub\HoloPatcher.NET\src\CSharpKotor\CSharpKotor.csproj::TargetFramework=net8.0]
G:\GitHub\HoloPatcher.NET\src\CSharpKotor\Formats\NCS\KNCSDecomp\MainPass.cs(205,27): warning CS0219: The variable 'type2' is assigned but its value is never used [G:\GitHub\HoloPatcher.NET\src\CSharpKotor\CSharpKotor.csproj::TargetFramework=net8.0]
G:\GitHub\HoloPatcher.NET\src\CSharpKotor\Formats\NCS\KNCSDecomp\Type.cs(89,20): warning CS0652: Comparison to integral constant is useless; the constant is outside the range of type 'byte' [G:\GitHub\HoloPatcher.NET\src\CSharpKotor\CSharpKotor.csproj::TargetFramework=net8.0]
G:\GitHub\HoloPatcher.NET\src\CSharpKotor\Formats\NCS\KNCSDecomp\Parser.cs(116,34): warning CS0168: The variable 'ex' is declared but never used [G:\GitHub\HoloPatcher.NET\src\CSharpKotor\CSharpKotor.csproj::TargetFramework=net8.0]
G:\GitHub\HoloPatcher.NET\src\CSharpKotor\Formats\NCS\KNCSDecomp\Decoder.cs(286,29): warning CS0162: Unreachable code detected [G:\GitHub\HoloPatcher.NET\src\CSharpKotor\CSharpKotor.csproj::TargetFramework=net8.0]
G:\GitHub\HoloPatcher.NET\src\CSharpKotor\Formats\NCS\KNCSDecomp\Decoder.cs(118,9): warning CS0164: This label has not been referenced [G:\GitHub\HoloPatcher.NET\src\CSharpKotor\CSharpKotor.csproj::TargetFramework=net8.0]
G:\GitHub\HoloPatcher.NET\src\CSharpKotor\Formats\NCS\KNCSDecomp\Decoder.cs(205,62): warning CS0168: The variable 'e' is declared but never used [G:\GitHub\HoloPatcher.NET\src\CSharpKotor\CSharpKotor.csproj::TargetFramework=net8.0]
G:\GitHub\HoloPatcher.NET\src\CSharpKotor\Formats\NCS\KNCSDecomp\MainPass.cs(279,26): warning CS0219: The variable 'var' is assigned but its value is never used [G:\GitHub\HoloPatcher.NET\src\CSharpKotor\CSharpKotor.csproj::TargetFramework=net8.0]
G:\GitHub\HoloPatcher.NET\src\CSharpKotor\Formats\NCS\KNCSDecomp\SubScriptState.cs(933,104): error CS0030: Cannot convert type 'CSharpKOTOR.Formats.NCS.KNCSDecomp.Scriptnode.ScriptNode' to 'CSharpKOTOR.Formats.NCS.KNCSDecomp.ScriptNode.AVarRef' [G:\GitHub\HoloPatcher.NET\src\CSharpKotor\CSharpKotor.csproj::TargetFramework=net8.0]
G:\GitHub\HoloPatcher.NET\src\CSharpKotor\Formats\NCS\KNCSDecomp\StructType.cs(180,17): warning CS1718: Comparison made to same variable; did you mean to compare something else? [G:\GitHub\HoloPatcher.NET\src\CSharpKotor\CSharpKotor.csproj::TargetFramework=net8.0]
G:\GitHub\HoloPatcher.NET\src\CSharpKotor\Formats\NCS\KNCSDecomp\Decoder.cs(331,17): warning CS0675: Bitwise-or operator used on a sign-extended operand; consider casting to a smaller unsigned type first [G:\GitHub\HoloPatcher.NET\src\CSharpKotor\CSharpKotor.csproj::TargetFramework=net8.0]
G:\GitHub\HoloPatcher.NET\src\CSharpKotor\Formats\NCS\KNCSDecomp\Type.cs(236,21): warning CS0162: Unreachable code detected [G:\GitHub\HoloPatcher.NET\src\CSharpKotor\CSharpKotor.csproj::TargetFramework=net8.0]
G:\GitHub\HoloPatcher.NET\src\CSharpKotor\Formats\NCS\KNCSDecomp\MainPass.cs(325,28): warning CS0219: The variable 'entry' is assigned but its value is never used [G:\GitHub\HoloPatcher.NET\src\CSharpKotor\CSharpKotor.csproj::TargetFramework=net8.0]
G:\GitHub\HoloPatcher.NET\src\CSharpKotor\Formats\NCS\KNCSDecomp\NodeUtils.cs(404,21): warning CS0162: Unreachable code detected [G:\GitHub\HoloPatcher.NET\src\CSharpKotor\CSharpKotor.csproj::TargetFramework=net8.0]
G:\GitHub\HoloPatcher.NET\src\CSharpKotor\Formats\NCS\KNCSDecomp\Lexer.cs(77,34): warning CS0168: The variable 'ex' is declared but never used [G:\GitHub\HoloPatcher.NET\src\CSharpKotor\CSharpKotor.csproj::TargetFramework=net8.0]
G:\GitHub\HoloPatcher.NET\src\CSharpKotor\Formats\NCS\KNCSDecomp\Variable.cs(115,17): warning CS0472: The result of the expression is always 'false' since a value of type 'int' is never equal to 'null' of type 'int?' [G:\GitHub\HoloPatcher.NET\src\CSharpKotor\CSharpKotor.csproj::TargetFramework=net8.0]
G:\GitHub\HoloPatcher.NET\src\CSharpKotor\Formats\NCS\KNCSDecomp\SubroutineState.cs(232,20): error CS0029: Cannot implicitly convert type 'System.Collections.Generic.List<CSharpKOTOR.Formats.NCS.KNCSDecomp.Utils.Type>' to 'System.Collections.Generic.List<object>' [G:\GitHub\HoloPatcher.NET\src\CSharpKotor\CSharpKotor.csproj::TargetFramework=net8.0]
G:\GitHub\HoloPatcher.NET\src\CSharpKotor\Formats\NCS\KNCSDecomp\Variable.cs(128,17): warning CS0472: The result of the expression is always 'false' since a value of type 'int' is never equal to 'null' of type 'int?' [G:\GitHub\HoloPatcher.NET\src\CSharpKotor\CSharpKotor.csproj::TargetFramework=net8.0]
G:\GitHub\HoloPatcher.NET\src\CSharpKotor\Formats\NCS\KNCSDecomp\Decoder.cs(695,21): warning CS0162: Unreachable code detected [G:\GitHub\HoloPatcher.NET\src\CSharpKotor\CSharpKotor.csproj::TargetFramework=net8.0]
G:\GitHub\HoloPatcher.NET\src\CSharpKotor\Formats\NCS\KNCSDecomp\Variable.cs(141,20): warning CS0472: The result of the expression is always 'false' since a value of type 'int' is never equal to 'null' of type 'int?' [G:\GitHub\HoloPatcher.NET\src\CSharpKotor\CSharpKotor.csproj::TargetFramework=net8.0]
G:\GitHub\HoloPatcher.NET\src\CSharpKotor\Formats\NCS\KNCSDecomp\Variable.cs(147,20): warning CS0472: The result of the expression is always 'true' since a value of type 'int' is never equal to 'null' of type 'int?' [G:\GitHub\HoloPatcher.NET\src\CSharpKotor\CSharpKotor.csproj::TargetFramework=net8.0]
G:\GitHub\HoloPatcher.NET\src\CSharpKotor\Formats\NCS\KNCSDecomp\MainPass.cs(439,26): warning CS0219: The variable 'var' is assigned but its value is never used [G:\GitHub\HoloPatcher.NET\src\CSharpKotor\CSharpKotor.csproj::TargetFramework=net8.0]
G:\GitHub\HoloPatcher.NET\src\CSharpKotor\Formats\NCS\KNCSDecomp\SubroutineState.cs(350,22): warning CS0219: The variable 'paramvar' is assigned but its value is never used [G:\GitHub\HoloPatcher.NET\src\CSharpKotor\CSharpKotor.csproj::TargetFramework=net8.0]
G:\GitHub\HoloPatcher.NET\src\CSharpKotor\Formats\NCS\KNCSDecomp\Variable.cs(254,17): warning CS0472: The result of the expression is always 'true' since a value of type 'int' is never equal to 'null' of type 'int?' [G:\GitHub\HoloPatcher.NET\src\CSharpKotor\CSharpKotor.csproj::TargetFramework=net8.0]
G:\GitHub\HoloPatcher.NET\src\CSharpKotor\Formats\NCS\KNCSDecomp\SubScriptState.cs(1217,83): error CS0030: Cannot convert type 'CSharpKOTOR.Formats.NCS.KNCSDecomp.Scriptnode.ScriptNode' to 'CSharpKOTOR.Formats.NCS.KNCSDecomp.ScriptNode.AVarRef' [G:\GitHub\HoloPatcher.NET\src\CSharpKotor\CSharpKotor.csproj::TargetFramework=net8.0]
G:\GitHub\HoloPatcher.NET\src\CSharpKotor\Formats\NCS\KNCSDecomp\SubScriptState.cs(1217,123): error CS0030: Cannot convert type 'CSharpKOTOR.Formats.NCS.KNCSDecomp.Scriptnode.ScriptNode' to 'CSharpKOTOR.Formats.NCS.KNCSDecomp.ScriptNode.AVarRef' [G:\GitHub\HoloPatcher.NET\src\CSharpKotor\CSharpKotor.csproj::TargetFramework=net8.0]
G:\GitHub\HoloPatcher.NET\src\CSharpKotor\Formats\NCS\KNCSDecomp\SubScriptState.cs(1220,83): error CS0030: Cannot convert type 'CSharpKOTOR.Formats.NCS.KNCSDecomp.Scriptnode.ScriptNode' to 'CSharpKOTOR.Formats.NCS.KNCSDecomp.ScriptNode.AVarRef' [G:\GitHub\HoloPatcher.NET\src\CSharpKotor\CSharpKotor.csproj::TargetFramework=net8.0]
G:\GitHub\HoloPatcher.NET\src\CSharpKotor\Formats\NCS\KNCSDecomp\SubScriptState.cs(1225,80): error CS0030: Cannot convert type 'CSharpKOTOR.Formats.NCS.KNCSDecomp.Scriptnode.ScriptNode' to 'CSharpKOTOR.Formats.NCS.KNCSDecomp.ScriptNode.AVarRef' [G:\GitHub\HoloPatcher.NET\src\CSharpKotor\CSharpKotor.csproj::TargetFramework=net8.0]
G:\GitHub\HoloPatcher.NET\src\CSharpKotor\Formats\NCS\KNCSDecomp\Lexer.cs(160,29): warning CS0162: Unreachable code detected [G:\GitHub\HoloPatcher.NET\src\CSharpKotor\CSharpKotor.csproj::TargetFramework=net8.0]
G:\GitHub\HoloPatcher.NET\src\CSharpKotor\Formats\NCS\KNCSDecomp\Lexer.cs(697,29): warning CS0162: Unreachable code detected [G:\GitHub\HoloPatcher.NET\src\CSharpKotor\CSharpKotor.csproj::TargetFramework=net8.0]
G:\GitHub\HoloPatcher.NET\src\CSharpKotor\Formats\NCS\KNCSDecomp\Type.cs(379,21): warning CS0162: Unreachable code detected [G:\GitHub\HoloPatcher.NET\src\CSharpKotor\CSharpKotor.csproj::TargetFramework=net8.0]
G:\GitHub\HoloPatcher.NET\src\CSharpKotor\Formats\NCS\KNCSDecomp\DoTypes.cs(249,17): error CS0104: 'Type' is an ambiguous reference between 'CSharpKOTOR.Formats.NCS.KNCSDecomp.Utils.Type' and 'System.Type' [G:\GitHub\HoloPatcher.NET\src\CSharpKotor\CSharpKotor.csproj::TargetFramework=net8.0]
G:\GitHub\HoloPatcher.NET\src\CSharpKotor\Formats\NCS\KNCSDecomp\DoTypes.cs(265,38): error CS0104: 'Type' is an ambiguous reference between 'CSharpKOTOR.Formats.NCS.KNCSDecomp.Utils.Type' and 'System.Type' [G:\GitHub\HoloPatcher.NET\src\CSharpKotor\CSharpKotor.csproj::TargetFramework=net8.0]
G:\GitHub\HoloPatcher.NET\src\CSharpKotor\Formats\NCS\KNCSDecomp\DoTypes.cs(280,38): error CS0104: 'Type' is an ambiguous reference between 'CSharpKOTOR.Formats.NCS.KNCSDecomp.Utils.Type' and 'System.Type' [G:\GitHub\HoloPatcher.NET\src\CSharpKotor\CSharpKotor.csproj::TargetFramework=net8.0]
G:\GitHub\HoloPatcher.NET\src\CSharpKotor\Formats\NCS\KNCSDecomp\FileDecompiler.cs(697,32): error CS1061: 'BinaryReader' does not contain a definition for 'Mark' and no accessible extension method 'Mark' accepting a first argument of type 'BinaryReader' could be found (are you missing a using directive or an assembly reference?) [G:\GitHub\HoloPatcher.NET\src\CSharpKotor\CSharpKotor.csproj::TargetFramework=net8.0]
G:\GitHub\HoloPatcher.NET\src\CSharpKotor\Formats\NCS\KNCSDecomp\FileDecompiler.cs(700,32): error CS1061: 'BinaryReader' does not contain a definition for 'Reset' and no accessible extension method 'Reset' accepting a first argument of type 'BinaryReader' could be found (are you missing a using directive or an assembly reference?) [G:\GitHub\HoloPatcher.NET\src\CSharpKotor\CSharpKotor.csproj::TargetFramework=net8.0]
G:\GitHub\HoloPatcher.NET\src\CSharpKotor\Formats\NCS\KNCSDecomp\FileDecompiler.cs(706,40): error CS0029: Cannot implicitly convert type 'int[]' to 'byte[]' [G:\GitHub\HoloPatcher.NET\src\CSharpKotor\CSharpKotor.csproj::TargetFramework=net8.0]
G:\GitHub\HoloPatcher.NET\src\CSharpKotor\Formats\NCS\KNCSDecomp\FileDecompiler.cs(761,73): error CS1503: Argument 1: cannot convert from 'System.IO.BinaryReader' to 'System.IO.Stream' [G:\GitHub\HoloPatcher.NET\src\CSharpKotor\CSharpKotor.csproj::TargetFramework=net8.0]
G:\GitHub\HoloPatcher.NET\src\CSharpKotor\Formats\NCS\KNCSDecomp\FileDecompiler.cs(764,65): error CS0246: The type or namespace name 'ByteArrayInputStream' could not be found (are you missing a using directive or an assembly reference?) [G:\GitHub\HoloPatcher.NET\src\CSharpKotor\CSharpKotor.csproj::TargetFramework=net8.0]
G:\GitHub\HoloPatcher.NET\src\CSharpKotor\Formats\NCS\KNCSDecomp\FileDecompiler.cs(775,27): error CS0118: 'Parser' is a namespace but is used like a type [G:\GitHub\HoloPatcher.NET\src\CSharpKotor\CSharpKotor.csproj::TargetFramework=net8.0]
G:\GitHub\HoloPatcher.NET\src\CSharpKotor\Formats\NCS\KNCSDecomp\FileDecompiler.cs(775,38): error CS0118: 'Lexer' is a namespace but is used like a type [G:\GitHub\HoloPatcher.NET\src\CSharpKotor\CSharpKotor.csproj::TargetFramework=net8.0]
G:\GitHub\HoloPatcher.NET\src\CSharpKotor\Formats\NCS\KNCSDecomp\FileDecompiler.cs(775,48): error CS1729: 'PushbackReader' does not contain a constructor that takes 2 arguments [G:\GitHub\HoloPatcher.NET\src\CSharpKotor\CSharpKotor.csproj::TargetFramework=net8.0]
G:\GitHub\HoloPatcher.NET\src\CSharpKotor\Formats\NCS\KNCSDecomp\FileDecompiler.cs(852,46): error CS1061: 'SubroutineAnalysisData' does not contain a definition for 'countSubsDone' and no accessible extension method 'countSubsDone' accepting a first argument of type 'SubroutineAnalysisData' could be found (are you missing a using directive or an assembly reference?) [G:\GitHub\HoloPatcher.NET\src\CSharpKotor\CSharpKotor.csproj::TargetFramework=net8.0]
G:\GitHub\HoloPatcher.NET\src\CSharpKotor\Formats\NCS\KNCSDecomp\FileDecompiler.cs(991,34): error CS1061: 'SubroutineAnalysisData' does not contain a definition for 'Dispose' and no accessible extension method 'Dispose' accepting a first argument of type 'SubroutineAnalysisData' could be found (are you missing a using directive or an assembly reference?) [G:\GitHub\HoloPatcher.NET\src\CSharpKotor\CSharpKotor.csproj::TargetFramework=net8.0]
G:\GitHub\HoloPatcher.NET\src\CSharpKotor\Formats\NCS\KNCSDecomp\FileDecompiler.cs(1181,58): error CS0122: 'FileDecompiler.WindowsExec.StreamGobbler.StreamGobbler(Stream, string)' is inaccessible due to its protection level [G:\GitHub\HoloPatcher.NET\src\CSharpKotor\CSharpKotor.csproj::TargetFramework=net8.0]
G:\GitHub\HoloPatcher.NET\src\CSharpKotor\Formats\NCS\KNCSDecomp\FileDecompiler.cs(1182,59): error CS0122: 'FileDecompiler.WindowsExec.StreamGobbler.StreamGobbler(Stream, string)' is inaccessible due to its protection level [G:\GitHub\HoloPatcher.NET\src\CSharpKotor\CSharpKotor.csproj::TargetFramework=net8.0]
G:\GitHub\HoloPatcher.NET\src\CSharpKotor\Formats\NCS\KNCSDecomp\SubScriptState.cs(1561,35): error CS0234: The type or namespace name 'AVarRef' does not exist in the namespace 'CSharpKOTOR.Formats.NCS.KNCSDecomp.Scriptnode' (are you missing an assembly reference?) [G:\GitHub\HoloPatcher.NET\src\CSharpKotor\CSharpKotor.csproj::TargetFramework=net8.0]
G:\GitHub\HoloPatcher.NET\src\CSharpKotor\Formats\NCS\KNCSDecomp\FileDecompiler.cs(1064,26): error CS1061: 'Dictionary<object, object>' does not contain a definition for 'Put' and no accessible extension method 'Put' accepting a first argument of type 'Dictionary<object, object>' could be found (are you missing a using directive or an assembly reference?) [G:\GitHub\HoloPatcher.NET\src\CSharpKotor\CSharpKotor.csproj::TargetFramework=net8.0]
G:\GitHub\HoloPatcher.NET\src\CSharpKotor\Formats\NCS\KNCSDecomp\FileDecompiler.cs(1069,26): error CS1061: 'Dictionary<object, object>' does not contain a definition for 'Put' and no accessible extension method 'Put' accepting a first argument of type 'Dictionary<object, object>' could be found (are you missing a using directive or an assembly reference?) [G:\GitHub\HoloPatcher.NET\src\CSharpKotor\CSharpKotor.csproj::TargetFramework=net8.0]
G:\GitHub\HoloPatcher.NET\src\CSharpKotor\Formats\NCS\KNCSDecomp\FileDecompiler.cs(1115,35): error CS0136: A local or parameter named 'protobuff' cannot be declared in this scope because that name is used in an enclosing local scope to define a local or parameter [G:\GitHub\HoloPatcher.NET\src\CSharpKotor\CSharpKotor.csproj::TargetFramework=net8.0]
G:\GitHub\HoloPatcher.NET\src\CSharpKotor\Formats\NCS\KNCSDecomp\FileDecompiler.cs(1116,35): error CS0136: A local or parameter named 'fcnbuff' cannot be declared in this scope because that name is used in an enclosing local scope to define a local or parameter [G:\GitHub\HoloPatcher.NET\src\CSharpKotor\CSharpKotor.csproj::TargetFramework=net8.0]
G:\GitHub\HoloPatcher.NET\src\CSharpKotor\Formats\NCS\KNCSDecomp\FileDecompiler.cs(1119,40): error CS0136: A local or parameter named 'state' cannot be declared in this scope because that name is used in an enclosing local scope to define a local or parameter [G:\GitHub\HoloPatcher.NET\src\CSharpKotor\CSharpKotor.csproj::TargetFramework=net8.0]
G:\GitHub\HoloPatcher.NET\src\CSharpKotor\Formats\NCS\KNCSDecomp\FileDecompiler.cs(1128,40): error CS1729: 'string' does not contain a constructor that takes 0 arguments [G:\GitHub\HoloPatcher.NET\src\CSharpKotor\CSharpKotor.csproj::TargetFramework=net8.0]
G:\GitHub\HoloPatcher.NET\src\CSharpKotor\Formats\NCS\KNCSDecomp\FileDecompiler.cs(1134,43): error CS1729: 'string' does not contain a constructor that takes 0 arguments [G:\GitHub\HoloPatcher.NET\src\CSharpKotor\CSharpKotor.csproj::TargetFramework=net8.0]
G:\GitHub\HoloPatcher.NET\src\CSharpKotor\Formats\NCS\KNCSDecomp\FileDecompiler.cs(1145,35): error CS0136: A local or parameter named 'protobuff' cannot be declared in this scope because that name is used in an enclosing local scope to define a local or parameter [G:\GitHub\HoloPatcher.NET\src\CSharpKotor\CSharpKotor.csproj::TargetFramework=net8.0]
G:\GitHub\HoloPatcher.NET\src\CSharpKotor\Formats\NCS\KNCSDecomp\FileDecompiler.cs(1146,35): error CS0136: A local or parameter named 'fcnbuff' cannot be declared in this scope because that name is used in an enclosing local scope to define a local or parameter [G:\GitHub\HoloPatcher.NET\src\CSharpKotor\CSharpKotor.csproj::TargetFramework=net8.0]
G:\GitHub\HoloPatcher.NET\src\CSharpKotor\Formats\NCS\KNCSDecomp\FileDecompiler.cs(1147,41): error CS0136: A local or parameter named 'it' cannot be declared in this scope because that name is used in an enclosing local scope to define a local or parameter [G:\GitHub\HoloPatcher.NET\src\CSharpKotor\CSharpKotor.csproj::TargetFramework=net8.0]
G:\GitHub\HoloPatcher.NET\src\CSharpKotor\Formats\NCS\KNCSDecomp\FileDecompiler.cs(1148,36): error CS0136: A local or parameter named 'state' cannot be declared in this scope because that name is used in an enclosing local scope to define a local or parameter [G:\GitHub\HoloPatcher.NET\src\CSharpKotor\CSharpKotor.csproj::TargetFramework=net8.0]
G:\GitHub\HoloPatcher.NET\src\CSharpKotor\Formats\NCS\KNCSDecomp\FileDecompiler.cs(1145,35): warning CS0219: The variable 'protobuff' is assigned but its value is never used [G:\GitHub\HoloPatcher.NET\src\CSharpKotor\CSharpKotor.csproj::TargetFramework=net8.0]
G:\GitHub\HoloPatcher.NET\src\CSharpKotor\Formats\NCS\KNCSDecomp\FileDecompiler.cs(1146,35): warning CS0219: The variable 'fcnbuff' is assigned but its value is never used [G:\GitHub\HoloPatcher.NET\src\CSharpKotor\CSharpKotor.csproj::TargetFramework=net8.0]
G:\GitHub\HoloPatcher.NET\src\CSharpKotor\Formats\NCS\KNCSDecomp\FileDecompiler.cs(1147,41): warning CS0219: The variable 'it' is assigned but its value is never used [G:\GitHub\HoloPatcher.NET\src\CSharpKotor\CSharpKotor.csproj::TargetFramework=net8.0]
G:\GitHub\HoloPatcher.NET\src\CSharpKotor\Formats\NCS\KNCSDecomp\FileDecompiler.cs(1148,36): warning CS0219: The variable 'state' is assigned but its value is never used [G:\GitHub\HoloPatcher.NET\src\CSharpKotor\CSharpKotor.csproj::TargetFramework=net8.0]
G:\GitHub\HoloPatcher.NET\src\CSharpKotor\Formats\NCS\KNCSDecomp\FileDecompiler.cs(1151,31): warning CS0219: The variable 'protobuff' is assigned but its value is never used [G:\GitHub\HoloPatcher.NET\src\CSharpKotor\CSharpKotor.csproj::TargetFramework=net8.0]
G:\GitHub\HoloPatcher.NET\src\CSharpKotor\Formats\NCS\KNCSDecomp\FileDecompiler.cs(1152,31): warning CS0219: The variable 'fcnbuff' is assigned but its value is never used [G:\GitHub\HoloPatcher.NET\src\CSharpKotor\CSharpKotor.csproj::TargetFramework=net8.0]
G:\GitHub\HoloPatcher.NET\src\CSharpKotor\Formats\NCS\KNCSDecomp\FileDecompiler.cs(1153,37): warning CS0219: The variable 'it' is assigned but its value is never used [G:\GitHub\HoloPatcher.NET\src\CSharpKotor\CSharpKotor.csproj::TargetFramework=net8.0]
G:\GitHub\HoloPatcher.NET\src\CSharpKotor\Formats\NCS\KNCSDecomp\FileDecompiler.cs(1154,32): warning CS0219: The variable 'state' is assigned but its value is never used [G:\GitHub\HoloPatcher.NET\src\CSharpKotor\CSharpKotor.csproj::TargetFramework=net8.0]
G:\GitHub\HoloPatcher.NET\src\CSharpKotor\Formats\NCS\KNCSDecomp\PcodeReader.cs(661,30): warning CS0168: The variable 'e' is declared but never used [G:\GitHub\HoloPatcher.NET\src\CSharpKotor\CSharpKotor.csproj::TargetFramework=net8.0]
G:\GitHub\HoloPatcher.NET\src\CSharpKotor\Formats\NCS\KNCSDecomp\DoTypes.cs(523,61): error CS1061: 'Type' does not contain a definition for 'Count' and no accessible extension method 'Count' accepting a first argument of type 'Type' could be found (are you missing a using directive or an assembly reference?) [G:\GitHub\HoloPatcher.NET\src\CSharpKotor\CSharpKotor.csproj::TargetFramework=net8.0]
G:\GitHub\HoloPatcher.NET\src\CSharpKotor\Formats\NCS\KNCSDecomp\DoTypes.cs(525,70): error CS1061: 'Type' does not contain a definition for 'Count' and no accessible extension method 'Count' accepting a first argument of type 'Type' could be found (are you missing a using directive or an assembly reference?) [G:\GitHub\HoloPatcher.NET\src\CSharpKotor\CSharpKotor.csproj::TargetFramework=net8.0]
G:\GitHub\HoloPatcher.NET\src\CSharpKotor\Formats\NCS\KNCSDecomp\DoTypes.cs(527,81): error CS1061: 'Type' does not contain a definition for 'Count' and no accessible extension method 'Count' accepting a first argument of type 'Type' could be found (are you missing a using directive or an assembly reference?) [G:\GitHub\HoloPatcher.NET\src\CSharpKotor\CSharpKotor.csproj::TargetFramework=net8.0]
G:\GitHub\HoloPatcher.NET\src\CSharpKotor\Formats\NCS\KNCSDecomp\Utils\SubroutineAnalysisData.cs(21,22): warning CS0169: The field 'SubroutineAnalysisData.result' is never used [G:\GitHub\HoloPatcher.NET\src\CSharpKotor\CSharpKotor.csproj::TargetFramework=net8.0]
G:\GitHub\HoloPatcher.NET\src\CSharpKotor\Formats\NCS\KNCSDecomp\SetDestinations.cs(21,22): warning CS0169: The field 'SetDestinations.deadcode' is never used [G:\GitHub\HoloPatcher.NET\src\CSharpKotor\CSharpKotor.csproj::TargetFramework=net8.0]
G:\GitHub\HoloPatcher.NET\src\CSharpKotor\Formats\NCS\KNCSDecomp\Utils\FileScriptData.cs(14,21): warning CS0169: The field 'FileScriptData.status' is never used [G:\GitHub\HoloPatcher.NET\src\CSharpKotor\CSharpKotor.csproj::TargetFramework=net8.0]
G:\GitHub\HoloPatcher.NET\src\CSharpKotor\Formats\NCS\KNCSDecomp\SetDestinations.cs(128,26): warning CS0649: Field 'SetDestinations.AnonymousPrunedDepthFirstAdapter.destination' is never assigned to, and will always have its default value null [G:\GitHub\HoloPatcher.NET\src\CSharpKotor\CSharpKotor.csproj::TargetFramework=net8.0]
G:\GitHub\HoloPatcher.NET\src\CSharpKotor\Formats\NCS\KNCSDecomp\Decoder.cs(20,37): warning CS0414: The field 'Decoder.DECOCT_LOGORII' is assigned but its value is never used [G:\GitHub\HoloPatcher.NET\src\CSharpKotor\CSharpKotor.csproj::TargetFramework=net8.0]
G:\GitHub\HoloPatcher.NET\src\CSharpKotor\Formats\NCS\KNCSDecomp\Decoder.cs(18,37): warning CS0414: The field 'Decoder.DECOCT_ACTION' is assigned but its value is never used [G:\GitHub\HoloPatcher.NET\src\CSharpKotor\CSharpKotor.csproj::TargetFramework=net8.0]
G:\GitHub\HoloPatcher.NET\src\CSharpKotor\Formats\NCS\KNCSDecomp\Decoder.cs(23,37): warning CS0414: The field 'Decoder.DECOCT_BOOLANDII' is assigned but its value is never used [G:\GitHub\HoloPatcher.NET\src\CSharpKotor\CSharpKotor.csproj::TargetFramework=net8.0]
G:\GitHub\HoloPatcher.NET\src\CSharpKotor\Formats\NCS\KNCSDecomp\Decoder.cs(54,37): warning CS0414: The field 'Decoder.DECOCT_INCIBP' is assigned but its value is never used [G:\GitHub\HoloPatcher.NET\src\CSharpKotor\CSharpKotor.csproj::TargetFramework=net8.0]
G:\GitHub\HoloPatcher.NET\src\CSharpKotor\Formats\NCS\KNCSDecomp\SetDestinations.cs(19,21): warning CS0414: The field 'SetDestinations.actionarg' is assigned but its value is never used [G:\GitHub\HoloPatcher.NET\src\CSharpKotor\CSharpKotor.csproj::TargetFramework=net8.0]
G:\GitHub\HoloPatcher.NET\src\CSharpKotor\Formats\NCS\KNCSDecomp\Decoder.cs(26,37): warning CS0414: The field 'Decoder.DECOCT_GEQ' is assigned but its value is never used [G:\GitHub\HoloPatcher.NET\src\CSharpKotor\CSharpKotor.csproj::TargetFramework=net8.0]
G:\GitHub\HoloPatcher.NET\src\CSharpKotor\Formats\NCS\KNCSDecomp\Decoder.cs(51,37): warning CS0414: The field 'Decoder.DECOCT_CPDOWNBP' is assigned but its value is never used [G:\GitHub\HoloPatcher.NET\src\CSharpKotor\CSharpKotor.csproj::TargetFramework=net8.0]
G:\GitHub\HoloPatcher.NET\src\CSharpKotor\Formats\NCS\KNCSDecomp\Parser.cs(19,37): warning CS0414: The field 'Parser.REDUCE' is assigned but its value is never used [G:\GitHub\HoloPatcher.NET\src\CSharpKotor\CSharpKotor.csproj::TargetFramework=net8.0]
G:\GitHub\HoloPatcher.NET\src\CSharpKotor\Formats\NCS\KNCSDecomp\Decoder.cs(22,37): warning CS0414: The field 'Decoder.DECOCT_EXCORII' is assigned but its value is never used [G:\GitHub\HoloPatcher.NET\src\CSharpKotor\CSharpKotor.csproj::TargetFramework=net8.0]
G:\GitHub\HoloPatcher.NET\src\CSharpKotor\Formats\NCS\KNCSDecomp\Decoder.cs(24,37): warning CS0414: The field 'Decoder.DECOCT_EQUAL' is assigned but its value is never used [G:\GitHub\HoloPatcher.NET\src\CSharpKotor\CSharpKotor.csproj::TargetFramework=net8.0]
G:\GitHub\HoloPatcher.NET\src\CSharpKotor\Formats\NCS\KNCSDecomp\Decoder.cs(43,37): warning CS0414: The field 'Decoder.DECOCT_JSR' is assigned but its value is never used [G:\GitHub\HoloPatcher.NET\src\CSharpKotor\CSharpKotor.csproj::TargetFramework=net8.0]
G:\GitHub\HoloPatcher.NET\src\CSharpKotor\Formats\NCS\KNCSDecomp\Parser.cs(20,37): warning CS0414: The field 'Parser.ACCEPT' is assigned but its value is never used [G:\GitHub\HoloPatcher.NET\src\CSharpKotor\CSharpKotor.csproj::TargetFramework=net8.0]
G:\GitHub\HoloPatcher.NET\src\CSharpKotor\Formats\NCS\KNCSDecomp\SetDeadCode.cs(15,38): warning CS0414: The field 'SetDeadCode.STATE_JZ1_CP' is assigned but its value is never used [G:\GitHub\HoloPatcher.NET\src\CSharpKotor\CSharpKotor.csproj::TargetFramework=net8.0]
G:\GitHub\HoloPatcher.NET\src\CSharpKotor\Formats\NCS\KNCSDecomp\Decoder.cs(29,37): warning CS0414: The field 'Decoder.DECOCT_LEQ' is assigned but its value is never used [G:\GitHub\HoloPatcher.NET\src\CSharpKotor\CSharpKotor.csproj::TargetFramework=net8.0]
G:\GitHub\HoloPatcher.NET\src\CSharpKotor\Formats\NCS\KNCSDecomp\SubScriptState.cs(25,38): warning CS0414: The field 'SubScriptState.STATE_INPREFIXSTACK' is assigned but its value is never used [G:\GitHub\HoloPatcher.NET\src\CSharpKotor\CSharpKotor.csproj::TargetFramework=net8.0]
G:\GitHub\HoloPatcher.NET\src\CSharpKotor\Formats\NCS\KNCSDecomp\Decoder.cs(33,37): warning CS0414: The field 'Decoder.DECOCT_ADD' is assigned but its value is never used [G:\GitHub\HoloPatcher.NET\src\CSharpKotor\CSharpKotor.csproj::TargetFramework=net8.0]
G:\GitHub\HoloPatcher.NET\src\CSharpKotor\Formats\NCS\KNCSDecomp\SetDeadCode.cs(16,38): warning CS0414: The field 'SetDeadCode.STATE_JZ2_JZ' is assigned but its value is never used [G:\GitHub\HoloPatcher.NET\src\CSharpKotor\CSharpKotor.csproj::TargetFramework=net8.0]
G:\GitHub\HoloPatcher.NET\src\CSharpKotor\Formats\NCS\KNCSDecomp\FileDecompiler.cs(960,25): warning CS0414: The field 'FileDecompiler.FileScriptData.status' is assigned but its value is never used [G:\GitHub\HoloPatcher.NET\src\CSharpKotor\CSharpKotor.csproj::TargetFramework=net8.0]
G:\GitHub\HoloPatcher.NET\src\CSharpKotor\Formats\NCS\KNCSDecomp\Decoder.cs(55,37): warning CS0414: The field 'Decoder.DECOCT_SAVEBP' is assigned but its value is never used [G:\GitHub\HoloPatcher.NET\src\CSharpKotor\CSharpKotor.csproj::TargetFramework=net8.0]
G:\GitHub\HoloPatcher.NET\src\CSharpKotor\Formats\NCS\KNCSDecomp\Decoder.cs(27,37): warning CS0414: The field 'Decoder.DECOCT_GT' is assigned but its value is never used [G:\GitHub\HoloPatcher.NET\src\CSharpKotor\CSharpKotor.csproj::TargetFramework=net8.0]
G:\GitHub\HoloPatcher.NET\src\CSharpKotor\Formats\NCS\KNCSDecomp\SubroutineState.cs(15,38): warning CS0414: The field 'SubroutineState.PROTO_NO' is assigned but its value is never used [G:\GitHub\HoloPatcher.NET\src\CSharpKotor\CSharpKotor.csproj::TargetFramework=net8.0]
G:\GitHub\HoloPatcher.NET\src\CSharpKotor\Formats\NCS\KNCSDecomp\Decoder.cs(45,37): warning CS0414: The field 'Decoder.DECOCT_RETN' is assigned but its value is never used [G:\GitHub\HoloPatcher.NET\src\CSharpKotor\CSharpKotor.csproj::TargetFramework=net8.0]
G:\GitHub\HoloPatcher.NET\src\CSharpKotor\Formats\NCS\KNCSDecomp\Decoder.cs(47,37): warning CS0414: The field 'Decoder.DECOCT_NOT' is assigned but its value is never used [G:\GitHub\HoloPatcher.NET\src\CSharpKotor\CSharpKotor.csproj::TargetFramework=net8.0]
G:\GitHub\HoloPatcher.NET\src\CSharpKotor\Formats\NCS\KNCSDecomp\Decoder.cs(35,37): warning CS0414: The field 'Decoder.DECOCT_MUL' is assigned but its value is never used [G:\GitHub\HoloPatcher.NET\src\CSharpKotor\CSharpKotor.csproj::TargetFramework=net8.0]
G:\GitHub\HoloPatcher.NET\src\CSharpKotor\Formats\NCS\KNCSDecomp\Decoder.cs(53,37): warning CS0414: The field 'Decoder.DECOCT_DECIBP' is assigned but its value is never used [G:\GitHub\HoloPatcher.NET\src\CSharpKotor\CSharpKotor.csproj::TargetFramework=net8.0]
G:\GitHub\HoloPatcher.NET\src\CSharpKotor\Formats\NCS\KNCSDecomp\SubScriptState.cs(22,38): warning CS0414: The field 'SubScriptState.STATE_INACTIONARG' is assigned but its value is never used [G:\GitHub\HoloPatcher.NET\src\CSharpKotor\CSharpKotor.csproj::TargetFramework=net8.0]
G:\GitHub\HoloPatcher.NET\src\CSharpKotor\Formats\NCS\KNCSDecomp\Decoder.cs(31,37): warning CS0414: The field 'Decoder.DECOCT_SHRIGHTII' is assigned but its value is never used [G:\GitHub\HoloPatcher.NET\src\CSharpKotor\CSharpKotor.csproj::TargetFramework=net8.0]
G:\GitHub\HoloPatcher.NET\src\CSharpKotor\Formats\NCS\KNCSDecomp\Decoder.cs(42,37): warning CS0414: The field 'Decoder.DECOCT_JMP' is assigned but its value is never used [G:\GitHub\HoloPatcher.NET\src\CSharpKotor\CSharpKotor.csproj::TargetFramework=net8.0]
G:\GitHub\HoloPatcher.NET\src\CSharpKotor\Formats\NCS\KNCSDecomp\SubScriptState.cs(21,38): warning CS0414: The field 'SubScriptState.STATE_INMOD' is assigned but its value is never used [G:\GitHub\HoloPatcher.NET\src\CSharpKotor\CSharpKotor.csproj::TargetFramework=net8.0]
G:\GitHub\HoloPatcher.NET\src\CSharpKotor\Formats\NCS\KNCSDecomp\Decoder.cs(52,37): warning CS0414: The field 'Decoder.DECOCT_CPTOPBP' is assigned but its value is never used [G:\GitHub\HoloPatcher.NET\src\CSharpKotor\CSharpKotor.csproj::TargetFramework=net8.0]
G:\GitHub\HoloPatcher.NET\src\CSharpKotor\Formats\NCS\KNCSDecomp\Parser.cs(18,37): warning CS0414: The field 'Parser.SHIFT' is assigned but its value is never used [G:\GitHub\HoloPatcher.NET\src\CSharpKotor\CSharpKotor.csproj::TargetFramework=net8.0]
G:\GitHub\HoloPatcher.NET\src\CSharpKotor\Formats\NCS\KNCSDecomp\Decoder.cs(46,37): warning CS0414: The field 'Decoder.DECOCT_DESTRUCT' is assigned but its value is never used [G:\GitHub\HoloPatcher.NET\src\CSharpKotor\CSharpKotor.csproj::TargetFramework=net8.0]
G:\GitHub\HoloPatcher.NET\src\CSharpKotor\Formats\NCS\KNCSDecomp\Decoder.cs(49,37): warning CS0414: The field 'Decoder.DECOCT_INCISP' is assigned but its value is never used [G:\GitHub\HoloPatcher.NET\src\CSharpKotor\CSharpKotor.csproj::TargetFramework=net8.0]
G:\GitHub\HoloPatcher.NET\src\CSharpKotor\Formats\NCS\KNCSDecomp\Decoder.cs(37,37): warning CS0414: The field 'Decoder.DECOCT_MOD' is assigned but its value is never used [G:\GitHub\HoloPatcher.NET\src\CSharpKotor\CSharpKotor.csproj::TargetFramework=net8.0]
G:\GitHub\HoloPatcher.NET\src\CSharpKotor\Formats\NCS\KNCSDecomp\Parser.cs(21,37): warning CS0414: The field 'Parser.ERROR' is assigned but its value is never used [G:\GitHub\HoloPatcher.NET\src\CSharpKotor\CSharpKotor.csproj::TargetFramework=net8.0]
G:\GitHub\HoloPatcher.NET\src\CSharpKotor\Formats\NCS\KNCSDecomp\SetDeadCode.cs(17,38): warning CS0414: The field 'SetDeadCode.STATE_JZ3_CP2' is assigned but its value is never used [G:\GitHub\HoloPatcher.NET\src\CSharpKotor\CSharpKotor.csproj::TargetFramework=net8.0]
G:\GitHub\HoloPatcher.NET\src\CSharpKotor\Formats\NCS\KNCSDecomp\Decoder.cs(25,37): warning CS0414: The field 'Decoder.DECOCT_NEQUAL' is assigned but its value is never used [G:\GitHub\HoloPatcher.NET\src\CSharpKotor\CSharpKotor.csproj::TargetFramework=net8.0]
G:\GitHub\HoloPatcher.NET\src\CSharpKotor\Formats\NCS\KNCSDecomp\Decoder.cs(21,37): warning CS0414: The field 'Decoder.DECOCT_INCORII' is assigned but its value is never used [G:\GitHub\HoloPatcher.NET\src\CSharpKotor\CSharpKotor.csproj::TargetFramework=net8.0]
G:\GitHub\HoloPatcher.NET\src\CSharpKotor\Formats\NCS\KNCSDecomp\SetDeadCode.cs(14,38): warning CS0414: The field 'SetDeadCode.STATE_NORMAL' is assigned but its value is never used [G:\GitHub\HoloPatcher.NET\src\CSharpKotor\CSharpKotor.csproj::TargetFramework=net8.0]
G:\GitHub\HoloPatcher.NET\src\CSharpKotor\Formats\NCS\KNCSDecomp\Decoder.cs(15,37): warning CS0414: The field 'Decoder.DECOCT_RSADD' is assigned but its value is never used [G:\GitHub\HoloPatcher.NET\src\CSharpKotor\CSharpKotor.csproj::TargetFramework=net8.0]
G:\GitHub\HoloPatcher.NET\src\CSharpKotor\Formats\NCS\KNCSDecomp\Decoder.cs(57,37): warning CS0414: The field 'Decoder.DECOCT_STORE_STATE' is assigned but its value is never used [G:\GitHub\HoloPatcher.NET\src\CSharpKotor\CSharpKotor.csproj::TargetFramework=net8.0]
G:\GitHub\HoloPatcher.NET\src\CSharpKotor\Formats\NCS\KNCSDecomp\Decoder.cs(32,37): warning CS0414: The field 'Decoder.DECOCT_USHRIGHTII' is assigned but its value is never used [G:\GitHub\HoloPatcher.NET\src\CSharpKotor\CSharpKotor.csproj::TargetFramework=net8.0]
G:\GitHub\HoloPatcher.NET\src\CSharpKotor\Formats\NCS\KNCSDecomp\SubScriptState.cs(24,38): warning CS0414: The field 'SubScriptState.STATE_SWITCHCASES' is assigned but its value is never used [G:\GitHub\HoloPatcher.NET\src\CSharpKotor\CSharpKotor.csproj::TargetFramework=net8.0]
G:\GitHub\HoloPatcher.NET\src\CSharpKotor\Formats\NCS\KNCSDecomp\Decoder.cs(40,37): warning CS0414: The field 'Decoder.DECOCT_MOVSP' is assigned but its value is never used [G:\GitHub\HoloPatcher.NET\src\CSharpKotor\CSharpKotor.csproj::TargetFramework=net8.0]
G:\GitHub\HoloPatcher.NET\src\CSharpKotor\Formats\NCS\KNCSDecomp\SubScriptState.cs(20,38): warning CS0414: The field 'SubScriptState.STATE_NORMAL' is assigned but its value is never used [G:\GitHub\HoloPatcher.NET\src\CSharpKotor\CSharpKotor.csproj::TargetFramework=net8.0]
G:\GitHub\HoloPatcher.NET\src\CSharpKotor\Formats\NCS\KNCSDecomp\Decoder.cs(36,37): warning CS0414: The field 'Decoder.DECOCT_DIV' is assigned but its value is never used [G:\GitHub\HoloPatcher.NET\src\CSharpKotor\CSharpKotor.csproj::TargetFramework=net8.0]
G:\GitHub\HoloPatcher.NET\src\CSharpKotor\Formats\NCS\KNCSDecomp\Decoder.cs(58,37): warning CS0414: The field 'Decoder.DECOCT_NOP' is assigned but its value is never used [G:\GitHub\HoloPatcher.NET\src\CSharpKotor\CSharpKotor.csproj::TargetFramework=net8.0]
G:\GitHub\HoloPatcher.NET\src\CSharpKotor\Formats\NCS\KNCSDecomp\Decoder.cs(41,37): warning CS0414: The field 'Decoder.DECOCT_STATEALL' is assigned but its value is never used [G:\GitHub\HoloPatcher.NET\src\CSharpKotor\CSharpKotor.csproj::TargetFramework=net8.0]
G:\GitHub\HoloPatcher.NET\src\CSharpKotor\Formats\NCS\KNCSDecomp\Decoder.cs(34,37): warning CS0414: The field 'Decoder.DECOCT_SUB' is assigned but its value is never used [G:\GitHub\HoloPatcher.NET\src\CSharpKotor\CSharpKotor.csproj::TargetFramework=net8.0]
G:\GitHub\HoloPatcher.NET\src\CSharpKotor\Formats\NCS\KNCSDecomp\Decoder.cs(17,37): warning CS0414: The field 'Decoder.DECOCT_CONST' is assigned but its value is never used [G:\GitHub\HoloPatcher.NET\src\CSharpKotor\CSharpKotor.csproj::TargetFramework=net8.0]
G:\GitHub\HoloPatcher.NET\src\CSharpKotor\Formats\NCS\KNCSDecomp\SubroutineState.cs(16,38): warning CS0414: The field 'SubroutineState.PROTO_IN_PROGRESS' is assigned but its value is never used [G:\GitHub\HoloPatcher.NET\src\CSharpKotor\CSharpKotor.csproj::TargetFramework=net8.0]
G:\GitHub\HoloPatcher.NET\src\CSharpKotor\Formats\NCS\KNCSDecomp\Decoder.cs(19,37): warning CS0414: The field 'Decoder.DECOCT_LOGANDII' is assigned but its value is never used [G:\GitHub\HoloPatcher.NET\src\CSharpKotor\CSharpKotor.csproj::TargetFramework=net8.0]
G:\GitHub\HoloPatcher.NET\src\CSharpKotor\Formats\NCS\KNCSDecomp\Decoder.cs(44,37): warning CS0414: The field 'Decoder.DECOCT_JZ' is assigned but its value is never used [G:\GitHub\HoloPatcher.NET\src\CSharpKotor\CSharpKotor.csproj::TargetFramework=net8.0]
G:\GitHub\HoloPatcher.NET\src\CSharpKotor\Formats\NCS\KNCSDecomp\Decoder.cs(59,37): warning CS0414: The field 'Decoder.DECOCT_T' is assigned but its value is never used [G:\GitHub\HoloPatcher.NET\src\CSharpKotor\CSharpKotor.csproj::TargetFramework=net8.0]
G:\GitHub\HoloPatcher.NET\src\CSharpKotor\Formats\NCS\KNCSDecomp\Decoder.cs(39,37): warning CS0414: The field 'Decoder.DECOCT_COMP' is assigned but its value is never used [G:\GitHub\HoloPatcher.NET\src\CSharpKotor\CSharpKotor.csproj::TargetFramework=net8.0]
G:\GitHub\HoloPatcher.NET\src\CSharpKotor\Formats\NCS\KNCSDecomp\Decoder.cs(56,37): warning CS0414: The field 'Decoder.DECOCT_RESTOREBP' is assigned but its value is never used [G:\GitHub\HoloPatcher.NET\src\CSharpKotor\CSharpKotor.csproj::TargetFramework=net8.0]
G:\GitHub\HoloPatcher.NET\src\CSharpKotor\Formats\NCS\KNCSDecomp\Decoder.cs(16,37): warning CS0414: The field 'Decoder.DECOCT_CPTOPSP' is assigned but its value is never used [G:\GitHub\HoloPatcher.NET\src\CSharpKotor\CSharpKotor.csproj::TargetFramework=net8.0]
G:\GitHub\HoloPatcher.NET\src\CSharpKotor\Formats\NCS\KNCSDecomp\Decoder.cs(50,37): warning CS0414: The field 'Decoder.DECOCT_JNZ' is assigned but its value is never used [G:\GitHub\HoloPatcher.NET\src\CSharpKotor\CSharpKotor.csproj::TargetFramework=net8.0]
G:\GitHub\HoloPatcher.NET\src\CSharpKotor\Formats\NCS\KNCSDecomp\Decoder.cs(14,37): warning CS0414: The field 'Decoder.DECOCT_CPDOWNSP' is assigned but its value is never used [G:\GitHub\HoloPatcher.NET\src\CSharpKotor\CSharpKotor.csproj::TargetFramework=net8.0]
G:\GitHub\HoloPatcher.NET\src\CSharpKotor\Formats\NCS\KNCSDecomp\Decoder.cs(28,37): warning CS0414: The field 'Decoder.DECOCT_LT' is assigned but its value is never used [G:\GitHub\HoloPatcher.NET\src\CSharpKotor\CSharpKotor.csproj::TargetFramework=net8.0]
G:\GitHub\HoloPatcher.NET\src\CSharpKotor\Formats\NCS\KNCSDecomp\Decoder.cs(30,37): warning CS0414: The field 'Decoder.DECOCT_SHLEFTII' is assigned but its value is never used [G:\GitHub\HoloPatcher.NET\src\CSharpKotor\CSharpKotor.csproj::TargetFramework=net8.0]
G:\GitHub\HoloPatcher.NET\src\CSharpKotor\Formats\NCS\KNCSDecomp\SubScriptState.cs(23,38): warning CS0414: The field 'SubScriptState.STATE_WHILECOND' is assigned but its value is never used [G:\GitHub\HoloPatcher.NET\src\CSharpKotor\CSharpKotor.csproj::TargetFramework=net8.0]
G:\GitHub\HoloPatcher.NET\src\CSharpKotor\Formats\NCS\KNCSDecomp\Decoder.cs(48,37): warning CS0414: The field 'Decoder.DECOCT_DECISP' is assigned but its value is never used [G:\GitHub\HoloPatcher.NET\src\CSharpKotor\CSharpKotor.csproj::TargetFramework=net8.0]
G:\GitHub\HoloPatcher.NET\src\CSharpKotor\Formats\NCS\KNCSDecomp\SetDestinations.cs(17,21): warning CS0414: The field 'SetDestinations.currentPos' is assigned but its value is never used [G:\GitHub\HoloPatcher.NET\src\CSharpKotor\CSharpKotor.csproj::TargetFramework=net8.0]
G:\GitHub\HoloPatcher.NET\src\CSharpKotor\Formats\NCS\KNCSDecomp\SubroutineState.cs(17,38): warning CS0414: The field 'SubroutineState.PROTO_DONE' is assigned but its value is never used [G:\GitHub\HoloPatcher.NET\src\CSharpKotor\CSharpKotor.csproj::TargetFramework=net8.0]
G:\GitHub\HoloPatcher.NET\src\CSharpKotor\Formats\NCS\KNCSDecomp\Decoder.cs(38,37): warning CS0414: The field 'Decoder.DECOCT_NEG' is assigned but its value is never used [G:\GitHub\HoloPatcher.NET\src\CSharpKotor\CSharpKotor.csproj::TargetFramework=net8.0]

Build FAILED.

G:\GitHub\HoloPatcher.NET\src\CSharpKotor\Formats\NCS\KNCSDecomp\AGtBinaryOp.cs(28,21): warning CS0114: 'AGtBinaryOp.Apply(Switch)' hides inherited member 'Node.Apply(Switch)'. To make the current member override that implementation, add the override keyword. Otherwise add the new keyword. [G:\GitHub\HoloPatcher.NET\src\CSharpKotor\CSharpKotor.csproj::TargetFramework=net8.0]
G:\GitHub\HoloPatcher.NET\src\CSharpKotor\Formats\NCS\KNCSDecomp\ACopydownbpCmd.cs(28,21): warning CS0114: 'ACopydownbpCmd.Apply(Switch)' hides inherited member 'Node.Apply(Switch)'. To make the current member override that implementation, add the override keyword. Otherwise add the new keyword. [G:\GitHub\HoloPatcher.NET\src\CSharpKotor\CSharpKotor.csproj::TargetFramework=net8.0]
G:\GitHub\HoloPatcher.NET\src\CSharpKotor\Formats\NCS\KNCSDecomp\AIncibpStackOp.cs(28,21): warning CS0114: 'AIncibpStackOp.Apply(Switch)' hides inherited member 'Node.Apply(Switch)'. To make the current member override that implementation, add the override keyword. Otherwise add the new keyword. [G:\GitHub\HoloPatcher.NET\src\CSharpKotor\CSharpKotor.csproj::TargetFramework=net8.0]
G:\GitHub\HoloPatcher.NET\src\CSharpKotor\Formats\NCS\KNCSDecomp\AIncispStackOp.cs(28,21): warning CS0114: 'AIncispStackOp.Apply(Switch)' hides inherited member 'Node.Apply(Switch)'. To make the current member override that implementation, add the override keyword. Otherwise add the new keyword. [G:\GitHub\HoloPatcher.NET\src\CSharpKotor\CSharpKotor.csproj::TargetFramework=net8.0]
G:\GitHub\HoloPatcher.NET\src\CSharpKotor\Formats\NCS\KNCSDecomp\ANegUnaryOp.cs(28,21): warning CS0114: 'ANegUnaryOp.Apply(Switch)' hides inherited member 'Node.Apply(Switch)'. To make the current member override that implementation, add the override keyword. Otherwise add the new keyword. [G:\GitHub\HoloPatcher.NET\src\CSharpKotor\CSharpKotor.csproj::TargetFramework=net8.0]
G:\GitHub\HoloPatcher.NET\src\CSharpKotor\Formats\NCS\KNCSDecomp\AInclOrLogiiOp.cs(28,21): warning CS0114: 'AInclOrLogiiOp.Apply(Switch)' hides inherited member 'Node.Apply(Switch)'. To make the current member override that implementation, add the override keyword. Otherwise add the new keyword. [G:\GitHub\HoloPatcher.NET\src\CSharpKotor\CSharpKotor.csproj::TargetFramework=net8.0]
G:\GitHub\HoloPatcher.NET\src\CSharpKotor\Formats\NCS\KNCSDecomp\ACopyDownBpCommand.cs(38,21): warning CS0114: 'ACopyDownBpCommand.Apply(Switch)' hides inherited member 'Node.Apply(Switch)'. To make the current member override that implementation, add the override keyword. Otherwise add the new keyword. [G:\GitHub\HoloPatcher.NET\src\CSharpKotor\CSharpKotor.csproj::TargetFramework=net8.0]
G:\GitHub\HoloPatcher.NET\src\CSharpKotor\Formats\NCS\KNCSDecomp\ACopyDownBpCommand.cs(93,33): warning CS0108: 'ACopyDownBpCommand.GetType()' hides inherited member 'object.GetType()'. Use the new keyword if hiding was intended. [G:\GitHub\HoloPatcher.NET\src\CSharpKotor\CSharpKotor.csproj::TargetFramework=net8.0]
G:\GitHub\HoloPatcher.NET\src\CSharpKotor\Formats\NCS\KNCSDecomp\ANequalBinaryOp.cs(28,21): warning CS0114: 'ANequalBinaryOp.Apply(Switch)' hides inherited member 'Node.Apply(Switch)'. To make the current member override that implementation, add the override keyword. Otherwise add the new keyword. [G:\GitHub\HoloPatcher.NET\src\CSharpKotor\CSharpKotor.csproj::TargetFramework=net8.0]
G:\GitHub\HoloPatcher.NET\src\CSharpKotor\Formats\NCS\KNCSDecomp\AIntConstant.cs(28,21): warning CS0114: 'AIntConstant.Apply(Switch)' hides inherited member 'Node.Apply(Switch)'. To make the current member override that implementation, add the override keyword. Otherwise add the new keyword. [G:\GitHub\HoloPatcher.NET\src\CSharpKotor\CSharpKotor.csproj::TargetFramework=net8.0]
G:\GitHub\HoloPatcher.NET\src\CSharpKotor\Formats\NCS\KNCSDecomp\ACopydownspCmd.cs(28,21): warning CS0114: 'ACopydownspCmd.Apply(Switch)' hides inherited member 'Node.Apply(Switch)'. To make the current member override that implementation, add the override keyword. Otherwise add the new keyword. [G:\GitHub\HoloPatcher.NET\src\CSharpKotor\CSharpKotor.csproj::TargetFramework=net8.0]
G:\GitHub\HoloPatcher.NET\src\CSharpKotor\Formats\NCS\KNCSDecomp\AJumpCmd.cs(28,21): warning CS0114: 'AJumpCmd.Apply(Switch)' hides inherited member 'Node.Apply(Switch)'. To make the current member override that implementation, add the override keyword. Otherwise add the new keyword. [G:\GitHub\HoloPatcher.NET\src\CSharpKotor\CSharpKotor.csproj::TargetFramework=net8.0]
G:\GitHub\HoloPatcher.NET\src\CSharpKotor\Formats\NCS\KNCSDecomp\ANonzeroJumpIf.cs(28,21): warning CS0114: 'ANonzeroJumpIf.Apply(Switch)' hides inherited member 'Node.Apply(Switch)'. To make the current member override that implementation, add the override keyword. Otherwise add the new keyword. [G:\GitHub\HoloPatcher.NET\src\CSharpKotor\CSharpKotor.csproj::TargetFramework=net8.0]
G:\GitHub\HoloPatcher.NET\src\CSharpKotor\Formats\NCS\KNCSDecomp\ANotUnaryOp.cs(28,21): warning CS0114: 'ANotUnaryOp.Apply(Switch)' hides inherited member 'Node.Apply(Switch)'. To make the current member override that implementation, add the override keyword. Otherwise add the new keyword. [G:\GitHub\HoloPatcher.NET\src\CSharpKotor\CSharpKotor.csproj::TargetFramework=net8.0]
G:\GitHub\HoloPatcher.NET\src\CSharpKotor\Formats\NCS\KNCSDecomp\ACopyDownSpCommand.cs(38,21): warning CS0114: 'ACopyDownSpCommand.Apply(Switch)' hides inherited member 'Node.Apply(Switch)'. To make the current member override that implementation, add the override keyword. Otherwise add the new keyword. [G:\GitHub\HoloPatcher.NET\src\CSharpKotor\CSharpKotor.csproj::TargetFramework=net8.0]
G:\GitHub\HoloPatcher.NET\src\CSharpKotor\Formats\NCS\KNCSDecomp\ACopyDownSpCommand.cs(93,33): warning CS0108: 'ACopyDownSpCommand.GetType()' hides inherited member 'object.GetType()'. Use the new keyword if hiding was intended. [G:\GitHub\HoloPatcher.NET\src\CSharpKotor\CSharpKotor.csproj::TargetFramework=net8.0]
G:\GitHub\HoloPatcher.NET\src\CSharpKotor\Formats\NCS\KNCSDecomp\AJumpCommand.cs(36,21): warning CS0114: 'AJumpCommand.Apply(Switch)' hides inherited member 'Node.Apply(Switch)'. To make the current member override that implementation, add the override keyword. Otherwise add the new keyword. [G:\GitHub\HoloPatcher.NET\src\CSharpKotor\CSharpKotor.csproj::TargetFramework=net8.0]
G:\GitHub\HoloPatcher.NET\src\CSharpKotor\Formats\NCS\KNCSDecomp\AJumpCommand.cs(91,33): warning CS0108: 'AJumpCommand.GetType()' hides inherited member 'object.GetType()'. Use the new keyword if hiding was intended. [G:\GitHub\HoloPatcher.NET\src\CSharpKotor\CSharpKotor.csproj::TargetFramework=net8.0]
G:\GitHub\HoloPatcher.NET\src\CSharpKotor\Formats\NCS\KNCSDecomp\AOrLogiiOp.cs(28,21): warning CS0114: 'AOrLogiiOp.Apply(Switch)' hides inherited member 'Node.Apply(Switch)'. To make the current member override that implementation, add the override keyword. Otherwise add the new keyword. [G:\GitHub\HoloPatcher.NET\src\CSharpKotor\CSharpKotor.csproj::TargetFramework=net8.0]
G:\GitHub\HoloPatcher.NET\src\CSharpKotor\Formats\NCS\KNCSDecomp\AJumpSubCmd.cs(28,21): warning CS0114: 'AJumpSubCmd.Apply(Switch)' hides inherited member 'Node.Apply(Switch)'. To make the current member override that implementation, add the override keyword. Otherwise add the new keyword. [G:\GitHub\HoloPatcher.NET\src\CSharpKotor\CSharpKotor.csproj::TargetFramework=net8.0]
G:\GitHub\HoloPatcher.NET\src\CSharpKotor\Formats\NCS\KNCSDecomp\ACopytopbpCmd.cs(28,21): warning CS0114: 'ACopytopbpCmd.Apply(Switch)' hides inherited member 'Node.Apply(Switch)'. To make the current member override that implementation, add the override keyword. Otherwise add the new keyword. [G:\GitHub\HoloPatcher.NET\src\CSharpKotor\CSharpKotor.csproj::TargetFramework=net8.0]
G:\GitHub\HoloPatcher.NET\src\CSharpKotor\Formats\NCS\KNCSDecomp\AStringConstant.cs(28,21): warning CS0114: 'AStringConstant.Apply(Switch)' hides inherited member 'Node.Apply(Switch)'. To make the current member override that implementation, add the override keyword. Otherwise add the new keyword. [G:\GitHub\HoloPatcher.NET\src\CSharpKotor\CSharpKotor.csproj::TargetFramework=net8.0]
G:\GitHub\HoloPatcher.NET\src\CSharpKotor\Formats\NCS\KNCSDecomp\AProgram.cs(65,21): warning CS0114: 'AProgram.Apply(Switch)' hides inherited member 'Node.Apply(Switch)'. To make the current member override that implementation, add the override keyword. Otherwise add the new keyword. [G:\GitHub\HoloPatcher.NET\src\CSharpKotor\CSharpKotor.csproj::TargetFramework=net8.0]
G:\GitHub\HoloPatcher.NET\src\CSharpKotor\Formats\NCS\KNCSDecomp\AJumpToSubroutine.cs(36,21): warning CS0114: 'AJumpToSubroutine.Apply(Switch)' hides inherited member 'Node.Apply(Switch)'. To make the current member override that implementation, add the override keyword. Otherwise add the new keyword. [G:\GitHub\HoloPatcher.NET\src\CSharpKotor\CSharpKotor.csproj::TargetFramework=net8.0]
G:\GitHub\HoloPatcher.NET\src\CSharpKotor\Formats\NCS\KNCSDecomp\AJumpToSubroutine.cs(91,33): warning CS0108: 'AJumpToSubroutine.GetType()' hides inherited member 'object.GetType()'. Use the new keyword if hiding was intended. [G:\GitHub\HoloPatcher.NET\src\CSharpKotor\CSharpKotor.csproj::TargetFramework=net8.0]
G:\GitHub\HoloPatcher.NET\src\CSharpKotor\Formats\NCS\KNCSDecomp\ASubBinaryOp.cs(28,21): warning CS0114: 'ASubBinaryOp.Apply(Switch)' hides inherited member 'Node.Apply(Switch)'. To make the current member override that implementation, add the override keyword. Otherwise add the new keyword. [G:\GitHub\HoloPatcher.NET\src\CSharpKotor\CSharpKotor.csproj::TargetFramework=net8.0]
G:\GitHub\HoloPatcher.NET\src\CSharpKotor\Formats\NCS\KNCSDecomp\ACopyTopBpCommand.cs(38,21): warning CS0114: 'ACopyTopBpCommand.Apply(Switch)' hides inherited member 'Node.Apply(Switch)'. To make the current member override that implementation, add the override keyword. Otherwise add the new keyword. [G:\GitHub\HoloPatcher.NET\src\CSharpKotor\CSharpKotor.csproj::TargetFramework=net8.0]
G:\GitHub\HoloPatcher.NET\src\CSharpKotor\Formats\NCS\KNCSDecomp\ACopyTopBpCommand.cs(93,33): warning CS0108: 'ACopyTopBpCommand.GetType()' hides inherited member 'object.GetType()'. Use the new keyword if hiding was intended. [G:\GitHub\HoloPatcher.NET\src\CSharpKotor\CSharpKotor.csproj::TargetFramework=net8.0]
G:\GitHub\HoloPatcher.NET\src\CSharpKotor\Formats\NCS\KNCSDecomp\ALeqBinaryOp.cs(28,21): warning CS0114: 'ALeqBinaryOp.Apply(Switch)' hides inherited member 'Node.Apply(Switch)'. To make the current member override that implementation, add the override keyword. Otherwise add the new keyword. [G:\GitHub\HoloPatcher.NET\src\CSharpKotor\CSharpKotor.csproj::TargetFramework=net8.0]
G:\GitHub\HoloPatcher.NET\src\CSharpKotor\Formats\NCS\KNCSDecomp\ASubroutine.cs(30,21): warning CS0114: 'ASubroutine.Apply(Switch)' hides inherited member 'Node.Apply(Switch)'. To make the current member override that implementation, add the override keyword. Otherwise add the new keyword. [G:\GitHub\HoloPatcher.NET\src\CSharpKotor\CSharpKotor.csproj::TargetFramework=net8.0]
G:\GitHub\HoloPatcher.NET\src\CSharpKotor\Formats\NCS\KNCSDecomp\ACopytopspCmd.cs(28,21): warning CS0114: 'ACopytopspCmd.Apply(Switch)' hides inherited member 'Node.Apply(Switch)'. To make the current member override that implementation, add the override keyword. Otherwise add the new keyword. [G:\GitHub\HoloPatcher.NET\src\CSharpKotor\CSharpKotor.csproj::TargetFramework=net8.0]
G:\GitHub\HoloPatcher.NET\src\CSharpKotor\Formats\NCS\KNCSDecomp\ALogiiCmd.cs(28,21): warning CS0114: 'ALogiiCmd.Apply(Switch)' hides inherited member 'Node.Apply(Switch)'. To make the current member override that implementation, add the override keyword. Otherwise add the new keyword. [G:\GitHub\HoloPatcher.NET\src\CSharpKotor\CSharpKotor.csproj::TargetFramework=net8.0]
G:\GitHub\HoloPatcher.NET\src\CSharpKotor\Formats\NCS\KNCSDecomp\ARestorebpBpOp.cs(28,21): warning CS0114: 'ARestorebpBpOp.Apply(Switch)' hides inherited member 'Node.Apply(Switch)'. To make the current member override that implementation, add the override keyword. Otherwise add the new keyword. [G:\GitHub\HoloPatcher.NET\src\CSharpKotor\CSharpKotor.csproj::TargetFramework=net8.0]
G:\GitHub\HoloPatcher.NET\src\CSharpKotor\Formats\NCS\KNCSDecomp\AUnaryCmd.cs(28,21): warning CS0114: 'AUnaryCmd.Apply(Switch)' hides inherited member 'Node.Apply(Switch)'. To make the current member override that implementation, add the override keyword. Otherwise add the new keyword. [G:\GitHub\HoloPatcher.NET\src\CSharpKotor\CSharpKotor.csproj::TargetFramework=net8.0]
G:\GitHub\HoloPatcher.NET\src\CSharpKotor\Formats\NCS\KNCSDecomp\ACopyTopSpCommand.cs(38,21): warning CS0114: 'ACopyTopSpCommand.Apply(Switch)' hides inherited member 'Node.Apply(Switch)'. To make the current member override that implementation, add the override keyword. Otherwise add the new keyword. [G:\GitHub\HoloPatcher.NET\src\CSharpKotor\CSharpKotor.csproj::TargetFramework=net8.0]
G:\GitHub\HoloPatcher.NET\src\CSharpKotor\Formats\NCS\KNCSDecomp\ACopyTopSpCommand.cs(93,33): warning CS0108: 'ACopyTopSpCommand.GetType()' hides inherited member 'object.GetType()'. Use the new keyword if hiding was intended. [G:\GitHub\HoloPatcher.NET\src\CSharpKotor\CSharpKotor.csproj::TargetFramework=net8.0]
G:\GitHub\HoloPatcher.NET\src\CSharpKotor\Formats\NCS\KNCSDecomp\ALogiiCommand.cs(34,21): warning CS0114: 'ALogiiCommand.Apply(Switch)' hides inherited member 'Node.Apply(Switch)'. To make the current member override that implementation, add the override keyword. Otherwise add the new keyword. [G:\GitHub\HoloPatcher.NET\src\CSharpKotor\CSharpKotor.csproj::TargetFramework=net8.0]
G:\GitHub\HoloPatcher.NET\src\CSharpKotor\Formats\NCS\KNCSDecomp\ALogiiCommand.cs(89,33): warning CS0108: 'ALogiiCommand.GetType()' hides inherited member 'object.GetType()'. Use the new keyword if hiding was intended. [G:\GitHub\HoloPatcher.NET\src\CSharpKotor\CSharpKotor.csproj::TargetFramework=net8.0]
G:\GitHub\HoloPatcher.NET\src\CSharpKotor\Formats\NCS\KNCSDecomp\AReturn.cs(34,21): warning CS0114: 'AReturn.Apply(Switch)' hides inherited member 'Node.Apply(Switch)'. To make the current member override that implementation, add the override keyword. Otherwise add the new keyword. [G:\GitHub\HoloPatcher.NET\src\CSharpKotor\CSharpKotor.csproj::TargetFramework=net8.0]
G:\GitHub\HoloPatcher.NET\src\CSharpKotor\Formats\NCS\KNCSDecomp\AReturn.cs(89,33): warning CS0108: 'AReturn.GetType()' hides inherited member 'object.GetType()'. Use the new keyword if hiding was intended. [G:\GitHub\HoloPatcher.NET\src\CSharpKotor\CSharpKotor.csproj::TargetFramework=net8.0]
G:\GitHub\HoloPatcher.NET\src\CSharpKotor\Formats\NCS\KNCSDecomp\AUnaryCommand.cs(34,21): warning CS0114: 'AUnaryCommand.Apply(Switch)' hides inherited member 'Node.Apply(Switch)'. To make the current member override that implementation, add the override keyword. Otherwise add the new keyword. [G:\GitHub\HoloPatcher.NET\src\CSharpKotor\CSharpKotor.csproj::TargetFramework=net8.0]
G:\GitHub\HoloPatcher.NET\src\CSharpKotor\Formats\NCS\KNCSDecomp\AUnaryCommand.cs(89,33): warning CS0108: 'AUnaryCommand.GetType()' hides inherited member 'object.GetType()'. Use the new keyword if hiding was intended. [G:\GitHub\HoloPatcher.NET\src\CSharpKotor\CSharpKotor.csproj::TargetFramework=net8.0]
G:\GitHub\HoloPatcher.NET\src\CSharpKotor\Formats\NCS\KNCSDecomp\AReturnCmd.cs(28,21): warning CS0114: 'AReturnCmd.Apply(Switch)' hides inherited member 'Node.Apply(Switch)'. To make the current member override that implementation, add the override keyword. Otherwise add the new keyword. [G:\GitHub\HoloPatcher.NET\src\CSharpKotor\CSharpKotor.csproj::TargetFramework=net8.0]
G:\GitHub\HoloPatcher.NET\src\CSharpKotor\Formats\NCS\KNCSDecomp\ALtBinaryOp.cs(28,21): warning CS0114: 'ALtBinaryOp.Apply(Switch)' hides inherited member 'Node.Apply(Switch)'. To make the current member override that implementation, add the override keyword. Otherwise add the new keyword. [G:\GitHub\HoloPatcher.NET\src\CSharpKotor\CSharpKotor.csproj::TargetFramework=net8.0]
G:\GitHub\HoloPatcher.NET\src\CSharpKotor\Formats\NCS\KNCSDecomp\AUnrightBinaryOp.cs(28,21): warning CS0114: 'AUnrightBinaryOp.Apply(Switch)' hides inherited member 'Node.Apply(Switch)'. To make the current member override that implementation, add the override keyword. Otherwise add the new keyword. [G:\GitHub\HoloPatcher.NET\src\CSharpKotor\CSharpKotor.csproj::TargetFramework=net8.0]
G:\GitHub\HoloPatcher.NET\src\CSharpKotor\Formats\NCS\KNCSDecomp\AZeroJumpIf.cs(28,21): warning CS0114: 'AZeroJumpIf.Apply(Switch)' hides inherited member 'Node.Apply(Switch)'. To make the current member override that implementation, add the override keyword. Otherwise add the new keyword. [G:\GitHub\HoloPatcher.NET\src\CSharpKotor\CSharpKotor.csproj::TargetFramework=net8.0]
G:\GitHub\HoloPatcher.NET\src\CSharpKotor\Formats\NCS\KNCSDecomp\AModBinaryOp.cs(28,21): warning CS0114: 'AModBinaryOp.Apply(Switch)' hides inherited member 'Node.Apply(Switch)'. To make the current member override that implementation, add the override keyword. Otherwise add the new keyword. [G:\GitHub\HoloPatcher.NET\src\CSharpKotor\CSharpKotor.csproj::TargetFramework=net8.0]
G:\GitHub\HoloPatcher.NET\src\CSharpKotor\Formats\NCS\KNCSDecomp\ActionsData.cs(116,35): warning CS0114: 'ActionsData.Action.ToString()' hides inherited member 'object.ToString()'. To make the current member override that implementation, add the override keyword. Otherwise add the new keyword. [G:\GitHub\HoloPatcher.NET\src\CSharpKotor\CSharpKotor.csproj::TargetFramework=net8.0]
G:\GitHub\HoloPatcher.NET\src\CSharpKotor\Formats\NCS\KNCSDecomp\ARsaddCommand.cs(34,21): warning CS0114: 'ARsaddCommand.Apply(Switch)' hides inherited member 'Node.Apply(Switch)'. To make the current member override that implementation, add the override keyword. Otherwise add the new keyword. [G:\GitHub\HoloPatcher.NET\src\CSharpKotor\CSharpKotor.csproj::TargetFramework=net8.0]
G:\GitHub\HoloPatcher.NET\src\CSharpKotor\Formats\NCS\KNCSDecomp\ARsaddCommand.cs(89,33): warning CS0108: 'ARsaddCommand.GetType()' hides inherited member 'object.GetType()'. Use the new keyword if hiding was intended. [G:\GitHub\HoloPatcher.NET\src\CSharpKotor\CSharpKotor.csproj::TargetFramework=net8.0]
G:\GitHub\HoloPatcher.NET\src\CSharpKotor\Formats\NCS\KNCSDecomp\AActionCmd.cs(28,21): warning CS0114: 'AActionCmd.Apply(Switch)' hides inherited member 'Node.Apply(Switch)'. To make the current member override that implementation, add the override keyword. Otherwise add the new keyword. [G:\GitHub\HoloPatcher.NET\src\CSharpKotor\CSharpKotor.csproj::TargetFramework=net8.0]
G:\GitHub\HoloPatcher.NET\src\CSharpKotor\Formats\NCS\KNCSDecomp\AMovespCmd.cs(28,21): warning CS0114: 'AMovespCmd.Apply(Switch)' hides inherited member 'Node.Apply(Switch)'. To make the current member override that implementation, add the override keyword. Otherwise add the new keyword. [G:\GitHub\HoloPatcher.NET\src\CSharpKotor\CSharpKotor.csproj::TargetFramework=net8.0]
G:\GitHub\HoloPatcher.NET\src\CSharpKotor\Formats\NCS\KNCSDecomp\ADecibpStackOp.cs(28,21): warning CS0114: 'ADecibpStackOp.Apply(Switch)' hides inherited member 'Node.Apply(Switch)'. To make the current member override that implementation, add the override keyword. Otherwise add the new keyword. [G:\GitHub\HoloPatcher.NET\src\CSharpKotor\CSharpKotor.csproj::TargetFramework=net8.0]
G:\GitHub\HoloPatcher.NET\src\CSharpKotor\Formats\NCS\KNCSDecomp\ASavebpBpOp.cs(28,21): warning CS0114: 'ASavebpBpOp.Apply(Switch)' hides inherited member 'Node.Apply(Switch)'. To make the current member override that implementation, add the override keyword. Otherwise add the new keyword. [G:\GitHub\HoloPatcher.NET\src\CSharpKotor\CSharpKotor.csproj::TargetFramework=net8.0]
G:\GitHub\HoloPatcher.NET\src\CSharpKotor\Formats\NCS\KNCSDecomp\ADecispStackOp.cs(28,21): warning CS0114: 'ADecispStackOp.Apply(Switch)' hides inherited member 'Node.Apply(Switch)'. To make the current member override that implementation, add the override keyword. Otherwise add the new keyword. [G:\GitHub\HoloPatcher.NET\src\CSharpKotor\CSharpKotor.csproj::TargetFramework=net8.0]
G:\GitHub\HoloPatcher.NET\src\CSharpKotor\Formats\NCS\KNCSDecomp\Node\AActionCommand.cs(86,33): warning CS0108: 'AActionCommand.GetType()' hides inherited member 'object.GetType()'. Use the new keyword if hiding was intended. [G:\GitHub\HoloPatcher.NET\src\CSharpKotor\CSharpKotor.csproj::TargetFramework=net8.0]
G:\GitHub\HoloPatcher.NET\src\CSharpKotor\Formats\NCS\KNCSDecomp\AShleftBinaryOp.cs(28,21): warning CS0114: 'AShleftBinaryOp.Apply(Switch)' hides inherited member 'Node.Apply(Switch)'. To make the current member override that implementation, add the override keyword. Otherwise add the new keyword. [G:\GitHub\HoloPatcher.NET\src\CSharpKotor\CSharpKotor.csproj::TargetFramework=net8.0]
G:\GitHub\HoloPatcher.NET\src\CSharpKotor\Formats\NCS\KNCSDecomp\AMoveSpCommand.cs(36,21): warning CS0114: 'AMoveSpCommand.Apply(Switch)' hides inherited member 'Node.Apply(Switch)'. To make the current member override that implementation, add the override keyword. Otherwise add the new keyword. [G:\GitHub\HoloPatcher.NET\src\CSharpKotor\CSharpKotor.csproj::TargetFramework=net8.0]
G:\GitHub\HoloPatcher.NET\src\CSharpKotor\Formats\NCS\KNCSDecomp\AMoveSpCommand.cs(91,33): warning CS0108: 'AMoveSpCommand.GetType()' hides inherited member 'object.GetType()'. Use the new keyword if hiding was intended. [G:\GitHub\HoloPatcher.NET\src\CSharpKotor\CSharpKotor.csproj::TargetFramework=net8.0]
G:\GitHub\HoloPatcher.NET\src\CSharpKotor\Formats\NCS\KNCSDecomp\ADestructCmd.cs(28,21): warning CS0114: 'ADestructCmd.Apply(Switch)' hides inherited member 'Node.Apply(Switch)'. To make the current member override that implementation, add the override keyword. Otherwise add the new keyword. [G:\GitHub\HoloPatcher.NET\src\CSharpKotor\CSharpKotor.csproj::TargetFramework=net8.0]
G:\GitHub\HoloPatcher.NET\src\CSharpKotor\Formats\NCS\KNCSDecomp\AShrightBinaryOp.cs(28,21): warning CS0114: 'AShrightBinaryOp.Apply(Switch)' hides inherited member 'Node.Apply(Switch)'. To make the current member override that implementation, add the override keyword. Otherwise add the new keyword. [G:\GitHub\HoloPatcher.NET\src\CSharpKotor\CSharpKotor.csproj::TargetFramework=net8.0]
G:\GitHub\HoloPatcher.NET\src\CSharpKotor\Formats\NCS\KNCSDecomp\AMulBinaryOp.cs(28,21): warning CS0114: 'AMulBinaryOp.Apply(Switch)' hides inherited member 'Node.Apply(Switch)'. To make the current member override that implementation, add the override keyword. Otherwise add the new keyword. [G:\GitHub\HoloPatcher.NET\src\CSharpKotor\CSharpKotor.csproj::TargetFramework=net8.0]
G:\GitHub\HoloPatcher.NET\src\CSharpKotor\Formats\NCS\KNCSDecomp\Node\AConstCommand.cs(83,33): warning CS0108: 'AConstCommand.GetType()' hides inherited member 'object.GetType()'. Use the new keyword if hiding was intended. [G:\GitHub\HoloPatcher.NET\src\CSharpKotor\CSharpKotor.csproj::TargetFramework=net8.0]
G:\GitHub\HoloPatcher.NET\src\CSharpKotor\Formats\NCS\KNCSDecomp\ASize.cs(34,21): warning CS0114: 'ASize.Apply(Switch)' hides inherited member 'Node.Apply(Switch)'. To make the current member override that implementation, add the override keyword. Otherwise add the new keyword. [G:\GitHub\HoloPatcher.NET\src\CSharpKotor\CSharpKotor.csproj::TargetFramework=net8.0]
G:\GitHub\HoloPatcher.NET\src\CSharpKotor\Formats\NCS\KNCSDecomp\AStackCommand.cs(36,21): warning CS0114: 'AStackCommand.Apply(Switch)' hides inherited member 'Node.Apply(Switch)'. To make the current member override that implementation, add the override keyword. Otherwise add the new keyword. [G:\GitHub\HoloPatcher.NET\src\CSharpKotor\CSharpKotor.csproj::TargetFramework=net8.0]
G:\GitHub\HoloPatcher.NET\src\CSharpKotor\Formats\NCS\KNCSDecomp\AStackCommand.cs(91,33): warning CS0108: 'AStackCommand.GetType()' hides inherited member 'object.GetType()'. Use the new keyword if hiding was intended. [G:\GitHub\HoloPatcher.NET\src\CSharpKotor\CSharpKotor.csproj::TargetFramework=net8.0]
G:\GitHub\HoloPatcher.NET\src\CSharpKotor\Formats\NCS\KNCSDecomp\Node\ABinaryCommand.cs(83,33): warning CS0108: 'ABinaryCommand.GetType()' hides inherited member 'object.GetType()'. Use the new keyword if hiding was intended. [G:\GitHub\HoloPatcher.NET\src\CSharpKotor\CSharpKotor.csproj::TargetFramework=net8.0]
G:\GitHub\HoloPatcher.NET\src\CSharpKotor\Formats\NCS\KNCSDecomp\AStackOpCmd.cs(28,21): warning CS0114: 'AStackOpCmd.Apply(Switch)' hides inherited member 'Node.Apply(Switch)'. To make the current member override that implementation, add the override keyword. Otherwise add the new keyword. [G:\GitHub\HoloPatcher.NET\src\CSharpKotor\CSharpKotor.csproj::TargetFramework=net8.0]
G:\GitHub\HoloPatcher.NET\src\CSharpKotor\Formats\NCS\KNCSDecomp\Node\ACopyDownBpCommand.cs(86,33): warning CS0108: 'ACopyDownBpCommand.GetType()' hides inherited member 'object.GetType()'. Use the new keyword if hiding was intended. [G:\GitHub\HoloPatcher.NET\src\CSharpKotor\CSharpKotor.csproj::TargetFramework=net8.0]
G:\GitHub\HoloPatcher.NET\src\CSharpKotor\Formats\NCS\KNCSDecomp\AStoreStateCmd.cs(28,21): warning CS0114: 'AStoreStateCmd.Apply(Switch)' hides inherited member 'Node.Apply(Switch)'. To make the current member override that implementation, add the override keyword. Otherwise add the new keyword. [G:\GitHub\HoloPatcher.NET\src\CSharpKotor\CSharpKotor.csproj::TargetFramework=net8.0]
G:\GitHub\HoloPatcher.NET\src\CSharpKotor\Formats\NCS\KNCSDecomp\EOF.cs(30,21): warning CS0114: 'EOF.Apply(Switch)' hides inherited member 'Node.Apply(Switch)'. To make the current member override that implementation, add the override keyword. Otherwise add the new keyword. [G:\GitHub\HoloPatcher.NET\src\CSharpKotor\CSharpKotor.csproj::TargetFramework=net8.0]
G:\GitHub\HoloPatcher.NET\src\CSharpKotor\Formats\NCS\KNCSDecomp\AStoreStateCommand.cs(38,21): warning CS0114: 'AStoreStateCommand.Apply(Switch)' hides inherited member 'Node.Apply(Switch)'. To make the current member override that implementation, add the override keyword. Otherwise add the new keyword. [G:\GitHub\HoloPatcher.NET\src\CSharpKotor\CSharpKotor.csproj::TargetFramework=net8.0]
G:\GitHub\HoloPatcher.NET\src\CSharpKotor\Formats\NCS\KNCSDecomp\Node\ABpCommand.cs(80,33): warning CS0108: 'ABpCommand.GetType()' hides inherited member 'object.GetType()'. Use the new keyword if hiding was intended. [G:\GitHub\HoloPatcher.NET\src\CSharpKotor\CSharpKotor.csproj::TargetFramework=net8.0]
G:\GitHub\HoloPatcher.NET\src\CSharpKotor\Formats\NCS\KNCSDecomp\Node\ACopyDownSpCommand.cs(86,33): warning CS0108: 'ACopyDownSpCommand.GetType()' hides inherited member 'object.GetType()'. Use the new keyword if hiding was intended. [G:\GitHub\HoloPatcher.NET\src\CSharpKotor\CSharpKotor.csproj::TargetFramework=net8.0]
G:\GitHub\HoloPatcher.NET\src\CSharpKotor\Formats\NCS\KNCSDecomp\ADestructCommand.cs(40,21): warning CS0114: 'ADestructCommand.Apply(Switch)' hides inherited member 'Node.Apply(Switch)'. To make the current member override that implementation, add the override keyword. Otherwise add the new keyword. [G:\GitHub\HoloPatcher.NET\src\CSharpKotor\CSharpKotor.csproj::TargetFramework=net8.0]
G:\GitHub\HoloPatcher.NET\src\CSharpKotor\Formats\NCS\KNCSDecomp\ADestructCommand.cs(95,33): warning CS0108: 'ADestructCommand.GetType()' hides inherited member 'object.GetType()'. Use the new keyword if hiding was intended. [G:\GitHub\HoloPatcher.NET\src\CSharpKotor\CSharpKotor.csproj::TargetFramework=net8.0]
G:\GitHub\HoloPatcher.NET\src\CSharpKotor\Formats\NCS\KNCSDecomp\ADivBinaryOp.cs(28,21): warning CS0114: 'ADivBinaryOp.Apply(Switch)' hides inherited member 'Node.Apply(Switch)'. To make the current member override that implementation, add the override keyword. Otherwise add the new keyword. [G:\GitHub\HoloPatcher.NET\src\CSharpKotor\CSharpKotor.csproj::TargetFramework=net8.0]
G:\GitHub\HoloPatcher.NET\src\CSharpKotor\Formats\NCS\KNCSDecomp\Node\ACopyTopBpCommand.cs(86,33): warning CS0108: 'ACopyTopBpCommand.GetType()' hides inherited member 'object.GetType()'. Use the new keyword if hiding was intended. [G:\GitHub\HoloPatcher.NET\src\CSharpKotor\CSharpKotor.csproj::TargetFramework=net8.0]
G:\GitHub\HoloPatcher.NET\src\CSharpKotor\Formats\NCS\KNCSDecomp\AEqualBinaryOp.cs(28,21): warning CS0114: 'AEqualBinaryOp.Apply(Switch)' hides inherited member 'Node.Apply(Switch)'. To make the current member override that implementation, add the override keyword. Otherwise add the new keyword. [G:\GitHub\HoloPatcher.NET\src\CSharpKotor\CSharpKotor.csproj::TargetFramework=net8.0]
G:\GitHub\HoloPatcher.NET\src\CSharpKotor\Formats\NCS\KNCSDecomp\Node\AConditionalJumpCommand.cs(83,33): warning CS0108: 'AConditionalJumpCommand.GetType()' hides inherited member 'object.GetType()'. Use the new keyword if hiding was intended. [G:\GitHub\HoloPatcher.NET\src\CSharpKotor\CSharpKotor.csproj::TargetFramework=net8.0]
G:\GitHub\HoloPatcher.NET\src\CSharpKotor\Formats\NCS\KNCSDecomp\AExclOrLogiiOp.cs(28,21): warning CS0114: 'AExclOrLogiiOp.Apply(Switch)' hides inherited member 'Node.Apply(Switch)'. To make the current member override that implementation, add the override keyword. Otherwise add the new keyword. [G:\GitHub\HoloPatcher.NET\src\CSharpKotor\CSharpKotor.csproj::TargetFramework=net8.0]
G:\GitHub\HoloPatcher.NET\src\CSharpKotor\Formats\NCS\KNCSDecomp\AFloatConstant.cs(28,21): warning CS0114: 'AFloatConstant.Apply(Switch)' hides inherited member 'Node.Apply(Switch)'. To make the current member override that implementation, add the override keyword. Otherwise add the new keyword. [G:\GitHub\HoloPatcher.NET\src\CSharpKotor\CSharpKotor.csproj::TargetFramework=net8.0]
G:\GitHub\HoloPatcher.NET\src\CSharpKotor\Formats\NCS\KNCSDecomp\Node\ACopyTopSpCommand.cs(86,33): warning CS0108: 'ACopyTopSpCommand.GetType()' hides inherited member 'object.GetType()'. Use the new keyword if hiding was intended. [G:\GitHub\HoloPatcher.NET\src\CSharpKotor\CSharpKotor.csproj::TargetFramework=net8.0]
G:\GitHub\HoloPatcher.NET\src\CSharpKotor\Formats\NCS\KNCSDecomp\AGeqBinaryOp.cs(28,21): warning CS0114: 'AGeqBinaryOp.Apply(Switch)' hides inherited member 'Node.Apply(Switch)'. To make the current member override that implementation, add the override keyword. Otherwise add the new keyword. [G:\GitHub\HoloPatcher.NET\src\CSharpKotor\CSharpKotor.csproj::TargetFramework=net8.0]
G:\GitHub\HoloPatcher.NET\src\CSharpKotor\Formats\NCS\KNCSDecomp\Node.cs(30,31): warning CS0114: 'Node.ToString()' hides inherited member 'object.ToString()'. To make the current member override that implementation, add the override keyword. Otherwise add the new keyword. [G:\GitHub\HoloPatcher.NET\src\CSharpKotor\CSharpKotor.csproj::TargetFramework=net8.0]
G:\GitHub\HoloPatcher.NET\src\CSharpKotor\Formats\NCS\KNCSDecomp\Node\AJumpToSubroutine.cs(83,33): warning CS0108: 'AJumpToSubroutine.GetType()' hides inherited member 'object.GetType()'. Use the new keyword if hiding was intended. [G:\GitHub\HoloPatcher.NET\src\CSharpKotor\CSharpKotor.csproj::TargetFramework=net8.0]
G:\GitHub\HoloPatcher.NET\src\CSharpKotor\Formats\NCS\KNCSDecomp\FileDecompiler.cs(1048,35): warning CS0114: 'FileDecompiler.FileScriptData.ToString()' hides inherited member 'object.ToString()'. To make the current member override that implementation, add the override keyword. Otherwise add the new keyword. [G:\GitHub\HoloPatcher.NET\src\CSharpKotor\CSharpKotor.csproj::TargetFramework=net8.0]
G:\GitHub\HoloPatcher.NET\src\CSharpKotor\Formats\NCS\KNCSDecomp\PrunedDepthFirstAdapter.cs(24,29): warning CS0114: 'PrunedDepthFirstAdapter.DefaultIn(Node)' hides inherited member 'AnalysisAdapter.DefaultIn(Node)'. To make the current member override that implementation, add the override keyword. Otherwise add the new keyword. [G:\GitHub\HoloPatcher.NET\src\CSharpKotor\CSharpKotor.csproj::TargetFramework=net8.0]
G:\GitHub\HoloPatcher.NET\src\CSharpKotor\Formats\NCS\KNCSDecomp\PrunedDepthFirstAdapter.cs(28,29): warning CS0114: 'PrunedDepthFirstAdapter.DefaultOut(Node)' hides inherited member 'AnalysisAdapter.DefaultOut(Node)'. To make the current member override that implementation, add the override keyword. Otherwise add the new keyword. [G:\GitHub\HoloPatcher.NET\src\CSharpKotor\CSharpKotor.csproj::TargetFramework=net8.0]
G:\GitHub\HoloPatcher.NET\src\CSharpKotor\Formats\NCS\KNCSDecomp\Start.cs(30,21): warning CS0114: 'Start.Apply(Switch)' hides inherited member 'Node.Apply(Switch)'. To make the current member override that implementation, add the override keyword. Otherwise add the new keyword. [G:\GitHub\HoloPatcher.NET\src\CSharpKotor\CSharpKotor.csproj::TargetFramework=net8.0]
G:\GitHub\HoloPatcher.NET\src\CSharpKotor\Formats\NCS\KNCSDecomp\SetDestinations.cs(129,25): warning CS0114: 'SetDestinations.AnonymousPrunedDepthFirstAdapter.DefaultIn(Node)' hides inherited member 'PrunedDepthFirstAdapter.DefaultIn(Node)'. To make the current member override that implementation, add the override keyword. Otherwise add the new keyword. [G:\GitHub\HoloPatcher.NET\src\CSharpKotor\CSharpKotor.csproj::TargetFramework=net8.0]
G:\GitHub\HoloPatcher.NET\src\CSharpKotor\Formats\NCS\KNCSDecomp\SetDestinations.cs(137,25): warning CS0114: 'SetDestinations.AnonymousPrunedDepthFirstAdapter.CaseAProgram(AProgram)' hides inherited member 'PrunedDepthFirstAdapter.CaseAProgram(AProgram)'. To make the current member override that implementation, add the override keyword. Otherwise add the new keyword. [G:\GitHub\HoloPatcher.NET\src\CSharpKotor\CSharpKotor.csproj::TargetFramework=net8.0]
G:\GitHub\HoloPatcher.NET\src\CSharpKotor\Formats\NCS\KNCSDecomp\SetDestinations.cs(182,25): warning CS0114: 'SetDestinations.AnonymousPrunedDepthFirstAdapter.CaseACommandBlock(ACommandBlock)' hides inherited member 'PrunedDepthFirstAdapter.CaseACommandBlock(ACommandBlock)'. To make the current member override that implementation, add the override keyword. Otherwise add the new keyword. [G:\GitHub\HoloPatcher.NET\src\CSharpKotor\CSharpKotor.csproj::TargetFramework=net8.0]
G:\GitHub\HoloPatcher.NET\src\CSharpKotor\Formats\NCS\KNCSDecomp\TAction.cs(30,21): warning CS0114: 'TAction.Apply(Switch)' hides inherited member 'Node.Apply(Switch)'. To make the current member override that implementation, add the override keyword. Otherwise add the new keyword. [G:\GitHub\HoloPatcher.NET\src\CSharpKotor\CSharpKotor.csproj::TargetFramework=net8.0]
G:\GitHub\HoloPatcher.NET\src\CSharpKotor\Formats\NCS\KNCSDecomp\Node\ALogiiCommand.cs(80,33): warning CS0108: 'ALogiiCommand.GetType()' hides inherited member 'object.GetType()'. Use the new keyword if hiding was intended. [G:\GitHub\HoloPatcher.NET\src\CSharpKotor\CSharpKotor.csproj::TargetFramework=net8.0]
G:\GitHub\HoloPatcher.NET\src\CSharpKotor\Formats\NCS\KNCSDecomp\ScriptNode\AActionExp.cs(78,38): warning CS0114: 'AActionExp.Parent()' hides inherited member 'ScriptNode.Parent()'. To make the current member override that implementation, add the override keyword. Otherwise add the new keyword. [G:\GitHub\HoloPatcher.NET\src\CSharpKotor\CSharpKotor.csproj::TargetFramework=net8.0]
G:\GitHub\HoloPatcher.NET\src\CSharpKotor\Formats\NCS\KNCSDecomp\ScriptNode\AActionExp.cs(79,21): warning CS0114: 'AActionExp.Parent(ScriptNode)' hides inherited member 'ScriptNode.Parent(ScriptNode)'. To make the current member override that implementation, add the override keyword. Otherwise add the new keyword. [G:\GitHub\HoloPatcher.NET\src\CSharpKotor\CSharpKotor.csproj::TargetFramework=net8.0]
G:\GitHub\HoloPatcher.NET\src\CSharpKotor\Formats\NCS\KNCSDecomp\TDiv.cs(30,21): warning CS0114: 'TDiv.Apply(Switch)' hides inherited member 'Node.Apply(Switch)'. To make the current member override that implementation, add the override keyword. Otherwise add the new keyword. [G:\GitHub\HoloPatcher.NET\src\CSharpKotor\CSharpKotor.csproj::TargetFramework=net8.0]
G:\GitHub\HoloPatcher.NET\src\CSharpKotor\Formats\NCS\KNCSDecomp\TAdd.cs(30,21): warning CS0114: 'TAdd.Apply(Switch)' hides inherited member 'Node.Apply(Switch)'. To make the current member override that implementation, add the override keyword. Otherwise add the new keyword. [G:\GitHub\HoloPatcher.NET\src\CSharpKotor\CSharpKotor.csproj::TargetFramework=net8.0]
G:\GitHub\HoloPatcher.NET\src\CSharpKotor\Formats\NCS\KNCSDecomp\TDot.cs(30,21): warning CS0114: 'TDot.Apply(Switch)' hides inherited member 'Node.Apply(Switch)'. To make the current member override that implementation, add the override keyword. Otherwise add the new keyword. [G:\GitHub\HoloPatcher.NET\src\CSharpKotor\CSharpKotor.csproj::TargetFramework=net8.0]
G:\GitHub\HoloPatcher.NET\src\CSharpKotor\Formats\NCS\KNCSDecomp\TBlank.cs(30,21): warning CS0114: 'TBlank.Apply(Switch)' hides inherited member 'Node.Apply(Switch)'. To make the current member override that implementation, add the override keyword. Otherwise add the new keyword. [G:\GitHub\HoloPatcher.NET\src\CSharpKotor\CSharpKotor.csproj::TargetFramework=net8.0]
G:\GitHub\HoloPatcher.NET\src\CSharpKotor\Formats\NCS\KNCSDecomp\TEqual.cs(30,21): warning CS0114: 'TEqual.Apply(Switch)' hides inherited member 'Node.Apply(Switch)'. To make the current member override that implementation, add the override keyword. Otherwise add the new keyword. [G:\GitHub\HoloPatcher.NET\src\CSharpKotor\CSharpKotor.csproj::TargetFramework=net8.0]
G:\GitHub\HoloPatcher.NET\src\CSharpKotor\Formats\NCS\KNCSDecomp\TLPar.cs(30,21): warning CS0114: 'TLPar.Apply(Switch)' hides inherited member 'Node.Apply(Switch)'. To make the current member override that implementation, add the override keyword. Otherwise add the new keyword. [G:\GitHub\HoloPatcher.NET\src\CSharpKotor\CSharpKotor.csproj::TargetFramework=net8.0]
G:\GitHub\HoloPatcher.NET\src\CSharpKotor\Formats\NCS\KNCSDecomp\TBoolandii.cs(30,21): warning CS0114: 'TBoolandii.Apply(Switch)' hides inherited member 'Node.Apply(Switch)'. To make the current member override that implementation, add the override keyword. Otherwise add the new keyword. [G:\GitHub\HoloPatcher.NET\src\CSharpKotor\CSharpKotor.csproj::TargetFramework=net8.0]
G:\GitHub\HoloPatcher.NET\src\CSharpKotor\Formats\NCS\KNCSDecomp\ScriptNode\ABinaryExp.cs(69,38): warning CS0114: 'ABinaryExp.Parent()' hides inherited member 'ScriptNode.Parent()'. To make the current member override that implementation, add the override keyword. Otherwise add the new keyword. [G:\GitHub\HoloPatcher.NET\src\CSharpKotor\CSharpKotor.csproj::TargetFramework=net8.0]
G:\GitHub\HoloPatcher.NET\src\CSharpKotor\Formats\NCS\KNCSDecomp\ScriptNode\ABinaryExp.cs(70,21): warning CS0114: 'ABinaryExp.Parent(ScriptNode)' hides inherited member 'ScriptNode.Parent(ScriptNode)'. To make the current member override that implementation, add the override keyword. Otherwise add the new keyword. [G:\GitHub\HoloPatcher.NET\src\CSharpKotor\CSharpKotor.csproj::TargetFramework=net8.0]
G:\GitHub\HoloPatcher.NET\src\CSharpKotor\Formats\NCS\KNCSDecomp\TExcorii.cs(30,21): warning CS0114: 'TExcorii.Apply(Switch)' hides inherited member 'Node.Apply(Switch)'. To make the current member override that implementation, add the override keyword. Otherwise add the new keyword. [G:\GitHub\HoloPatcher.NET\src\CSharpKotor\CSharpKotor.csproj::TargetFramework=net8.0]
G:\GitHub\HoloPatcher.NET\src\CSharpKotor\Formats\NCS\KNCSDecomp\TLt.cs(30,21): warning CS0114: 'TLt.Apply(Switch)' hides inherited member 'Node.Apply(Switch)'. To make the current member override that implementation, add the override keyword. Otherwise add the new keyword. [G:\GitHub\HoloPatcher.NET\src\CSharpKotor\CSharpKotor.csproj::TargetFramework=net8.0]
G:\GitHub\HoloPatcher.NET\src\CSharpKotor\Formats\NCS\KNCSDecomp\TComp.cs(30,21): warning CS0114: 'TComp.Apply(Switch)' hides inherited member 'Node.Apply(Switch)'. To make the current member override that implementation, add the override keyword. Otherwise add the new keyword. [G:\GitHub\HoloPatcher.NET\src\CSharpKotor\CSharpKotor.csproj::TargetFramework=net8.0]
G:\GitHub\HoloPatcher.NET\src\CSharpKotor\Formats\NCS\KNCSDecomp\TFloatConstant.cs(30,21): warning CS0114: 'TFloatConstant.Apply(Switch)' hides inherited member 'Node.Apply(Switch)'. To make the current member override that implementation, add the override keyword. Otherwise add the new keyword. [G:\GitHub\HoloPatcher.NET\src\CSharpKotor\CSharpKotor.csproj::TargetFramework=net8.0]
G:\GitHub\HoloPatcher.NET\src\CSharpKotor\Formats\NCS\KNCSDecomp\TMod.cs(30,21): warning CS0114: 'TMod.Apply(Switch)' hides inherited member 'Node.Apply(Switch)'. To make the current member override that implementation, add the override keyword. Otherwise add the new keyword. [G:\GitHub\HoloPatcher.NET\src\CSharpKotor\CSharpKotor.csproj::TargetFramework=net8.0]
G:\GitHub\HoloPatcher.NET\src\CSharpKotor\Formats\NCS\KNCSDecomp\TConst.cs(30,21): warning CS0114: 'TConst.Apply(Switch)' hides inherited member 'Node.Apply(Switch)'. To make the current member override that implementation, add the override keyword. Otherwise add the new keyword. [G:\GitHub\HoloPatcher.NET\src\CSharpKotor\CSharpKotor.csproj::TargetFramework=net8.0]
G:\GitHub\HoloPatcher.NET\src\CSharpKotor\Formats\NCS\KNCSDecomp\TGeq.cs(30,21): warning CS0114: 'TGeq.Apply(Switch)' hides inherited member 'Node.Apply(Switch)'. To make the current member override that implementation, add the override keyword. Otherwise add the new keyword. [G:\GitHub\HoloPatcher.NET\src\CSharpKotor\CSharpKotor.csproj::TargetFramework=net8.0]
G:\GitHub\HoloPatcher.NET\src\CSharpKotor\Formats\NCS\KNCSDecomp\TMovsp.cs(30,21): warning CS0114: 'TMovsp.Apply(Switch)' hides inherited member 'Node.Apply(Switch)'. To make the current member override that implementation, add the override keyword. Otherwise add the new keyword. [G:\GitHub\HoloPatcher.NET\src\CSharpKotor\CSharpKotor.csproj::TargetFramework=net8.0]
G:\GitHub\HoloPatcher.NET\src\CSharpKotor\Formats\NCS\KNCSDecomp\TCpdownbp.cs(30,21): warning CS0114: 'TCpdownbp.Apply(Switch)' hides inherited member 'Node.Apply(Switch)'. To make the current member override that implementation, add the override keyword. Otherwise add the new keyword. [G:\GitHub\HoloPatcher.NET\src\CSharpKotor\CSharpKotor.csproj::TargetFramework=net8.0]
G:\GitHub\HoloPatcher.NET\src\CSharpKotor\Formats\NCS\KNCSDecomp\TGt.cs(30,21): warning CS0114: 'TGt.Apply(Switch)' hides inherited member 'Node.Apply(Switch)'. To make the current member override that implementation, add the override keyword. Otherwise add the new keyword. [G:\GitHub\HoloPatcher.NET\src\CSharpKotor\CSharpKotor.csproj::TargetFramework=net8.0]
G:\GitHub\HoloPatcher.NET\src\CSharpKotor\Formats\NCS\KNCSDecomp\TMul.cs(30,21): warning CS0114: 'TMul.Apply(Switch)' hides inherited member 'Node.Apply(Switch)'. To make the current member override that implementation, add the override keyword. Otherwise add the new keyword. [G:\GitHub\HoloPatcher.NET\src\CSharpKotor\CSharpKotor.csproj::TargetFramework=net8.0]
G:\GitHub\HoloPatcher.NET\src\CSharpKotor\Formats\NCS\KNCSDecomp\TCpdownsp.cs(30,21): warning CS0114: 'TCpdownsp.Apply(Switch)' hides inherited member 'Node.Apply(Switch)'. To make the current member override that implementation, add the override keyword. Otherwise add the new keyword. [G:\GitHub\HoloPatcher.NET\src\CSharpKotor\CSharpKotor.csproj::TargetFramework=net8.0]
G:\GitHub\HoloPatcher.NET\src\CSharpKotor\Formats\NCS\KNCSDecomp\TIncibp.cs(30,21): warning CS0114: 'TIncibp.Apply(Switch)' hides inherited member 'Node.Apply(Switch)'. To make the current member override that implementation, add the override keyword. Otherwise add the new keyword. [G:\GitHub\HoloPatcher.NET\src\CSharpKotor\CSharpKotor.csproj::TargetFramework=net8.0]
G:\GitHub\HoloPatcher.NET\src\CSharpKotor\Formats\NCS\KNCSDecomp\TCptopbp.cs(30,21): warning CS0114: 'TCptopbp.Apply(Switch)' hides inherited member 'Node.Apply(Switch)'. To make the current member override that implementation, add the override keyword. Otherwise add the new keyword. [G:\GitHub\HoloPatcher.NET\src\CSharpKotor\CSharpKotor.csproj::TargetFramework=net8.0]
G:\GitHub\HoloPatcher.NET\src\CSharpKotor\Formats\NCS\KNCSDecomp\Node\AMoveSpCommand.cs(83,33): warning CS0108: 'AMoveSpCommand.GetType()' hides inherited member 'object.GetType()'. Use the new keyword if hiding was intended. [G:\GitHub\HoloPatcher.NET\src\CSharpKotor\CSharpKotor.csproj::TargetFramework=net8.0]
G:\GitHub\HoloPatcher.NET\src\CSharpKotor\Formats\NCS\KNCSDecomp\TIncisp.cs(30,21): warning CS0114: 'TIncisp.Apply(Switch)' hides inherited member 'Node.Apply(Switch)'. To make the current member override that implementation, add the override keyword. Otherwise add the new keyword. [G:\GitHub\HoloPatcher.NET\src\CSharpKotor\CSharpKotor.csproj::TargetFramework=net8.0]
G:\GitHub\HoloPatcher.NET\src\CSharpKotor\Formats\NCS\KNCSDecomp\Node\AReturn.cs(80,33): warning CS0108: 'AReturn.GetType()' hides inherited member 'object.GetType()'. Use the new keyword if hiding was intended. [G:\GitHub\HoloPatcher.NET\src\CSharpKotor\CSharpKotor.csproj::TargetFramework=net8.0]
G:\GitHub\HoloPatcher.NET\src\CSharpKotor\Formats\NCS\KNCSDecomp\TCptopsp.cs(30,21): warning CS0114: 'TCptopsp.Apply(Switch)' hides inherited member 'Node.Apply(Switch)'. To make the current member override that implementation, add the override keyword. Otherwise add the new keyword. [G:\GitHub\HoloPatcher.NET\src\CSharpKotor\CSharpKotor.csproj::TargetFramework=net8.0]
G:\GitHub\HoloPatcher.NET\src\CSharpKotor\Formats\NCS\KNCSDecomp\TNeg.cs(30,21): warning CS0114: 'TNeg.Apply(Switch)' hides inherited member 'Node.Apply(Switch)'. To make the current member override that implementation, add the override keyword. Otherwise add the new keyword. [G:\GitHub\HoloPatcher.NET\src\CSharpKotor\CSharpKotor.csproj::TargetFramework=net8.0]
G:\GitHub\HoloPatcher.NET\src\CSharpKotor\Formats\NCS\KNCSDecomp\PrunedReversedDepthFirstAdapter.cs(24,29): warning CS0114: 'PrunedReversedDepthFirstAdapter.DefaultIn(Node)' hides inherited member 'AnalysisAdapter.DefaultIn(Node)'. To make the current member override that implementation, add the override keyword. Otherwise add the new keyword. [G:\GitHub\HoloPatcher.NET\src\CSharpKotor\CSharpKotor.csproj::TargetFramework=net8.0]
G:\GitHub\HoloPatcher.NET\src\CSharpKotor\Formats\NCS\KNCSDecomp\PrunedReversedDepthFirstAdapter.cs(28,29): warning CS0114: 'PrunedReversedDepthFirstAdapter.DefaultOut(Node)' hides inherited member 'AnalysisAdapter.DefaultOut(Node)'. To make the current member override that implementation, add the override keyword. Otherwise add the new keyword. [G:\GitHub\HoloPatcher.NET\src\CSharpKotor\CSharpKotor.csproj::TargetFramework=net8.0]
G:\GitHub\HoloPatcher.NET\src\CSharpKotor\Formats\NCS\KNCSDecomp\TIncorii.cs(30,21): warning CS0114: 'TIncorii.Apply(Switch)' hides inherited member 'Node.Apply(Switch)'. To make the current member override that implementation, add the override keyword. Otherwise add the new keyword. [G:\GitHub\HoloPatcher.NET\src\CSharpKotor\CSharpKotor.csproj::TargetFramework=net8.0]
G:\GitHub\HoloPatcher.NET\src\CSharpKotor\Formats\NCS\KNCSDecomp\TIntegerConstant.cs(30,21): warning CS0114: 'TIntegerConstant.Apply(Switch)' hides inherited member 'Node.Apply(Switch)'. To make the current member override that implementation, add the override keyword. Otherwise add the new keyword. [G:\GitHub\HoloPatcher.NET\src\CSharpKotor\CSharpKotor.csproj::TargetFramework=net8.0]
G:\GitHub\HoloPatcher.NET\src\CSharpKotor\Formats\NCS\KNCSDecomp\TNequal.cs(30,21): warning CS0114: 'TNequal.Apply(Switch)' hides inherited member 'Node.Apply(Switch)'. To make the current member override that implementation, add the override keyword. Otherwise add the new keyword. [G:\GitHub\HoloPatcher.NET\src\CSharpKotor\CSharpKotor.csproj::TargetFramework=net8.0]
G:\GitHub\HoloPatcher.NET\src\CSharpKotor\Formats\NCS\KNCSDecomp\TJmp.cs(30,21): warning CS0114: 'TJmp.Apply(Switch)' hides inherited member 'Node.Apply(Switch)'. To make the current member override that implementation, add the override keyword. Otherwise add the new keyword. [G:\GitHub\HoloPatcher.NET\src\CSharpKotor\CSharpKotor.csproj::TargetFramework=net8.0]
G:\GitHub\HoloPatcher.NET\src\CSharpKotor\Formats\NCS\KNCSDecomp\TShright.cs(30,21): warning CS0114: 'TShright.Apply(Switch)' hides inherited member 'Node.Apply(Switch)'. To make the current member override that implementation, add the override keyword. Otherwise add the new keyword. [G:\GitHub\HoloPatcher.NET\src\CSharpKotor\CSharpKotor.csproj::TargetFramework=net8.0]
G:\GitHub\HoloPatcher.NET\src\CSharpKotor\Formats\NCS\KNCSDecomp\TNop.cs(30,21): warning CS0114: 'TNop.Apply(Switch)' hides inherited member 'Node.Apply(Switch)'. To make the current member override that implementation, add the override keyword. Otherwise add the new keyword. [G:\GitHub\HoloPatcher.NET\src\CSharpKotor\CSharpKotor.csproj::TargetFramework=net8.0]
G:\GitHub\HoloPatcher.NET\src\CSharpKotor\Formats\NCS\KNCSDecomp\TJnz.cs(30,21): warning CS0114: 'TJnz.Apply(Switch)' hides inherited member 'Node.Apply(Switch)'. To make the current member override that implementation, add the override keyword. Otherwise add the new keyword. [G:\GitHub\HoloPatcher.NET\src\CSharpKotor\CSharpKotor.csproj::TargetFramework=net8.0]
G:\GitHub\HoloPatcher.NET\src\CSharpKotor\Formats\NCS\KNCSDecomp\SubroutinePathFinder.cs(209,25): warning CS0114: 'SubroutinePathFinder.AnonymousPrunedDepthFirstAdapter.OutAConditionalJumpCommand(AConditionalJumpCommand)' hides inherited member 'PrunedDepthFirstAdapter.OutAConditionalJumpCommand(AConditionalJumpCommand)'. To make the current member override that implementation, add the override keyword. Otherwise add the new keyword. [G:\GitHub\HoloPatcher.NET\src\CSharpKotor\CSharpKotor.csproj::TargetFramework=net8.0]
G:\GitHub\HoloPatcher.NET\src\CSharpKotor\Formats\NCS\KNCSDecomp\SubroutinePathFinder.cs(215,25): warning CS0114: 'SubroutinePathFinder.AnonymousPrunedDepthFirstAdapter.OutAJumpCommand(AJumpCommand)' hides inherited member 'PrunedDepthFirstAdapter.OutAJumpCommand(AJumpCommand)'. To make the current member override that implementation, add the override keyword. Otherwise add the new keyword. [G:\GitHub\HoloPatcher.NET\src\CSharpKotor\CSharpKotor.csproj::TargetFramework=net8.0]
G:\GitHub\HoloPatcher.NET\src\CSharpKotor\Formats\NCS\KNCSDecomp\SubroutinePathFinder.cs(221,25): warning CS0114: 'SubroutinePathFinder.AnonymousPrunedDepthFirstAdapter.CaseAAddVarCmd(AAddVarCmd)' hides inherited member 'PrunedDepthFirstAdapter.CaseAAddVarCmd(AAddVarCmd)'. To make the current member override that implementation, add the override keyword. Otherwise add the new keyword. [G:\GitHub\HoloPatcher.NET\src\CSharpKotor\CSharpKotor.csproj::TargetFramework=net8.0]
G:\GitHub\HoloPatcher.NET\src\CSharpKotor\Formats\NCS\KNCSDecomp\SubroutinePathFinder.cs(225,25): warning CS0114: 'SubroutinePathFinder.AnonymousPrunedDepthFirstAdapter.CaseAConstCmd(AConstCmd)' hides inherited member 'PrunedDepthFirstAdapter.CaseAConstCmd(AConstCmd)'. To make the current member override that implementation, add the override keyword. Otherwise add the new keyword. [G:\GitHub\HoloPatcher.NET\src\CSharpKotor\CSharpKotor.csproj::TargetFramework=net8.0]
G:\GitHub\HoloPatcher.NET\src\CSharpKotor\Formats\NCS\KNCSDecomp\SubroutinePathFinder.cs(229,25): warning CS0114: 'SubroutinePathFinder.AnonymousPrunedDepthFirstAdapter.CaseACopydownspCmd(ACopydownspCmd)' hides inherited member 'PrunedDepthFirstAdapter.CaseACopydownspCmd(ACopydownspCmd)'. To make the current member override that implementation, add the override keyword. Otherwise add the new keyword. [G:\GitHub\HoloPatcher.NET\src\CSharpKotor\CSharpKotor.csproj::TargetFramework=net8.0]
G:\GitHub\HoloPatcher.NET\src\CSharpKotor\Formats\NCS\KNCSDecomp\SubroutinePathFinder.cs(233,25): warning CS0114: 'SubroutinePathFinder.AnonymousPrunedDepthFirstAdapter.CaseACopytopspCmd(ACopytopspCmd)' hides inherited member 'PrunedDepthFirstAdapter.CaseACopytopspCmd(ACopytopspCmd)'. To make the current member override that implementation, add the override keyword. Otherwise add the new keyword. [G:\GitHub\HoloPatcher.NET\src\CSharpKotor\CSharpKotor.csproj::TargetFramework=net8.0]
G:\GitHub\HoloPatcher.NET\src\CSharpKotor\Formats\NCS\KNCSDecomp\SubroutinePathFinder.cs(237,25): warning CS0114: 'SubroutinePathFinder.AnonymousPrunedDepthFirstAdapter.CaseACopydownbpCmd(ACopydownbpCmd)' hides inherited member 'PrunedDepthFirstAdapter.CaseACopydownbpCmd(ACopydownbpCmd)'. To make the current member override that implementation, add the override keyword. Otherwise add the new keyword. [G:\GitHub\HoloPatcher.NET\src\CSharpKotor\CSharpKotor.csproj::TargetFramework=net8.0]
G:\GitHub\HoloPatcher.NET\src\CSharpKotor\Formats\NCS\KNCSDecomp\SubroutinePathFinder.cs(241,25): warning CS0114: 'SubroutinePathFinder.AnonymousPrunedDepthFirstAdapter.CaseACopytopbpCmd(ACopytopbpCmd)' hides inherited member 'PrunedDepthFirstAdapter.CaseACopytopbpCmd(ACopytopbpCmd)'. To make the current member override that implementation, add the override keyword. Otherwise add the new keyword. [G:\GitHub\HoloPatcher.NET\src\CSharpKotor\CSharpKotor.csproj::TargetFramework=net8.0]
G:\GitHub\HoloPatcher.NET\src\CSharpKotor\Formats\NCS\KNCSDecomp\SubroutinePathFinder.cs(245,25): warning CS0114: 'SubroutinePathFinder.AnonymousPrunedDepthFirstAdapter.CaseAMovespCmd(AMovespCmd)' hides inherited member 'PrunedDepthFirstAdapter.CaseAMovespCmd(AMovespCmd)'. To make the current member override that implementation, add the override keyword. Otherwise add the new keyword. [G:\GitHub\HoloPatcher.NET\src\CSharpKotor\CSharpKotor.csproj::TargetFramework=net8.0]
G:\GitHub\HoloPatcher.NET\src\CSharpKotor\Formats\NCS\KNCSDecomp\SubroutinePathFinder.cs(249,25): warning CS0114: 'SubroutinePathFinder.AnonymousPrunedDepthFirstAdapter.CaseALogiiCmd(ALogiiCmd)' hides inherited member 'PrunedDepthFirstAdapter.CaseALogiiCmd(ALogiiCmd)'. To make the current member override that implementation, add the override keyword. Otherwise add the new keyword. [G:\GitHub\HoloPatcher.NET\src\CSharpKotor\CSharpKotor.csproj::TargetFramework=net8.0]
G:\GitHub\HoloPatcher.NET\src\CSharpKotor\Formats\NCS\KNCSDecomp\SubroutinePathFinder.cs(253,25): warning CS0114: 'SubroutinePathFinder.AnonymousPrunedDepthFirstAdapter.CaseAUnaryCmd(AUnaryCmd)' hides inherited member 'PrunedDepthFirstAdapter.CaseAUnaryCmd(AUnaryCmd)'. To make the current member override that implementation, add the override keyword. Otherwise add the new keyword. [G:\GitHub\HoloPatcher.NET\src\CSharpKotor\CSharpKotor.csproj::TargetFramework=net8.0]
G:\GitHub\HoloPatcher.NET\src\CSharpKotor\Formats\NCS\KNCSDecomp\SubroutinePathFinder.cs(257,25): warning CS0114: 'SubroutinePathFinder.AnonymousPrunedDepthFirstAdapter.CaseABinaryCmd(ABinaryCmd)' hides inherited member 'PrunedDepthFirstAdapter.CaseABinaryCmd(ABinaryCmd)'. To make the current member override that implementation, add the override keyword. Otherwise add the new keyword. [G:\GitHub\HoloPatcher.NET\src\CSharpKotor\CSharpKotor.csproj::TargetFramework=net8.0]
G:\GitHub\HoloPatcher.NET\src\CSharpKotor\Formats\NCS\KNCSDecomp\SubroutinePathFinder.cs(261,25): warning CS0114: 'SubroutinePathFinder.AnonymousPrunedDepthFirstAdapter.CaseADestructCmd(ADestructCmd)' hides inherited member 'PrunedDepthFirstAdapter.CaseADestructCmd(ADestructCmd)'. To make the current member override that implementation, add the override keyword. Otherwise add the new keyword. [G:\GitHub\HoloPatcher.NET\src\CSharpKotor\CSharpKotor.csproj::TargetFramework=net8.0]
G:\GitHub\HoloPatcher.NET\src\CSharpKotor\Formats\NCS\KNCSDecomp\SubroutinePathFinder.cs(265,25): warning CS0114: 'SubroutinePathFinder.AnonymousPrunedDepthFirstAdapter.CaseABpCmd(ABpCmd)' hides inherited member 'PrunedDepthFirstAdapter.CaseABpCmd(ABpCmd)'. To make the current member override that implementation, add the override keyword. Otherwise add the new keyword. [G:\GitHub\HoloPatcher.NET\src\CSharpKotor\CSharpKotor.csproj::TargetFramework=net8.0]
G:\GitHub\HoloPatcher.NET\src\CSharpKotor\Formats\NCS\KNCSDecomp\SubroutinePathFinder.cs(269,25): warning CS0114: 'SubroutinePathFinder.AnonymousPrunedDepthFirstAdapter.CaseAActionCmd(AActionCmd)' hides inherited member 'PrunedDepthFirstAdapter.CaseAActionCmd(AActionCmd)'. To make the current member override that implementation, add the override keyword. Otherwise add the new keyword. [G:\GitHub\HoloPatcher.NET\src\CSharpKotor\CSharpKotor.csproj::TargetFramework=net8.0]
G:\GitHub\HoloPatcher.NET\src\CSharpKotor\Formats\NCS\KNCSDecomp\SubroutinePathFinder.cs(273,25): warning CS0114: 'SubroutinePathFinder.AnonymousPrunedDepthFirstAdapter.CaseAStackOpCmd(AStackOpCmd)' hides inherited member 'PrunedDepthFirstAdapter.CaseAStackOpCmd(AStackOpCmd)'. To make the current member override that implementation, add the override keyword. Otherwise add the new keyword. [G:\GitHub\HoloPatcher.NET\src\CSharpKotor\CSharpKotor.csproj::TargetFramework=net8.0]
G:\GitHub\HoloPatcher.NET\src\CSharpKotor\Formats\NCS\KNCSDecomp\TStorestate.cs(30,21): warning CS0114: 'TStorestate.Apply(Switch)' hides inherited member 'Node.Apply(Switch)'. To make the current member override that implementation, add the override keyword. Otherwise add the new keyword. [G:\GitHub\HoloPatcher.NET\src\CSharpKotor\CSharpKotor.csproj::TargetFramework=net8.0]
G:\GitHub\HoloPatcher.NET\src\CSharpKotor\Formats\NCS\KNCSDecomp\TStringLiteral.cs(30,21): warning CS0114: 'TStringLiteral.Apply(Switch)' hides inherited member 'Node.Apply(Switch)'. To make the current member override that implementation, add the override keyword. Otherwise add the new keyword. [G:\GitHub\HoloPatcher.NET\src\CSharpKotor\CSharpKotor.csproj::TargetFramework=net8.0]
G:\GitHub\HoloPatcher.NET\src\CSharpKotor\Formats\NCS\KNCSDecomp\TJsr.cs(30,21): warning CS0114: 'TJsr.Apply(Switch)' hides inherited member 'Node.Apply(Switch)'. To make the current member override that implementation, add the override keyword. Otherwise add the new keyword. [G:\GitHub\HoloPatcher.NET\src\CSharpKotor\CSharpKotor.csproj::TargetFramework=net8.0]
G:\GitHub\HoloPatcher.NET\src\CSharpKotor\Formats\NCS\KNCSDecomp\TDecibp.cs(30,21): warning CS0114: 'TDecibp.Apply(Switch)' hides inherited member 'Node.Apply(Switch)'. To make the current member override that implementation, add the override keyword. Otherwise add the new keyword. [G:\GitHub\HoloPatcher.NET\src\CSharpKotor\CSharpKotor.csproj::TargetFramework=net8.0]
G:\GitHub\HoloPatcher.NET\src\CSharpKotor\Formats\NCS\KNCSDecomp\TNot.cs(30,21): warning CS0114: 'TNot.Apply(Switch)' hides inherited member 'Node.Apply(Switch)'. To make the current member override that implementation, add the override keyword. Otherwise add the new keyword. [G:\GitHub\HoloPatcher.NET\src\CSharpKotor\CSharpKotor.csproj::TargetFramework=net8.0]
G:\GitHub\HoloPatcher.NET\src\CSharpKotor\Formats\NCS\KNCSDecomp\TJz.cs(30,21): warning CS0114: 'TJz.Apply(Switch)' hides inherited member 'Node.Apply(Switch)'. To make the current member override that implementation, add the override keyword. Otherwise add the new keyword. [G:\GitHub\HoloPatcher.NET\src\CSharpKotor\CSharpKotor.csproj::TargetFramework=net8.0]
G:\GitHub\HoloPatcher.NET\src\CSharpKotor\Formats\NCS\KNCSDecomp\TDecisp.cs(30,21): warning CS0114: 'TDecisp.Apply(Switch)' hides inherited member 'Node.Apply(Switch)'. To make the current member override that implementation, add the override keyword. Otherwise add the new keyword. [G:\GitHub\HoloPatcher.NET\src\CSharpKotor\CSharpKotor.csproj::TargetFramework=net8.0]
G:\GitHub\HoloPatcher.NET\src\CSharpKotor\Formats\NCS\KNCSDecomp\AActionJumpCmd.cs(34,21): warning CS0114: 'AActionJumpCmd.Apply(Switch)' hides inherited member 'Node.Apply(Switch)'. To make the current member override that implementation, add the override keyword. Otherwise add the new keyword. [G:\GitHub\HoloPatcher.NET\src\CSharpKotor\CSharpKotor.csproj::TargetFramework=net8.0]
G:\GitHub\HoloPatcher.NET\src\CSharpKotor\Formats\NCS\KNCSDecomp\TLeq.cs(30,21): warning CS0114: 'TLeq.Apply(Switch)' hides inherited member 'Node.Apply(Switch)'. To make the current member override that implementation, add the override keyword. Otherwise add the new keyword. [G:\GitHub\HoloPatcher.NET\src\CSharpKotor\CSharpKotor.csproj::TargetFramework=net8.0]
G:\GitHub\HoloPatcher.NET\src\CSharpKotor\Formats\NCS\KNCSDecomp\TDestruct.cs(30,21): warning CS0114: 'TDestruct.Apply(Switch)' hides inherited member 'Node.Apply(Switch)'. To make the current member override that implementation, add the override keyword. Otherwise add the new keyword. [G:\GitHub\HoloPatcher.NET\src\CSharpKotor\CSharpKotor.csproj::TargetFramework=net8.0]
G:\GitHub\HoloPatcher.NET\src\CSharpKotor\Formats\NCS\KNCSDecomp\TLogandii.cs(30,21): warning CS0114: 'TLogandii.Apply(Switch)' hides inherited member 'Node.Apply(Switch)'. To make the current member override that implementation, add the override keyword. Otherwise add the new keyword. [G:\GitHub\HoloPatcher.NET\src\CSharpKotor\CSharpKotor.csproj::TargetFramework=net8.0]
G:\GitHub\HoloPatcher.NET\src\CSharpKotor\Formats\NCS\KNCSDecomp\TSub.cs(30,21): warning CS0114: 'TSub.Apply(Switch)' hides inherited member 'Node.Apply(Switch)'. To make the current member override that implementation, add the override keyword. Otherwise add the new keyword. [G:\GitHub\HoloPatcher.NET\src\CSharpKotor\CSharpKotor.csproj::TargetFramework=net8.0]
G:\GitHub\HoloPatcher.NET\src\CSharpKotor\Formats\NCS\KNCSDecomp\TRestorebp.cs(30,21): warning CS0114: 'TRestorebp.Apply(Switch)' hides inherited member 'Node.Apply(Switch)'. To make the current member override that implementation, add the override keyword. Otherwise add the new keyword. [G:\GitHub\HoloPatcher.NET\src\CSharpKotor\CSharpKotor.csproj::TargetFramework=net8.0]
G:\GitHub\HoloPatcher.NET\src\CSharpKotor\Formats\NCS\KNCSDecomp\AAddBinaryOp.cs(28,21): warning CS0114: 'AAddBinaryOp.Apply(Switch)' hides inherited member 'Node.Apply(Switch)'. To make the current member override that implementation, add the override keyword. Otherwise add the new keyword. [G:\GitHub\HoloPatcher.NET\src\CSharpKotor\CSharpKotor.csproj::TargetFramework=net8.0]
G:\GitHub\HoloPatcher.NET\src\CSharpKotor\Formats\NCS\KNCSDecomp\TLogorii.cs(30,21): warning CS0114: 'TLogorii.Apply(Switch)' hides inherited member 'Node.Apply(Switch)'. To make the current member override that implementation, add the override keyword. Otherwise add the new keyword. [G:\GitHub\HoloPatcher.NET\src\CSharpKotor\CSharpKotor.csproj::TargetFramework=net8.0]
G:\GitHub\HoloPatcher.NET\src\CSharpKotor\Formats\NCS\KNCSDecomp\Node\ARsaddCommand.cs(80,33): warning CS0108: 'ARsaddCommand.GetType()' hides inherited member 'object.GetType()'. Use the new keyword if hiding was intended. [G:\GitHub\HoloPatcher.NET\src\CSharpKotor\CSharpKotor.csproj::TargetFramework=net8.0]
G:\GitHub\HoloPatcher.NET\src\CSharpKotor\Formats\NCS\KNCSDecomp\TRetn.cs(30,21): warning CS0114: 'TRetn.Apply(Switch)' hides inherited member 'Node.Apply(Switch)'. To make the current member override that implementation, add the override keyword. Otherwise add the new keyword. [G:\GitHub\HoloPatcher.NET\src\CSharpKotor\CSharpKotor.csproj::TargetFramework=net8.0]
G:\GitHub\HoloPatcher.NET\src\CSharpKotor\Formats\NCS\KNCSDecomp\TT.cs(30,21): warning CS0114: 'TT.Apply(Switch)' hides inherited member 'Node.Apply(Switch)'. To make the current member override that implementation, add the override keyword. Otherwise add the new keyword. [G:\GitHub\HoloPatcher.NET\src\CSharpKotor\CSharpKotor.csproj::TargetFramework=net8.0]
G:\GitHub\HoloPatcher.NET\src\CSharpKotor\Formats\NCS\KNCSDecomp\AAddVarCmd.cs(28,21): warning CS0114: 'AAddVarCmd.Apply(Switch)' hides inherited member 'Node.Apply(Switch)'. To make the current member override that implementation, add the override keyword. Otherwise add the new keyword. [G:\GitHub\HoloPatcher.NET\src\CSharpKotor\CSharpKotor.csproj::TargetFramework=net8.0]
G:\GitHub\HoloPatcher.NET\src\CSharpKotor\Formats\NCS\KNCSDecomp\TRPar.cs(30,21): warning CS0114: 'TRPar.Apply(Switch)' hides inherited member 'Node.Apply(Switch)'. To make the current member override that implementation, add the override keyword. Otherwise add the new keyword. [G:\GitHub\HoloPatcher.NET\src\CSharpKotor\CSharpKotor.csproj::TargetFramework=net8.0]
G:\GitHub\HoloPatcher.NET\src\CSharpKotor\Formats\NCS\KNCSDecomp\TUnright.cs(30,21): warning CS0114: 'TUnright.Apply(Switch)' hides inherited member 'Node.Apply(Switch)'. To make the current member override that implementation, add the override keyword. Otherwise add the new keyword. [G:\GitHub\HoloPatcher.NET\src\CSharpKotor\CSharpKotor.csproj::TargetFramework=net8.0]
G:\GitHub\HoloPatcher.NET\src\CSharpKotor\Formats\NCS\KNCSDecomp\TRsadd.cs(30,21): warning CS0114: 'TRsadd.Apply(Switch)' hides inherited member 'Node.Apply(Switch)'. To make the current member override that implementation, add the override keyword. Otherwise add the new keyword. [G:\GitHub\HoloPatcher.NET\src\CSharpKotor\CSharpKotor.csproj::TargetFramework=net8.0]
G:\GitHub\HoloPatcher.NET\src\CSharpKotor\Formats\NCS\KNCSDecomp\ScriptNode\AConst.cs(25,38): warning CS0114: 'AConst.Parent()' hides inherited member 'ScriptNode.Parent()'. To make the current member override that implementation, add the override keyword. Otherwise add the new keyword. [G:\GitHub\HoloPatcher.NET\src\CSharpKotor\CSharpKotor.csproj::TargetFramework=net8.0]
G:\GitHub\HoloPatcher.NET\src\CSharpKotor\Formats\NCS\KNCSDecomp\ScriptNode\AConst.cs(26,21): warning CS0114: 'AConst.Parent(ScriptNode)' hides inherited member 'ScriptNode.Parent(ScriptNode)'. To make the current member override that implementation, add the override keyword. Otherwise add the new keyword. [G:\GitHub\HoloPatcher.NET\src\CSharpKotor\CSharpKotor.csproj::TargetFramework=net8.0]
G:\GitHub\HoloPatcher.NET\src\CSharpKotor\Formats\NCS\KNCSDecomp\Type.cs(67,31): warning CS0114: 'Type.ToString()' hides inherited member 'object.ToString()'. To make the current member override that implementation, add the override keyword. Otherwise add the new keyword. [G:\GitHub\HoloPatcher.NET\src\CSharpKotor\CSharpKotor.csproj::TargetFramework=net8.0]
G:\GitHub\HoloPatcher.NET\src\CSharpKotor\Formats\NCS\KNCSDecomp\Type.cs(393,29): warning CS0114: 'Type.Equals(object)' hides inherited member 'object.Equals(object?)'. To make the current member override that implementation, add the override keyword. Otherwise add the new keyword. [G:\GitHub\HoloPatcher.NET\src\CSharpKotor\CSharpKotor.csproj::TargetFramework=net8.0]
G:\GitHub\HoloPatcher.NET\src\CSharpKotor\Formats\NCS\KNCSDecomp\Type.cs(403,28): warning CS0114: 'Type.GetHashCode()' hides inherited member 'object.GetHashCode()'. To make the current member override that implementation, add the override keyword. Otherwise add the new keyword. [G:\GitHub\HoloPatcher.NET\src\CSharpKotor\CSharpKotor.csproj::TargetFramework=net8.0]
G:\GitHub\HoloPatcher.NET\src\CSharpKotor\Formats\NCS\KNCSDecomp\AAndLogiiOp.cs(28,21): warning CS0114: 'AAndLogiiOp.Apply(Switch)' hides inherited member 'Node.Apply(Switch)'. To make the current member override that implementation, add the override keyword. Otherwise add the new keyword. [G:\GitHub\HoloPatcher.NET\src\CSharpKotor\CSharpKotor.csproj::TargetFramework=net8.0]
G:\GitHub\HoloPatcher.NET\src\CSharpKotor\Formats\NCS\KNCSDecomp\TSavebp.cs(30,21): warning CS0114: 'TSavebp.Apply(Switch)' hides inherited member 'Node.Apply(Switch)'. To make the current member override that implementation, add the override keyword. Otherwise add the new keyword. [G:\GitHub\HoloPatcher.NET\src\CSharpKotor\CSharpKotor.csproj::TargetFramework=net8.0]
G:\GitHub\HoloPatcher.NET\src\CSharpKotor\Formats\NCS\KNCSDecomp\Node\AJumpCommand.cs(83,33): warning CS0108: 'AJumpCommand.GetType()' hides inherited member 'object.GetType()'. Use the new keyword if hiding was intended. [G:\GitHub\HoloPatcher.NET\src\CSharpKotor\CSharpKotor.csproj::TargetFramework=net8.0]
G:\GitHub\HoloPatcher.NET\src\CSharpKotor\Formats\NCS\KNCSDecomp\TSemi.cs(30,21): warning CS0114: 'TSemi.Apply(Switch)' hides inherited member 'Node.Apply(Switch)'. To make the current member override that implementation, add the override keyword. Otherwise add the new keyword. [G:\GitHub\HoloPatcher.NET\src\CSharpKotor\CSharpKotor.csproj::TargetFramework=net8.0]
G:\GitHub\HoloPatcher.NET\src\CSharpKotor\Formats\NCS\KNCSDecomp\ABinaryCmd.cs(28,21): warning CS0114: 'ABinaryCmd.Apply(Switch)' hides inherited member 'Node.Apply(Switch)'. To make the current member override that implementation, add the override keyword. Otherwise add the new keyword. [G:\GitHub\HoloPatcher.NET\src\CSharpKotor\CSharpKotor.csproj::TargetFramework=net8.0]
G:\GitHub\HoloPatcher.NET\src\CSharpKotor\Formats\NCS\KNCSDecomp\TShleft.cs(30,21): warning CS0114: 'TShleft.Apply(Switch)' hides inherited member 'Node.Apply(Switch)'. To make the current member override that implementation, add the override keyword. Otherwise add the new keyword. [G:\GitHub\HoloPatcher.NET\src\CSharpKotor\CSharpKotor.csproj::TargetFramework=net8.0]
G:\GitHub\HoloPatcher.NET\src\CSharpKotor\Formats\NCS\KNCSDecomp\ScriptNode\AConditionalExp.cs(87,29): warning CS0114: 'AConditionalExp.Close()' hides inherited member 'ScriptNode.Close()'. To make the current member override that implementation, add the override keyword. Otherwise add the new keyword. [G:\GitHub\HoloPatcher.NET\src\CSharpKotor\CSharpKotor.csproj::TargetFramework=net8.0]
G:\GitHub\HoloPatcher.NET\src\CSharpKotor\Formats\NCS\KNCSDecomp\ABinaryCommand.cs(36,21): warning CS0114: 'ABinaryCommand.Apply(Switch)' hides inherited member 'Node.Apply(Switch)'. To make the current member override that implementation, add the override keyword. Otherwise add the new keyword. [G:\GitHub\HoloPatcher.NET\src\CSharpKotor\CSharpKotor.csproj::TargetFramework=net8.0]
G:\GitHub\HoloPatcher.NET\src\CSharpKotor\Formats\NCS\KNCSDecomp\ABinaryCommand.cs(91,33): warning CS0108: 'ABinaryCommand.GetType()' hides inherited member 'object.GetType()'. Use the new keyword if hiding was intended. [G:\GitHub\HoloPatcher.NET\src\CSharpKotor\CSharpKotor.csproj::TargetFramework=net8.0]
G:\GitHub\HoloPatcher.NET\src\CSharpKotor\Formats\NCS\KNCSDecomp\X1PCmd.cs(29,21): warning CS0114: 'X1PCmd.Apply(Switch)' hides inherited member 'Node.Apply(Switch)'. To make the current member override that implementation, add the override keyword. Otherwise add the new keyword. [G:\GitHub\HoloPatcher.NET\src\CSharpKotor\CSharpKotor.csproj::TargetFramework=net8.0]
G:\GitHub\HoloPatcher.NET\src\CSharpKotor\Formats\NCS\KNCSDecomp\ABitAndLogiiOp.cs(28,21): warning CS0114: 'ABitAndLogiiOp.Apply(Switch)' hides inherited member 'Node.Apply(Switch)'. To make the current member override that implementation, add the override keyword. Otherwise add the new keyword. [G:\GitHub\HoloPatcher.NET\src\CSharpKotor\CSharpKotor.csproj::TargetFramework=net8.0]
G:\GitHub\HoloPatcher.NET\src\CSharpKotor\Formats\NCS\KNCSDecomp\ABpCmd.cs(28,21): warning CS0114: 'ABpCmd.Apply(Switch)' hides inherited member 'Node.Apply(Switch)'. To make the current member override that implementation, add the override keyword. Otherwise add the new keyword. [G:\GitHub\HoloPatcher.NET\src\CSharpKotor\CSharpKotor.csproj::TargetFramework=net8.0]
G:\GitHub\HoloPatcher.NET\src\CSharpKotor\Formats\NCS\KNCSDecomp\ScriptNode\AModifyExp.cs(74,29): warning CS0114: 'AModifyExp.Close()' hides inherited member 'ScriptNode.Close()'. To make the current member override that implementation, add the override keyword. Otherwise add the new keyword. [G:\GitHub\HoloPatcher.NET\src\CSharpKotor\CSharpKotor.csproj::TargetFramework=net8.0]
G:\GitHub\HoloPatcher.NET\src\CSharpKotor\Formats\NCS\KNCSDecomp\ABpCommand.cs(34,21): warning CS0114: 'ABpCommand.Apply(Switch)' hides inherited member 'Node.Apply(Switch)'. To make the current member override that implementation, add the override keyword. Otherwise add the new keyword. [G:\GitHub\HoloPatcher.NET\src\CSharpKotor\CSharpKotor.csproj::TargetFramework=net8.0]
G:\GitHub\HoloPatcher.NET\src\CSharpKotor\Formats\NCS\KNCSDecomp\ABpCommand.cs(89,33): warning CS0108: 'ABpCommand.GetType()' hides inherited member 'object.GetType()'. Use the new keyword if hiding was intended. [G:\GitHub\HoloPatcher.NET\src\CSharpKotor\CSharpKotor.csproj::TargetFramework=net8.0]
G:\GitHub\HoloPatcher.NET\src\CSharpKotor\Formats\NCS\KNCSDecomp\ScriptNode\AFcnCallExp.cs(93,29): warning CS0114: 'AFcnCallExp.Close()' hides inherited member 'ScriptNode.Close()'. To make the current member override that implementation, add the override keyword. Otherwise add the new keyword. [G:\GitHub\HoloPatcher.NET\src\CSharpKotor\CSharpKotor.csproj::TargetFramework=net8.0]
G:\GitHub\HoloPatcher.NET\src\CSharpKotor\Formats\NCS\KNCSDecomp\ScriptNode\ASub.cs(135,21): warning CS0108: 'ASub.GetType()' hides inherited member 'object.GetType()'. Use the new keyword if hiding was intended. [G:\GitHub\HoloPatcher.NET\src\CSharpKotor\CSharpKotor.csproj::TargetFramework=net8.0]
G:\GitHub\HoloPatcher.NET\src\CSharpKotor\Formats\NCS\KNCSDecomp\Node\AUnaryCommand.cs(80,33): warning CS0108: 'AUnaryCommand.GetType()' hides inherited member 'object.GetType()'. Use the new keyword if hiding was intended. [G:\GitHub\HoloPatcher.NET\src\CSharpKotor\CSharpKotor.csproj::TargetFramework=net8.0]
G:\GitHub\HoloPatcher.NET\src\CSharpKotor\Formats\NCS\KNCSDecomp\ACommandBlock.cs(53,21): warning CS0114: 'ACommandBlock.Apply(Switch)' hides inherited member 'Node.Apply(Switch)'. To make the current member override that implementation, add the override keyword. Otherwise add the new keyword. [G:\GitHub\HoloPatcher.NET\src\CSharpKotor\CSharpKotor.csproj::TargetFramework=net8.0]
G:\GitHub\HoloPatcher.NET\src\CSharpKotor\Formats\NCS\KNCSDecomp\ScriptNode\ASwitchCase.cs(30,20): warning CS0114: 'ASwitchCase.GetEnd()' hides inherited member 'ScriptRootNode.GetEnd()'. To make the current member override that implementation, add the override keyword. Otherwise add the new keyword. [G:\GitHub\HoloPatcher.NET\src\CSharpKotor\CSharpKotor.csproj::TargetFramework=net8.0]
G:\GitHub\HoloPatcher.NET\src\CSharpKotor\Formats\NCS\KNCSDecomp\Node\ADestructCommand.cs(89,33): warning CS0108: 'ADestructCommand.GetType()' hides inherited member 'object.GetType()'. Use the new keyword if hiding was intended. [G:\GitHub\HoloPatcher.NET\src\CSharpKotor\CSharpKotor.csproj::TargetFramework=net8.0]
G:\GitHub\HoloPatcher.NET\src\CSharpKotor\Formats\NCS\KNCSDecomp\ACompUnaryOp.cs(28,21): warning CS0114: 'ACompUnaryOp.Apply(Switch)' hides inherited member 'Node.Apply(Switch)'. To make the current member override that implementation, add the override keyword. Otherwise add the new keyword. [G:\GitHub\HoloPatcher.NET\src\CSharpKotor\CSharpKotor.csproj::TargetFramework=net8.0]
G:\GitHub\HoloPatcher.NET\src\CSharpKotor\Formats\NCS\KNCSDecomp\ScriptNode\AVarDecl.cs(41,27): warning CS0108: 'AVarDecl.GetType()' hides inherited member 'object.GetType()'. Use the new keyword if hiding was intended. [G:\GitHub\HoloPatcher.NET\src\CSharpKotor\CSharpKotor.csproj::TargetFramework=net8.0]
G:\GitHub\HoloPatcher.NET\src\CSharpKotor\Formats\NCS\KNCSDecomp\AConditionalJumpCommand.cs(36,21): warning CS0114: 'AConditionalJumpCommand.Apply(Switch)' hides inherited member 'Node.Apply(Switch)'. To make the current member override that implementation, add the override keyword. Otherwise add the new keyword. [G:\GitHub\HoloPatcher.NET\src\CSharpKotor\CSharpKotor.csproj::TargetFramework=net8.0]
G:\GitHub\HoloPatcher.NET\src\CSharpKotor\Formats\NCS\KNCSDecomp\AConditionalJumpCommand.cs(91,33): warning CS0108: 'AConditionalJumpCommand.GetType()' hides inherited member 'object.GetType()'. Use the new keyword if hiding was intended. [G:\GitHub\HoloPatcher.NET\src\CSharpKotor\CSharpKotor.csproj::TargetFramework=net8.0]
G:\GitHub\HoloPatcher.NET\src\CSharpKotor\Formats\NCS\KNCSDecomp\ScriptNode\AWhileLoop.cs(31,24): warning CS0114: 'AWhileLoop.GetTabs()' hides inherited member 'ScriptNode.GetTabs()'. To make the current member override that implementation, add the override keyword. Otherwise add the new keyword. [G:\GitHub\HoloPatcher.NET\src\CSharpKotor\CSharpKotor.csproj::TargetFramework=net8.0]
G:\GitHub\HoloPatcher.NET\src\CSharpKotor\Formats\NCS\KNCSDecomp\ScriptNode\AWhileLoop.cs(36,24): warning CS0114: 'AWhileLoop.GetNewline()' hides inherited member 'ScriptNode.GetNewline()'. To make the current member override that implementation, add the override keyword. Otherwise add the new keyword. [G:\GitHub\HoloPatcher.NET\src\CSharpKotor\CSharpKotor.csproj::TargetFramework=net8.0]
G:\GitHub\HoloPatcher.NET\src\CSharpKotor\Formats\NCS\KNCSDecomp\X1PSubroutine.cs(29,21): warning CS0114: 'X1PSubroutine.Apply(Switch)' hides inherited member 'Node.Apply(Switch)'. To make the current member override that implementation, add the override keyword. Otherwise add the new keyword. [G:\GitHub\HoloPatcher.NET\src\CSharpKotor\CSharpKotor.csproj::TargetFramework=net8.0]
G:\GitHub\HoloPatcher.NET\src\CSharpKotor\Formats\NCS\KNCSDecomp\ACondJumpCmd.cs(28,21): warning CS0114: 'ACondJumpCmd.Apply(Switch)' hides inherited member 'Node.Apply(Switch)'. To make the current member override that implementation, add the override keyword. Otherwise add the new keyword. [G:\GitHub\HoloPatcher.NET\src\CSharpKotor\CSharpKotor.csproj::TargetFramework=net8.0]
G:\GitHub\HoloPatcher.NET\src\CSharpKotor\Formats\NCS\KNCSDecomp\AConstCmd.cs(28,21): warning CS0114: 'AConstCmd.Apply(Switch)' hides inherited member 'Node.Apply(Switch)'. To make the current member override that implementation, add the override keyword. Otherwise add the new keyword. [G:\GitHub\HoloPatcher.NET\src\CSharpKotor\CSharpKotor.csproj::TargetFramework=net8.0]
G:\GitHub\HoloPatcher.NET\src\CSharpKotor\Formats\NCS\KNCSDecomp\X2PCmd.cs(27,21): warning CS0114: 'X2PCmd.Apply(Switch)' hides inherited member 'Node.Apply(Switch)'. To make the current member override that implementation, add the override keyword. Otherwise add the new keyword. [G:\GitHub\HoloPatcher.NET\src\CSharpKotor\CSharpKotor.csproj::TargetFramework=net8.0]
G:\GitHub\HoloPatcher.NET\src\CSharpKotor\Formats\NCS\KNCSDecomp\ScriptNode\AUnaryExp.cs(71,29): warning CS0114: 'AUnaryExp.Close()' hides inherited member 'ScriptNode.Close()'. To make the current member override that implementation, add the override keyword. Otherwise add the new keyword. [G:\GitHub\HoloPatcher.NET\src\CSharpKotor\CSharpKotor.csproj::TargetFramework=net8.0]
G:\GitHub\HoloPatcher.NET\src\CSharpKotor\Formats\NCS\KNCSDecomp\X2PSubroutine.cs(27,21): warning CS0114: 'X2PSubroutine.Apply(Switch)' hides inherited member 'Node.Apply(Switch)'. To make the current member override that implementation, add the override keyword. Otherwise add the new keyword. [G:\GitHub\HoloPatcher.NET\src\CSharpKotor\CSharpKotor.csproj::TargetFramework=net8.0]
G:\GitHub\HoloPatcher.NET\src\CSharpKotor\Formats\NCS\KNCSDecomp\AConstCommand.cs(36,21): warning CS0114: 'AConstCommand.Apply(Switch)' hides inherited member 'Node.Apply(Switch)'. To make the current member override that implementation, add the override keyword. Otherwise add the new keyword. [G:\GitHub\HoloPatcher.NET\src\CSharpKotor\CSharpKotor.csproj::TargetFramework=net8.0]
G:\GitHub\HoloPatcher.NET\src\CSharpKotor\Formats\NCS\KNCSDecomp\AConstCommand.cs(91,33): warning CS0108: 'AConstCommand.GetType()' hides inherited member 'object.GetType()'. Use the new keyword if hiding was intended. [G:\GitHub\HoloPatcher.NET\src\CSharpKotor\CSharpKotor.csproj::TargetFramework=net8.0]
G:\GitHub\HoloPatcher.NET\src\CSharpKotor\Formats\NCS\KNCSDecomp\ScriptNode\AUnaryModExp.cs(87,29): warning CS0114: 'AUnaryModExp.Close()' hides inherited member 'ScriptNode.Close()'. To make the current member override that implementation, add the override keyword. Otherwise add the new keyword. [G:\GitHub\HoloPatcher.NET\src\CSharpKotor\CSharpKotor.csproj::TargetFramework=net8.0]
G:\GitHub\HoloPatcher.NET\src\CSharpKotor\Formats\NCS\KNCSDecomp\Settings.cs(19,29): warning CS0108: 'Settings.Load()' hides inherited member 'Properties.Load()'. Use the new keyword if hiding was intended. [G:\GitHub\HoloPatcher.NET\src\CSharpKotor\CSharpKotor.csproj::TargetFramework=net8.0]
G:\GitHub\HoloPatcher.NET\src\CSharpKotor\Formats\NCS\KNCSDecomp\Settings.cs(44,29): warning CS0108: 'Settings.Save()' hides inherited member 'Properties.Save()'. Use the new keyword if hiding was intended. [G:\GitHub\HoloPatcher.NET\src\CSharpKotor\CSharpKotor.csproj::TargetFramework=net8.0]
G:\GitHub\HoloPatcher.NET\src\CSharpKotor\Formats\NCS\KNCSDecomp\Settings.cs(59,29): warning CS0108: 'Settings.Reset()' hides inherited member 'Properties.Reset()'. Use the new keyword if hiding was intended. [G:\GitHub\HoloPatcher.NET\src\CSharpKotor\CSharpKotor.csproj::TargetFramework=net8.0]
G:\GitHub\HoloPatcher.NET\src\CSharpKotor\Formats\NCS\KNCSDecomp\AActionCommand.cs(38,21): warning CS0114: 'AActionCommand.Apply(Switch)' hides inherited member 'Node.Apply(Switch)'. To make the current member override that implementation, add the override keyword. Otherwise add the new keyword. [G:\GitHub\HoloPatcher.NET\src\CSharpKotor\CSharpKotor.csproj::TargetFramework=net8.0]
G:\GitHub\HoloPatcher.NET\src\CSharpKotor\Formats\NCS\KNCSDecomp\AActionCommand.cs(93,33): warning CS0108: 'AActionCommand.GetType()' hides inherited member 'object.GetType()'. Use the new keyword if hiding was intended. [G:\GitHub\HoloPatcher.NET\src\CSharpKotor\CSharpKotor.csproj::TargetFramework=net8.0]
G:\GitHub\HoloPatcher.NET\src\CSharpKotor\Formats\NCS\KNCSDecomp\SubScriptState.cs(136,31): warning CS0114: 'SubScriptState.ToString()' hides inherited member 'object.ToString()'. To make the current member override that implementation, add the override keyword. Otherwise add the new keyword. [G:\GitHub\HoloPatcher.NET\src\CSharpKotor\CSharpKotor.csproj::TargetFramework=net8.0]
G:\GitHub\HoloPatcher.NET\src\CSharpKotor\Formats\NCS\KNCSDecomp\StackEntry.cs(28,32): warning CS0114: 'StackEntry.ToString()' hides inherited member 'object.ToString()'. To make the current member override that implementation, add the override keyword. Otherwise add the new keyword. [G:\GitHub\HoloPatcher.NET\src\CSharpKotor\CSharpKotor.csproj::TargetFramework=net8.0]
G:\GitHub\HoloPatcher.NET\src\CSharpKotor\Formats\NCS\KNCSDecomp\ActionsData.cs(29,45): warning CS0168: The variable 'ex' is declared but never used [G:\GitHub\HoloPatcher.NET\src\CSharpKotor\CSharpKotor.csproj::TargetFramework=net8.0]
G:\GitHub\HoloPatcher.NET\src\CSharpKotor\Formats\NCS\KNCSDecomp\Const.cs(43,21): warning CS0162: Unreachable code detected [G:\GitHub\HoloPatcher.NET\src\CSharpKotor\CSharpKotor.csproj::TargetFramework=net8.0]
G:\GitHub\HoloPatcher.NET\src\CSharpKotor\Formats\NCS\KNCSDecomp\SubScriptState.cs(219,17): warning CS0652: Comparison to integral constant is useless; the constant is outside the range of type 'byte' [G:\GitHub\HoloPatcher.NET\src\CSharpKotor\CSharpKotor.csproj::TargetFramework=net8.0]
G:\GitHub\HoloPatcher.NET\src\CSharpKotor\Formats\NCS\KNCSDecomp\SubScriptState.cs(395,30): warning CS0168: The variable 'e' is declared but never used [G:\GitHub\HoloPatcher.NET\src\CSharpKotor\CSharpKotor.csproj::TargetFramework=net8.0]
G:\GitHub\HoloPatcher.NET\src\CSharpKotor\Formats\NCS\KNCSDecomp\FileDecompiler.cs(246,34): warning CS0168: The variable 'ex' is declared but never used [G:\GitHub\HoloPatcher.NET\src\CSharpKotor\CSharpKotor.csproj::TargetFramework=net8.0]
G:\GitHub\HoloPatcher.NET\src\CSharpKotor\Formats\NCS\KNCSDecomp\FileDecompiler.cs(265,30): warning CS0168: The variable 'e' is declared but never used [G:\GitHub\HoloPatcher.NET\src\CSharpKotor\CSharpKotor.csproj::TargetFramework=net8.0]
G:\GitHub\HoloPatcher.NET\src\CSharpKotor\Formats\NCS\KNCSDecomp\FileDecompiler.cs(289,34): warning CS0168: The variable 'ex' is declared but never used [G:\GitHub\HoloPatcher.NET\src\CSharpKotor\CSharpKotor.csproj::TargetFramework=net8.0]
G:\GitHub\HoloPatcher.NET\src\CSharpKotor\Formats\NCS\KNCSDecomp\FileDecompiler.cs(332,34): warning CS0168: The variable 'ex' is declared but never used [G:\GitHub\HoloPatcher.NET\src\CSharpKotor\CSharpKotor.csproj::TargetFramework=net8.0]
G:\GitHub\HoloPatcher.NET\src\CSharpKotor\Formats\NCS\KNCSDecomp\NameGenerator.cs(315,33): warning CS0162: Unreachable code detected [G:\GitHub\HoloPatcher.NET\src\CSharpKotor\CSharpKotor.csproj::TargetFramework=net8.0]
G:\GitHub\HoloPatcher.NET\src\CSharpKotor\Formats\NCS\KNCSDecomp\NameGenerator.cs(430,37): warning CS0162: Unreachable code detected [G:\GitHub\HoloPatcher.NET\src\CSharpKotor\CSharpKotor.csproj::TargetFramework=net8.0]
G:\GitHub\HoloPatcher.NET\src\CSharpKotor\Formats\NCS\KNCSDecomp\FileDecompiler.cs(363,34): warning CS0168: The variable 'ex' is declared but never used [G:\GitHub\HoloPatcher.NET\src\CSharpKotor\CSharpKotor.csproj::TargetFramework=net8.0]
G:\GitHub\HoloPatcher.NET\src\CSharpKotor\Formats\NCS\KNCSDecomp\FileDecompiler.cs(372,30): warning CS0168: The variable 'ex2' is declared but never used [G:\GitHub\HoloPatcher.NET\src\CSharpKotor\CSharpKotor.csproj::TargetFramework=net8.0]
G:\GitHub\HoloPatcher.NET\src\CSharpKotor\Formats\NCS\KNCSDecomp\FileDecompiler.cs(565,34): warning CS0168: The variable 'ex' is declared but never used [G:\GitHub\HoloPatcher.NET\src\CSharpKotor\CSharpKotor.csproj::TargetFramework=net8.0]
G:\GitHub\HoloPatcher.NET\src\CSharpKotor\Formats\NCS\KNCSDecomp\MainPass.cs(205,27): warning CS0219: The variable 'type2' is assigned but its value is never used [G:\GitHub\HoloPatcher.NET\src\CSharpKotor\CSharpKotor.csproj::TargetFramework=net8.0]
G:\GitHub\HoloPatcher.NET\src\CSharpKotor\Formats\NCS\KNCSDecomp\Type.cs(89,20): warning CS0652: Comparison to integral constant is useless; the constant is outside the range of type 'byte' [G:\GitHub\HoloPatcher.NET\src\CSharpKotor\CSharpKotor.csproj::TargetFramework=net8.0]
G:\GitHub\HoloPatcher.NET\src\CSharpKotor\Formats\NCS\KNCSDecomp\Parser.cs(116,34): warning CS0168: The variable 'ex' is declared but never used [G:\GitHub\HoloPatcher.NET\src\CSharpKotor\CSharpKotor.csproj::TargetFramework=net8.0]
G:\GitHub\HoloPatcher.NET\src\CSharpKotor\Formats\NCS\KNCSDecomp\Decoder.cs(286,29): warning CS0162: Unreachable code detected [G:\GitHub\HoloPatcher.NET\src\CSharpKotor\CSharpKotor.csproj::TargetFramework=net8.0]
G:\GitHub\HoloPatcher.NET\src\CSharpKotor\Formats\NCS\KNCSDecomp\Decoder.cs(118,9): warning CS0164: This label has not been referenced [G:\GitHub\HoloPatcher.NET\src\CSharpKotor\CSharpKotor.csproj::TargetFramework=net8.0]
G:\GitHub\HoloPatcher.NET\src\CSharpKotor\Formats\NCS\KNCSDecomp\Decoder.cs(205,62): warning CS0168: The variable 'e' is declared but never used [G:\GitHub\HoloPatcher.NET\src\CSharpKotor\CSharpKotor.csproj::TargetFramework=net8.0]
G:\GitHub\HoloPatcher.NET\src\CSharpKotor\Formats\NCS\KNCSDecomp\MainPass.cs(279,26): warning CS0219: The variable 'var' is assigned but its value is never used [G:\GitHub\HoloPatcher.NET\src\CSharpKotor\CSharpKotor.csproj::TargetFramework=net8.0]
G:\GitHub\HoloPatcher.NET\src\CSharpKotor\Formats\NCS\KNCSDecomp\StructType.cs(180,17): warning CS1718: Comparison made to same variable; did you mean to compare something else? [G:\GitHub\HoloPatcher.NET\src\CSharpKotor\CSharpKotor.csproj::TargetFramework=net8.0]
G:\GitHub\HoloPatcher.NET\src\CSharpKotor\Formats\NCS\KNCSDecomp\Decoder.cs(331,17): warning CS0675: Bitwise-or operator used on a sign-extended operand; consider casting to a smaller unsigned type first [G:\GitHub\HoloPatcher.NET\src\CSharpKotor\CSharpKotor.csproj::TargetFramework=net8.0]
G:\GitHub\HoloPatcher.NET\src\CSharpKotor\Formats\NCS\KNCSDecomp\Type.cs(236,21): warning CS0162: Unreachable code detected [G:\GitHub\HoloPatcher.NET\src\CSharpKotor\CSharpKotor.csproj::TargetFramework=net8.0]
G:\GitHub\HoloPatcher.NET\src\CSharpKotor\Formats\NCS\KNCSDecomp\MainPass.cs(325,28): warning CS0219: The variable 'entry' is assigned but its value is never used [G:\GitHub\HoloPatcher.NET\src\CSharpKotor\CSharpKotor.csproj::TargetFramework=net8.0]
G:\GitHub\HoloPatcher.NET\src\CSharpKotor\Formats\NCS\KNCSDecomp\NodeUtils.cs(404,21): warning CS0162: Unreachable code detected [G:\GitHub\HoloPatcher.NET\src\CSharpKotor\CSharpKotor.csproj::TargetFramework=net8.0]
G:\GitHub\HoloPatcher.NET\src\CSharpKotor\Formats\NCS\KNCSDecomp\Lexer.cs(77,34): warning CS0168: The variable 'ex' is declared but never used [G:\GitHub\HoloPatcher.NET\src\CSharpKotor\CSharpKotor.csproj::TargetFramework=net8.0]
G:\GitHub\HoloPatcher.NET\src\CSharpKotor\Formats\NCS\KNCSDecomp\Variable.cs(115,17): warning CS0472: The result of the expression is always 'false' since a value of type 'int' is never equal to 'null' of type 'int?' [G:\GitHub\HoloPatcher.NET\src\CSharpKotor\CSharpKotor.csproj::TargetFramework=net8.0]
G:\GitHub\HoloPatcher.NET\src\CSharpKotor\Formats\NCS\KNCSDecomp\Variable.cs(128,17): warning CS0472: The result of the expression is always 'false' since a value of type 'int' is never equal to 'null' of type 'int?' [G:\GitHub\HoloPatcher.NET\src\CSharpKotor\CSharpKotor.csproj::TargetFramework=net8.0]
G:\GitHub\HoloPatcher.NET\src\CSharpKotor\Formats\NCS\KNCSDecomp\Decoder.cs(695,21): warning CS0162: Unreachable code detected [G:\GitHub\HoloPatcher.NET\src\CSharpKotor\CSharpKotor.csproj::TargetFramework=net8.0]
G:\GitHub\HoloPatcher.NET\src\CSharpKotor\Formats\NCS\KNCSDecomp\Variable.cs(141,20): warning CS0472: The result of the expression is always 'false' since a value of type 'int' is never equal to 'null' of type 'int?' [G:\GitHub\HoloPatcher.NET\src\CSharpKotor\CSharpKotor.csproj::TargetFramework=net8.0]
G:\GitHub\HoloPatcher.NET\src\CSharpKotor\Formats\NCS\KNCSDecomp\Variable.cs(147,20): warning CS0472: The result of the expression is always 'true' since a value of type 'int' is never equal to 'null' of type 'int?' [G:\GitHub\HoloPatcher.NET\src\CSharpKotor\CSharpKotor.csproj::TargetFramework=net8.0]
G:\GitHub\HoloPatcher.NET\src\CSharpKotor\Formats\NCS\KNCSDecomp\MainPass.cs(439,26): warning CS0219: The variable 'var' is assigned but its value is never used [G:\GitHub\HoloPatcher.NET\src\CSharpKotor\CSharpKotor.csproj::TargetFramework=net8.0]
G:\GitHub\HoloPatcher.NET\src\CSharpKotor\Formats\NCS\KNCSDecomp\SubroutineState.cs(350,22): warning CS0219: The variable 'paramvar' is assigned but its value is never used [G:\GitHub\HoloPatcher.NET\src\CSharpKotor\CSharpKotor.csproj::TargetFramework=net8.0]
G:\GitHub\HoloPatcher.NET\src\CSharpKotor\Formats\NCS\KNCSDecomp\Variable.cs(254,17): warning CS0472: The result of the expression is always 'true' since a value of type 'int' is never equal to 'null' of type 'int?' [G:\GitHub\HoloPatcher.NET\src\CSharpKotor\CSharpKotor.csproj::TargetFramework=net8.0]
G:\GitHub\HoloPatcher.NET\src\CSharpKotor\Formats\NCS\KNCSDecomp\Lexer.cs(160,29): warning CS0162: Unreachable code detected [G:\GitHub\HoloPatcher.NET\src\CSharpKotor\CSharpKotor.csproj::TargetFramework=net8.0]
G:\GitHub\HoloPatcher.NET\src\CSharpKotor\Formats\NCS\KNCSDecomp\Lexer.cs(697,29): warning CS0162: Unreachable code detected [G:\GitHub\HoloPatcher.NET\src\CSharpKotor\CSharpKotor.csproj::TargetFramework=net8.0]
G:\GitHub\HoloPatcher.NET\src\CSharpKotor\Formats\NCS\KNCSDecomp\Type.cs(379,21): warning CS0162: Unreachable code detected [G:\GitHub\HoloPatcher.NET\src\CSharpKotor\CSharpKotor.csproj::TargetFramework=net8.0]
G:\GitHub\HoloPatcher.NET\src\CSharpKotor\Formats\NCS\KNCSDecomp\FileDecompiler.cs(1145,35): warning CS0219: The variable 'protobuff' is assigned but its value is never used [G:\GitHub\HoloPatcher.NET\src\CSharpKotor\CSharpKotor.csproj::TargetFramework=net8.0]
G:\GitHub\HoloPatcher.NET\src\CSharpKotor\Formats\NCS\KNCSDecomp\FileDecompiler.cs(1146,35): warning CS0219: The variable 'fcnbuff' is assigned but its value is never used [G:\GitHub\HoloPatcher.NET\src\CSharpKotor\CSharpKotor.csproj::TargetFramework=net8.0]
G:\GitHub\HoloPatcher.NET\src\CSharpKotor\Formats\NCS\KNCSDecomp\FileDecompiler.cs(1147,41): warning CS0219: The variable 'it' is assigned but its value is never used [G:\GitHub\HoloPatcher.NET\src\CSharpKotor\CSharpKotor.csproj::TargetFramework=net8.0]
G:\GitHub\HoloPatcher.NET\src\CSharpKotor\Formats\NCS\KNCSDecomp\FileDecompiler.cs(1148,36): warning CS0219: The variable 'state' is assigned but its value is never used [G:\GitHub\HoloPatcher.NET\src\CSharpKotor\CSharpKotor.csproj::TargetFramework=net8.0]
G:\GitHub\HoloPatcher.NET\src\CSharpKotor\Formats\NCS\KNCSDecomp\FileDecompiler.cs(1151,31): warning CS0219: The variable 'protobuff' is assigned but its value is never used [G:\GitHub\HoloPatcher.NET\src\CSharpKotor\CSharpKotor.csproj::TargetFramework=net8.0]
G:\GitHub\HoloPatcher.NET\src\CSharpKotor\Formats\NCS\KNCSDecomp\FileDecompiler.cs(1152,31): warning CS0219: The variable 'fcnbuff' is assigned but its value is never used [G:\GitHub\HoloPatcher.NET\src\CSharpKotor\CSharpKotor.csproj::TargetFramework=net8.0]
G:\GitHub\HoloPatcher.NET\src\CSharpKotor\Formats\NCS\KNCSDecomp\FileDecompiler.cs(1153,37): warning CS0219: The variable 'it' is assigned but its value is never used [G:\GitHub\HoloPatcher.NET\src\CSharpKotor\CSharpKotor.csproj::TargetFramework=net8.0]
G:\GitHub\HoloPatcher.NET\src\CSharpKotor\Formats\NCS\KNCSDecomp\FileDecompiler.cs(1154,32): warning CS0219: The variable 'state' is assigned but its value is never used [G:\GitHub\HoloPatcher.NET\src\CSharpKotor\CSharpKotor.csproj::TargetFramework=net8.0]
G:\GitHub\HoloPatcher.NET\src\CSharpKotor\Formats\NCS\KNCSDecomp\PcodeReader.cs(661,30): warning CS0168: The variable 'e' is declared but never used [G:\GitHub\HoloPatcher.NET\src\CSharpKotor\CSharpKotor.csproj::TargetFramework=net8.0]
G:\GitHub\HoloPatcher.NET\src\CSharpKotor\Formats\NCS\KNCSDecomp\Utils\SubroutineAnalysisData.cs(21,22): warning CS0169: The field 'SubroutineAnalysisData.result' is never used [G:\GitHub\HoloPatcher.NET\src\CSharpKotor\CSharpKotor.csproj::TargetFramework=net8.0]
G:\GitHub\HoloPatcher.NET\src\CSharpKotor\Formats\NCS\KNCSDecomp\SetDestinations.cs(21,22): warning CS0169: The field 'SetDestinations.deadcode' is never used [G:\GitHub\HoloPatcher.NET\src\CSharpKotor\CSharpKotor.csproj::TargetFramework=net8.0]
G:\GitHub\HoloPatcher.NET\src\CSharpKotor\Formats\NCS\KNCSDecomp\Utils\FileScriptData.cs(14,21): warning CS0169: The field 'FileScriptData.status' is never used [G:\GitHub\HoloPatcher.NET\src\CSharpKotor\CSharpKotor.csproj::TargetFramework=net8.0]
G:\GitHub\HoloPatcher.NET\src\CSharpKotor\Formats\NCS\KNCSDecomp\SetDestinations.cs(128,26): warning CS0649: Field 'SetDestinations.AnonymousPrunedDepthFirstAdapter.destination' is never assigned to, and will always have its default value null [G:\GitHub\HoloPatcher.NET\src\CSharpKotor\CSharpKotor.csproj::TargetFramework=net8.0]
G:\GitHub\HoloPatcher.NET\src\CSharpKotor\Formats\NCS\KNCSDecomp\Decoder.cs(20,37): warning CS0414: The field 'Decoder.DECOCT_LOGORII' is assigned but its value is never used [G:\GitHub\HoloPatcher.NET\src\CSharpKotor\CSharpKotor.csproj::TargetFramework=net8.0]
G:\GitHub\HoloPatcher.NET\src\CSharpKotor\Formats\NCS\KNCSDecomp\Decoder.cs(18,37): warning CS0414: The field 'Decoder.DECOCT_ACTION' is assigned but its value is never used [G:\GitHub\HoloPatcher.NET\src\CSharpKotor\CSharpKotor.csproj::TargetFramework=net8.0]
G:\GitHub\HoloPatcher.NET\src\CSharpKotor\Formats\NCS\KNCSDecomp\Decoder.cs(23,37): warning CS0414: The field 'Decoder.DECOCT_BOOLANDII' is assigned but its value is never used [G:\GitHub\HoloPatcher.NET\src\CSharpKotor\CSharpKotor.csproj::TargetFramework=net8.0]
G:\GitHub\HoloPatcher.NET\src\CSharpKotor\Formats\NCS\KNCSDecomp\Decoder.cs(54,37): warning CS0414: The field 'Decoder.DECOCT_INCIBP' is assigned but its value is never used [G:\GitHub\HoloPatcher.NET\src\CSharpKotor\CSharpKotor.csproj::TargetFramework=net8.0]
G:\GitHub\HoloPatcher.NET\src\CSharpKotor\Formats\NCS\KNCSDecomp\SetDestinations.cs(19,21): warning CS0414: The field 'SetDestinations.actionarg' is assigned but its value is never used [G:\GitHub\HoloPatcher.NET\src\CSharpKotor\CSharpKotor.csproj::TargetFramework=net8.0]
G:\GitHub\HoloPatcher.NET\src\CSharpKotor\Formats\NCS\KNCSDecomp\Decoder.cs(26,37): warning CS0414: The field 'Decoder.DECOCT_GEQ' is assigned but its value is never used [G:\GitHub\HoloPatcher.NET\src\CSharpKotor\CSharpKotor.csproj::TargetFramework=net8.0]
G:\GitHub\HoloPatcher.NET\src\CSharpKotor\Formats\NCS\KNCSDecomp\Decoder.cs(51,37): warning CS0414: The field 'Decoder.DECOCT_CPDOWNBP' is assigned but its value is never used [G:\GitHub\HoloPatcher.NET\src\CSharpKotor\CSharpKotor.csproj::TargetFramework=net8.0]
G:\GitHub\HoloPatcher.NET\src\CSharpKotor\Formats\NCS\KNCSDecomp\Parser.cs(19,37): warning CS0414: The field 'Parser.REDUCE' is assigned but its value is never used [G:\GitHub\HoloPatcher.NET\src\CSharpKotor\CSharpKotor.csproj::TargetFramework=net8.0]
G:\GitHub\HoloPatcher.NET\src\CSharpKotor\Formats\NCS\KNCSDecomp\Decoder.cs(22,37): warning CS0414: The field 'Decoder.DECOCT_EXCORII' is assigned but its value is never used [G:\GitHub\HoloPatcher.NET\src\CSharpKotor\CSharpKotor.csproj::TargetFramework=net8.0]
G:\GitHub\HoloPatcher.NET\src\CSharpKotor\Formats\NCS\KNCSDecomp\Decoder.cs(24,37): warning CS0414: The field 'Decoder.DECOCT_EQUAL' is assigned but its value is never used [G:\GitHub\HoloPatcher.NET\src\CSharpKotor\CSharpKotor.csproj::TargetFramework=net8.0]
G:\GitHub\HoloPatcher.NET\src\CSharpKotor\Formats\NCS\KNCSDecomp\Decoder.cs(43,37): warning CS0414: The field 'Decoder.DECOCT_JSR' is assigned but its value is never used [G:\GitHub\HoloPatcher.NET\src\CSharpKotor\CSharpKotor.csproj::TargetFramework=net8.0]
G:\GitHub\HoloPatcher.NET\src\CSharpKotor\Formats\NCS\KNCSDecomp\Parser.cs(20,37): warning CS0414: The field 'Parser.ACCEPT' is assigned but its value is never used [G:\GitHub\HoloPatcher.NET\src\CSharpKotor\CSharpKotor.csproj::TargetFramework=net8.0]
G:\GitHub\HoloPatcher.NET\src\CSharpKotor\Formats\NCS\KNCSDecomp\SetDeadCode.cs(15,38): warning CS0414: The field 'SetDeadCode.STATE_JZ1_CP' is assigned but its value is never used [G:\GitHub\HoloPatcher.NET\src\CSharpKotor\CSharpKotor.csproj::TargetFramework=net8.0]
G:\GitHub\HoloPatcher.NET\src\CSharpKotor\Formats\NCS\KNCSDecomp\Decoder.cs(29,37): warning CS0414: The field 'Decoder.DECOCT_LEQ' is assigned but its value is never used [G:\GitHub\HoloPatcher.NET\src\CSharpKotor\CSharpKotor.csproj::TargetFramework=net8.0]
G:\GitHub\HoloPatcher.NET\src\CSharpKotor\Formats\NCS\KNCSDecomp\SubScriptState.cs(25,38): warning CS0414: The field 'SubScriptState.STATE_INPREFIXSTACK' is assigned but its value is never used [G:\GitHub\HoloPatcher.NET\src\CSharpKotor\CSharpKotor.csproj::TargetFramework=net8.0]
G:\GitHub\HoloPatcher.NET\src\CSharpKotor\Formats\NCS\KNCSDecomp\Decoder.cs(33,37): warning CS0414: The field 'Decoder.DECOCT_ADD' is assigned but its value is never used [G:\GitHub\HoloPatcher.NET\src\CSharpKotor\CSharpKotor.csproj::TargetFramework=net8.0]
G:\GitHub\HoloPatcher.NET\src\CSharpKotor\Formats\NCS\KNCSDecomp\SetDeadCode.cs(16,38): warning CS0414: The field 'SetDeadCode.STATE_JZ2_JZ' is assigned but its value is never used [G:\GitHub\HoloPatcher.NET\src\CSharpKotor\CSharpKotor.csproj::TargetFramework=net8.0]
G:\GitHub\HoloPatcher.NET\src\CSharpKotor\Formats\NCS\KNCSDecomp\FileDecompiler.cs(960,25): warning CS0414: The field 'FileDecompiler.FileScriptData.status' is assigned but its value is never used [G:\GitHub\HoloPatcher.NET\src\CSharpKotor\CSharpKotor.csproj::TargetFramework=net8.0]
G:\GitHub\HoloPatcher.NET\src\CSharpKotor\Formats\NCS\KNCSDecomp\Decoder.cs(55,37): warning CS0414: The field 'Decoder.DECOCT_SAVEBP' is assigned but its value is never used [G:\GitHub\HoloPatcher.NET\src\CSharpKotor\CSharpKotor.csproj::TargetFramework=net8.0]
G:\GitHub\HoloPatcher.NET\src\CSharpKotor\Formats\NCS\KNCSDecomp\Decoder.cs(27,37): warning CS0414: The field 'Decoder.DECOCT_GT' is assigned but its value is never used [G:\GitHub\HoloPatcher.NET\src\CSharpKotor\CSharpKotor.csproj::TargetFramework=net8.0]
G:\GitHub\HoloPatcher.NET\src\CSharpKotor\Formats\NCS\KNCSDecomp\SubroutineState.cs(15,38): warning CS0414: The field 'SubroutineState.PROTO_NO' is assigned but its value is never used [G:\GitHub\HoloPatcher.NET\src\CSharpKotor\CSharpKotor.csproj::TargetFramework=net8.0]
G:\GitHub\HoloPatcher.NET\src\CSharpKotor\Formats\NCS\KNCSDecomp\Decoder.cs(45,37): warning CS0414: The field 'Decoder.DECOCT_RETN' is assigned but its value is never used [G:\GitHub\HoloPatcher.NET\src\CSharpKotor\CSharpKotor.csproj::TargetFramework=net8.0]
G:\GitHub\HoloPatcher.NET\src\CSharpKotor\Formats\NCS\KNCSDecomp\Decoder.cs(47,37): warning CS0414: The field 'Decoder.DECOCT_NOT' is assigned but its value is never used [G:\GitHub\HoloPatcher.NET\src\CSharpKotor\CSharpKotor.csproj::TargetFramework=net8.0]
G:\GitHub\HoloPatcher.NET\src\CSharpKotor\Formats\NCS\KNCSDecomp\Decoder.cs(35,37): warning CS0414: The field 'Decoder.DECOCT_MUL' is assigned but its value is never used [G:\GitHub\HoloPatcher.NET\src\CSharpKotor\CSharpKotor.csproj::TargetFramework=net8.0]
G:\GitHub\HoloPatcher.NET\src\CSharpKotor\Formats\NCS\KNCSDecomp\Decoder.cs(53,37): warning CS0414: The field 'Decoder.DECOCT_DECIBP' is assigned but its value is never used [G:\GitHub\HoloPatcher.NET\src\CSharpKotor\CSharpKotor.csproj::TargetFramework=net8.0]
G:\GitHub\HoloPatcher.NET\src\CSharpKotor\Formats\NCS\KNCSDecomp\SubScriptState.cs(22,38): warning CS0414: The field 'SubScriptState.STATE_INACTIONARG' is assigned but its value is never used [G:\GitHub\HoloPatcher.NET\src\CSharpKotor\CSharpKotor.csproj::TargetFramework=net8.0]
G:\GitHub\HoloPatcher.NET\src\CSharpKotor\Formats\NCS\KNCSDecomp\Decoder.cs(31,37): warning CS0414: The field 'Decoder.DECOCT_SHRIGHTII' is assigned but its value is never used [G:\GitHub\HoloPatcher.NET\src\CSharpKotor\CSharpKotor.csproj::TargetFramework=net8.0]
G:\GitHub\HoloPatcher.NET\src\CSharpKotor\Formats\NCS\KNCSDecomp\Decoder.cs(42,37): warning CS0414: The field 'Decoder.DECOCT_JMP' is assigned but its value is never used [G:\GitHub\HoloPatcher.NET\src\CSharpKotor\CSharpKotor.csproj::TargetFramework=net8.0]
G:\GitHub\HoloPatcher.NET\src\CSharpKotor\Formats\NCS\KNCSDecomp\SubScriptState.cs(21,38): warning CS0414: The field 'SubScriptState.STATE_INMOD' is assigned but its value is never used [G:\GitHub\HoloPatcher.NET\src\CSharpKotor\CSharpKotor.csproj::TargetFramework=net8.0]
G:\GitHub\HoloPatcher.NET\src\CSharpKotor\Formats\NCS\KNCSDecomp\Decoder.cs(52,37): warning CS0414: The field 'Decoder.DECOCT_CPTOPBP' is assigned but its value is never used [G:\GitHub\HoloPatcher.NET\src\CSharpKotor\CSharpKotor.csproj::TargetFramework=net8.0]
G:\GitHub\HoloPatcher.NET\src\CSharpKotor\Formats\NCS\KNCSDecomp\Parser.cs(18,37): warning CS0414: The field 'Parser.SHIFT' is assigned but its value is never used [G:\GitHub\HoloPatcher.NET\src\CSharpKotor\CSharpKotor.csproj::TargetFramework=net8.0]
G:\GitHub\HoloPatcher.NET\src\CSharpKotor\Formats\NCS\KNCSDecomp\Decoder.cs(46,37): warning CS0414: The field 'Decoder.DECOCT_DESTRUCT' is assigned but its value is never used [G:\GitHub\HoloPatcher.NET\src\CSharpKotor\CSharpKotor.csproj::TargetFramework=net8.0]
G:\GitHub\HoloPatcher.NET\src\CSharpKotor\Formats\NCS\KNCSDecomp\Decoder.cs(49,37): warning CS0414: The field 'Decoder.DECOCT_INCISP' is assigned but its value is never used [G:\GitHub\HoloPatcher.NET\src\CSharpKotor\CSharpKotor.csproj::TargetFramework=net8.0]
G:\GitHub\HoloPatcher.NET\src\CSharpKotor\Formats\NCS\KNCSDecomp\Decoder.cs(37,37): warning CS0414: The field 'Decoder.DECOCT_MOD' is assigned but its value is never used [G:\GitHub\HoloPatcher.NET\src\CSharpKotor\CSharpKotor.csproj::TargetFramework=net8.0]
G:\GitHub\HoloPatcher.NET\src\CSharpKotor\Formats\NCS\KNCSDecomp\Parser.cs(21,37): warning CS0414: The field 'Parser.ERROR' is assigned but its value is never used [G:\GitHub\HoloPatcher.NET\src\CSharpKotor\CSharpKotor.csproj::TargetFramework=net8.0]
G:\GitHub\HoloPatcher.NET\src\CSharpKotor\Formats\NCS\KNCSDecomp\SetDeadCode.cs(17,38): warning CS0414: The field 'SetDeadCode.STATE_JZ3_CP2' is assigned but its value is never used [G:\GitHub\HoloPatcher.NET\src\CSharpKotor\CSharpKotor.csproj::TargetFramework=net8.0]
G:\GitHub\HoloPatcher.NET\src\CSharpKotor\Formats\NCS\KNCSDecomp\Decoder.cs(25,37): warning CS0414: The field 'Decoder.DECOCT_NEQUAL' is assigned but its value is never used [G:\GitHub\HoloPatcher.NET\src\CSharpKotor\CSharpKotor.csproj::TargetFramework=net8.0]
G:\GitHub\HoloPatcher.NET\src\CSharpKotor\Formats\NCS\KNCSDecomp\Decoder.cs(21,37): warning CS0414: The field 'Decoder.DECOCT_INCORII' is assigned but its value is never used [G:\GitHub\HoloPatcher.NET\src\CSharpKotor\CSharpKotor.csproj::TargetFramework=net8.0]
G:\GitHub\HoloPatcher.NET\src\CSharpKotor\Formats\NCS\KNCSDecomp\SetDeadCode.cs(14,38): warning CS0414: The field 'SetDeadCode.STATE_NORMAL' is assigned but its value is never used [G:\GitHub\HoloPatcher.NET\src\CSharpKotor\CSharpKotor.csproj::TargetFramework=net8.0]
G:\GitHub\HoloPatcher.NET\src\CSharpKotor\Formats\NCS\KNCSDecomp\Decoder.cs(15,37): warning CS0414: The field 'Decoder.DECOCT_RSADD' is assigned but its value is never used [G:\GitHub\HoloPatcher.NET\src\CSharpKotor\CSharpKotor.csproj::TargetFramework=net8.0]
G:\GitHub\HoloPatcher.NET\src\CSharpKotor\Formats\NCS\KNCSDecomp\Decoder.cs(57,37): warning CS0414: The field 'Decoder.DECOCT_STORE_STATE' is assigned but its value is never used [G:\GitHub\HoloPatcher.NET\src\CSharpKotor\CSharpKotor.csproj::TargetFramework=net8.0]
G:\GitHub\HoloPatcher.NET\src\CSharpKotor\Formats\NCS\KNCSDecomp\Decoder.cs(32,37): warning CS0414: The field 'Decoder.DECOCT_USHRIGHTII' is assigned but its value is never used [G:\GitHub\HoloPatcher.NET\src\CSharpKotor\CSharpKotor.csproj::TargetFramework=net8.0]
G:\GitHub\HoloPatcher.NET\src\CSharpKotor\Formats\NCS\KNCSDecomp\SubScriptState.cs(24,38): warning CS0414: The field 'SubScriptState.STATE_SWITCHCASES' is assigned but its value is never used [G:\GitHub\HoloPatcher.NET\src\CSharpKotor\CSharpKotor.csproj::TargetFramework=net8.0]
G:\GitHub\HoloPatcher.NET\src\CSharpKotor\Formats\NCS\KNCSDecomp\Decoder.cs(40,37): warning CS0414: The field 'Decoder.DECOCT_MOVSP' is assigned but its value is never used [G:\GitHub\HoloPatcher.NET\src\CSharpKotor\CSharpKotor.csproj::TargetFramework=net8.0]
G:\GitHub\HoloPatcher.NET\src\CSharpKotor\Formats\NCS\KNCSDecomp\SubScriptState.cs(20,38): warning CS0414: The field 'SubScriptState.STATE_NORMAL' is assigned but its value is never used [G:\GitHub\HoloPatcher.NET\src\CSharpKotor\CSharpKotor.csproj::TargetFramework=net8.0]
G:\GitHub\HoloPatcher.NET\src\CSharpKotor\Formats\NCS\KNCSDecomp\Decoder.cs(36,37): warning CS0414: The field 'Decoder.DECOCT_DIV' is assigned but its value is never used [G:\GitHub\HoloPatcher.NET\src\CSharpKotor\CSharpKotor.csproj::TargetFramework=net8.0]
G:\GitHub\HoloPatcher.NET\src\CSharpKotor\Formats\NCS\KNCSDecomp\Decoder.cs(58,37): warning CS0414: The field 'Decoder.DECOCT_NOP' is assigned but its value is never used [G:\GitHub\HoloPatcher.NET\src\CSharpKotor\CSharpKotor.csproj::TargetFramework=net8.0]
G:\GitHub\HoloPatcher.NET\src\CSharpKotor\Formats\NCS\KNCSDecomp\Decoder.cs(41,37): warning CS0414: The field 'Decoder.DECOCT_STATEALL' is assigned but its value is never used [G:\GitHub\HoloPatcher.NET\src\CSharpKotor\CSharpKotor.csproj::TargetFramework=net8.0]
G:\GitHub\HoloPatcher.NET\src\CSharpKotor\Formats\NCS\KNCSDecomp\Decoder.cs(34,37): warning CS0414: The field 'Decoder.DECOCT_SUB' is assigned but its value is never used [G:\GitHub\HoloPatcher.NET\src\CSharpKotor\CSharpKotor.csproj::TargetFramework=net8.0]
G:\GitHub\HoloPatcher.NET\src\CSharpKotor\Formats\NCS\KNCSDecomp\Decoder.cs(17,37): warning CS0414: The field 'Decoder.DECOCT_CONST' is assigned but its value is never used [G:\GitHub\HoloPatcher.NET\src\CSharpKotor\CSharpKotor.csproj::TargetFramework=net8.0]
G:\GitHub\HoloPatcher.NET\src\CSharpKotor\Formats\NCS\KNCSDecomp\SubroutineState.cs(16,38): warning CS0414: The field 'SubroutineState.PROTO_IN_PROGRESS' is assigned but its value is never used [G:\GitHub\HoloPatcher.NET\src\CSharpKotor\CSharpKotor.csproj::TargetFramework=net8.0]
G:\GitHub\HoloPatcher.NET\src\CSharpKotor\Formats\NCS\KNCSDecomp\Decoder.cs(19,37): warning CS0414: The field 'Decoder.DECOCT_LOGANDII' is assigned but its value is never used [G:\GitHub\HoloPatcher.NET\src\CSharpKotor\CSharpKotor.csproj::TargetFramework=net8.0]
G:\GitHub\HoloPatcher.NET\src\CSharpKotor\Formats\NCS\KNCSDecomp\Decoder.cs(44,37): warning CS0414: The field 'Decoder.DECOCT_JZ' is assigned but its value is never used [G:\GitHub\HoloPatcher.NET\src\CSharpKotor\CSharpKotor.csproj::TargetFramework=net8.0]
G:\GitHub\HoloPatcher.NET\src\CSharpKotor\Formats\NCS\KNCSDecomp\Decoder.cs(59,37): warning CS0414: The field 'Decoder.DECOCT_T' is assigned but its value is never used [G:\GitHub\HoloPatcher.NET\src\CSharpKotor\CSharpKotor.csproj::TargetFramework=net8.0]
G:\GitHub\HoloPatcher.NET\src\CSharpKotor\Formats\NCS\KNCSDecomp\Decoder.cs(39,37): warning CS0414: The field 'Decoder.DECOCT_COMP' is assigned but its value is never used [G:\GitHub\HoloPatcher.NET\src\CSharpKotor\CSharpKotor.csproj::TargetFramework=net8.0]
G:\GitHub\HoloPatcher.NET\src\CSharpKotor\Formats\NCS\KNCSDecomp\Decoder.cs(56,37): warning CS0414: The field 'Decoder.DECOCT_RESTOREBP' is assigned but its value is never used [G:\GitHub\HoloPatcher.NET\src\CSharpKotor\CSharpKotor.csproj::TargetFramework=net8.0]
G:\GitHub\HoloPatcher.NET\src\CSharpKotor\Formats\NCS\KNCSDecomp\Decoder.cs(16,37): warning CS0414: The field 'Decoder.DECOCT_CPTOPSP' is assigned but its value is never used [G:\GitHub\HoloPatcher.NET\src\CSharpKotor\CSharpKotor.csproj::TargetFramework=net8.0]
G:\GitHub\HoloPatcher.NET\src\CSharpKotor\Formats\NCS\KNCSDecomp\Decoder.cs(50,37): warning CS0414: The field 'Decoder.DECOCT_JNZ' is assigned but its value is never used [G:\GitHub\HoloPatcher.NET\src\CSharpKotor\CSharpKotor.csproj::TargetFramework=net8.0]
G:\GitHub\HoloPatcher.NET\src\CSharpKotor\Formats\NCS\KNCSDecomp\Decoder.cs(14,37): warning CS0414: The field 'Decoder.DECOCT_CPDOWNSP' is assigned but its value is never used [G:\GitHub\HoloPatcher.NET\src\CSharpKotor\CSharpKotor.csproj::TargetFramework=net8.0]
G:\GitHub\HoloPatcher.NET\src\CSharpKotor\Formats\NCS\KNCSDecomp\Decoder.cs(28,37): warning CS0414: The field 'Decoder.DECOCT_LT' is assigned but its value is never used [G:\GitHub\HoloPatcher.NET\src\CSharpKotor\CSharpKotor.csproj::TargetFramework=net8.0]
G:\GitHub\HoloPatcher.NET\src\CSharpKotor\Formats\NCS\KNCSDecomp\Decoder.cs(30,37): warning CS0414: The field 'Decoder.DECOCT_SHLEFTII' is assigned but its value is never used [G:\GitHub\HoloPatcher.NET\src\CSharpKotor\CSharpKotor.csproj::TargetFramework=net8.0]
G:\GitHub\HoloPatcher.NET\src\CSharpKotor\Formats\NCS\KNCSDecomp\SubScriptState.cs(23,38): warning CS0414: The field 'SubScriptState.STATE_WHILECOND' is assigned but its value is never used [G:\GitHub\HoloPatcher.NET\src\CSharpKotor\CSharpKotor.csproj::TargetFramework=net8.0]
G:\GitHub\HoloPatcher.NET\src\CSharpKotor\Formats\NCS\KNCSDecomp\Decoder.cs(48,37): warning CS0414: The field 'Decoder.DECOCT_DECISP' is assigned but its value is never used [G:\GitHub\HoloPatcher.NET\src\CSharpKotor\CSharpKotor.csproj::TargetFramework=net8.0]
G:\GitHub\HoloPatcher.NET\src\CSharpKotor\Formats\NCS\KNCSDecomp\SetDestinations.cs(17,21): warning CS0414: The field 'SetDestinations.currentPos' is assigned but its value is never used [G:\GitHub\HoloPatcher.NET\src\CSharpKotor\CSharpKotor.csproj::TargetFramework=net8.0]
G:\GitHub\HoloPatcher.NET\src\CSharpKotor\Formats\NCS\KNCSDecomp\SubroutineState.cs(17,38): warning CS0414: The field 'SubroutineState.PROTO_DONE' is assigned but its value is never used [G:\GitHub\HoloPatcher.NET\src\CSharpKotor\CSharpKotor.csproj::TargetFramework=net8.0]
G:\GitHub\HoloPatcher.NET\src\CSharpKotor\Formats\NCS\KNCSDecomp\Decoder.cs(38,37): warning CS0414: The field 'Decoder.DECOCT_NEG' is assigned but its value is never used [G:\GitHub\HoloPatcher.NET\src\CSharpKotor\CSharpKotor.csproj::TargetFramework=net8.0]
G:\GitHub\HoloPatcher.NET\src\CSharpKotor\Formats\NCS\KNCSDecomp\LocalTypeStack.cs(88,32): error CS1503: Argument 1: cannot convert from 'System.Collections.Generic.LinkedList<object>' to 'CSharpKOTOR.Formats.NCS.KNCSDecomp.LinkedList' [G:\GitHub\HoloPatcher.NET\src\CSharpKotor\CSharpKotor.csproj::TargetFramework=net8.0]
G:\GitHub\HoloPatcher.NET\src\CSharpKotor\Formats\NCS\KNCSDecomp\LocalVarStack.cs(127,32): error CS0266: Cannot implicitly convert type 'object' to 'CSharpKOTOR.Formats.NCS.KNCSDecomp.Stack.StackEntry'. An explicit conversion exists (are you missing a cast?) [G:\GitHub\HoloPatcher.NET\src\CSharpKotor\CSharpKotor.csproj::TargetFramework=net8.0]
G:\GitHub\HoloPatcher.NET\src\CSharpKotor\Formats\NCS\KNCSDecomp\LocalVarStack.cs(140,32): error CS0266: Cannot implicitly convert type 'object' to 'CSharpKOTOR.Formats.NCS.KNCSDecomp.Stack.Variable'. An explicit conversion exists (are you missing a cast?) [G:\GitHub\HoloPatcher.NET\src\CSharpKotor\CSharpKotor.csproj::TargetFramework=net8.0]
G:\GitHub\HoloPatcher.NET\src\CSharpKotor\Formats\NCS\KNCSDecomp\LocalVarStack.cs(198,36): error CS0266: Cannot implicitly convert type 'object' to 'CSharpKOTOR.Formats.NCS.KNCSDecomp.Stack.StackEntry'. An explicit conversion exists (are you missing a cast?) [G:\GitHub\HoloPatcher.NET\src\CSharpKotor\CSharpKotor.csproj::TargetFramework=net8.0]
G:\GitHub\HoloPatcher.NET\src\CSharpKotor\Formats\NCS\KNCSDecomp\LocalVarStack.cs(208,61): error CS1061: 'LinkedList' does not contain a definition for 'Clone' and no accessible extension method 'Clone' accepting a first argument of type 'LinkedList' could be found (are you missing a using directive or an assembly reference?) [G:\GitHub\HoloPatcher.NET\src\CSharpKotor\CSharpKotor.csproj::TargetFramework=net8.0]
G:\GitHub\HoloPatcher.NET\src\CSharpKotor\Formats\NCS\KNCSDecomp\SubScriptState.cs(933,104): error CS0030: Cannot convert type 'CSharpKOTOR.Formats.NCS.KNCSDecomp.Scriptnode.ScriptNode' to 'CSharpKOTOR.Formats.NCS.KNCSDecomp.ScriptNode.AVarRef' [G:\GitHub\HoloPatcher.NET\src\CSharpKotor\CSharpKotor.csproj::TargetFramework=net8.0]
G:\GitHub\HoloPatcher.NET\src\CSharpKotor\Formats\NCS\KNCSDecomp\SubroutineState.cs(232,20): error CS0029: Cannot implicitly convert type 'System.Collections.Generic.List<CSharpKOTOR.Formats.NCS.KNCSDecomp.Utils.Type>' to 'System.Collections.Generic.List<object>' [G:\GitHub\HoloPatcher.NET\src\CSharpKotor\CSharpKotor.csproj::TargetFramework=net8.0]
G:\GitHub\HoloPatcher.NET\src\CSharpKotor\Formats\NCS\KNCSDecomp\SubScriptState.cs(1217,83): error CS0030: Cannot convert type 'CSharpKOTOR.Formats.NCS.KNCSDecomp.Scriptnode.ScriptNode' to 'CSharpKOTOR.Formats.NCS.KNCSDecomp.ScriptNode.AVarRef' [G:\GitHub\HoloPatcher.NET\src\CSharpKotor\CSharpKotor.csproj::TargetFramework=net8.0]
G:\GitHub\HoloPatcher.NET\src\CSharpKotor\Formats\NCS\KNCSDecomp\SubScriptState.cs(1217,123): error CS0030: Cannot convert type 'CSharpKOTOR.Formats.NCS.KNCSDecomp.Scriptnode.ScriptNode' to 'CSharpKOTOR.Formats.NCS.KNCSDecomp.ScriptNode.AVarRef' [G:\GitHub\HoloPatcher.NET\src\CSharpKotor\CSharpKotor.csproj::TargetFramework=net8.0]
G:\GitHub\HoloPatcher.NET\src\CSharpKotor\Formats\NCS\KNCSDecomp\SubScriptState.cs(1220,83): error CS0030: Cannot convert type 'CSharpKOTOR.Formats.NCS.KNCSDecomp.Scriptnode.ScriptNode' to 'CSharpKOTOR.Formats.NCS.KNCSDecomp.ScriptNode.AVarRef' [G:\GitHub\HoloPatcher.NET\src\CSharpKotor\CSharpKotor.csproj::TargetFramework=net8.0]
G:\GitHub\HoloPatcher.NET\src\CSharpKotor\Formats\NCS\KNCSDecomp\SubScriptState.cs(1225,80): error CS0030: Cannot convert type 'CSharpKOTOR.Formats.NCS.KNCSDecomp.Scriptnode.ScriptNode' to 'CSharpKOTOR.Formats.NCS.KNCSDecomp.ScriptNode.AVarRef' [G:\GitHub\HoloPatcher.NET\src\CSharpKotor\CSharpKotor.csproj::TargetFramework=net8.0]
G:\GitHub\HoloPatcher.NET\src\CSharpKotor\Formats\NCS\KNCSDecomp\DoTypes.cs(249,17): error CS0104: 'Type' is an ambiguous reference between 'CSharpKOTOR.Formats.NCS.KNCSDecomp.Utils.Type' and 'System.Type' [G:\GitHub\HoloPatcher.NET\src\CSharpKotor\CSharpKotor.csproj::TargetFramework=net8.0]
G:\GitHub\HoloPatcher.NET\src\CSharpKotor\Formats\NCS\KNCSDecomp\DoTypes.cs(265,38): error CS0104: 'Type' is an ambiguous reference between 'CSharpKOTOR.Formats.NCS.KNCSDecomp.Utils.Type' and 'System.Type' [G:\GitHub\HoloPatcher.NET\src\CSharpKotor\CSharpKotor.csproj::TargetFramework=net8.0]
G:\GitHub\HoloPatcher.NET\src\CSharpKotor\Formats\NCS\KNCSDecomp\DoTypes.cs(280,38): error CS0104: 'Type' is an ambiguous reference between 'CSharpKOTOR.Formats.NCS.KNCSDecomp.Utils.Type' and 'System.Type' [G:\GitHub\HoloPatcher.NET\src\CSharpKotor\CSharpKotor.csproj::TargetFramework=net8.0]
G:\GitHub\HoloPatcher.NET\src\CSharpKotor\Formats\NCS\KNCSDecomp\FileDecompiler.cs(697,32): error CS1061: 'BinaryReader' does not contain a definition for 'Mark' and no accessible extension method 'Mark' accepting a first argument of type 'BinaryReader' could be found (are you missing a using directive or an assembly reference?) [G:\GitHub\HoloPatcher.NET\src\CSharpKotor\CSharpKotor.csproj::TargetFramework=net8.0]
G:\GitHub\HoloPatcher.NET\src\CSharpKotor\Formats\NCS\KNCSDecomp\FileDecompiler.cs(700,32): error CS1061: 'BinaryReader' does not contain a definition for 'Reset' and no accessible extension method 'Reset' accepting a first argument of type 'BinaryReader' could be found (are you missing a using directive or an assembly reference?) [G:\GitHub\HoloPatcher.NET\src\CSharpKotor\CSharpKotor.csproj::TargetFramework=net8.0]
G:\GitHub\HoloPatcher.NET\src\CSharpKotor\Formats\NCS\KNCSDecomp\FileDecompiler.cs(706,40): error CS0029: Cannot implicitly convert type 'int[]' to 'byte[]' [G:\GitHub\HoloPatcher.NET\src\CSharpKotor\CSharpKotor.csproj::TargetFramework=net8.0]
G:\GitHub\HoloPatcher.NET\src\CSharpKotor\Formats\NCS\KNCSDecomp\FileDecompiler.cs(761,73): error CS1503: Argument 1: cannot convert from 'System.IO.BinaryReader' to 'System.IO.Stream' [G:\GitHub\HoloPatcher.NET\src\CSharpKotor\CSharpKotor.csproj::TargetFramework=net8.0]
G:\GitHub\HoloPatcher.NET\src\CSharpKotor\Formats\NCS\KNCSDecomp\FileDecompiler.cs(764,65): error CS0246: The type or namespace name 'ByteArrayInputStream' could not be found (are you missing a using directive or an assembly reference?) [G:\GitHub\HoloPatcher.NET\src\CSharpKotor\CSharpKotor.csproj::TargetFramework=net8.0]
G:\GitHub\HoloPatcher.NET\src\CSharpKotor\Formats\NCS\KNCSDecomp\FileDecompiler.cs(775,27): error CS0118: 'Parser' is a namespace but is used like a type [G:\GitHub\HoloPatcher.NET\src\CSharpKotor\CSharpKotor.csproj::TargetFramework=net8.0]
G:\GitHub\HoloPatcher.NET\src\CSharpKotor\Formats\NCS\KNCSDecomp\FileDecompiler.cs(775,38): error CS0118: 'Lexer' is a namespace but is used like a type [G:\GitHub\HoloPatcher.NET\src\CSharpKotor\CSharpKotor.csproj::TargetFramework=net8.0]
G:\GitHub\HoloPatcher.NET\src\CSharpKotor\Formats\NCS\KNCSDecomp\FileDecompiler.cs(775,48): error CS1729: 'PushbackReader' does not contain a constructor that takes 2 arguments [G:\GitHub\HoloPatcher.NET\src\CSharpKotor\CSharpKotor.csproj::TargetFramework=net8.0]
G:\GitHub\HoloPatcher.NET\src\CSharpKotor\Formats\NCS\KNCSDecomp\FileDecompiler.cs(852,46): error CS1061: 'SubroutineAnalysisData' does not contain a definition for 'countSubsDone' and no accessible extension method 'countSubsDone' accepting a first argument of type 'SubroutineAnalysisData' could be found (are you missing a using directive or an assembly reference?) [G:\GitHub\HoloPatcher.NET\src\CSharpKotor\CSharpKotor.csproj::TargetFramework=net8.0]
G:\GitHub\HoloPatcher.NET\src\CSharpKotor\Formats\NCS\KNCSDecomp\FileDecompiler.cs(991,34): error CS1061: 'SubroutineAnalysisData' does not contain a definition for 'Dispose' and no accessible extension method 'Dispose' accepting a first argument of type 'SubroutineAnalysisData' could be found (are you missing a using directive or an assembly reference?) [G:\GitHub\HoloPatcher.NET\src\CSharpKotor\CSharpKotor.csproj::TargetFramework=net8.0]
G:\GitHub\HoloPatcher.NET\src\CSharpKotor\Formats\NCS\KNCSDecomp\FileDecompiler.cs(1181,58): error CS0122: 'FileDecompiler.WindowsExec.StreamGobbler.StreamGobbler(Stream, string)' is inaccessible due to its protection level [G:\GitHub\HoloPatcher.NET\src\CSharpKotor\CSharpKotor.csproj::TargetFramework=net8.0]
G:\GitHub\HoloPatcher.NET\src\CSharpKotor\Formats\NCS\KNCSDecomp\FileDecompiler.cs(1182,59): error CS0122: 'FileDecompiler.WindowsExec.StreamGobbler.StreamGobbler(Stream, string)' is inaccessible due to its protection level [G:\GitHub\HoloPatcher.NET\src\CSharpKotor\CSharpKotor.csproj::TargetFramework=net8.0]
G:\GitHub\HoloPatcher.NET\src\CSharpKotor\Formats\NCS\KNCSDecomp\SubScriptState.cs(1561,35): error CS0234: The type or namespace name 'AVarRef' does not exist in the namespace 'CSharpKOTOR.Formats.NCS.KNCSDecomp.Scriptnode' (are you missing an assembly reference?) [G:\GitHub\HoloPatcher.NET\src\CSharpKotor\CSharpKotor.csproj::TargetFramework=net8.0]
G:\GitHub\HoloPatcher.NET\src\CSharpKotor\Formats\NCS\KNCSDecomp\FileDecompiler.cs(1064,26): error CS1061: 'Dictionary<object, object>' does not contain a definition for 'Put' and no accessible extension method 'Put' accepting a first argument of type 'Dictionary<object, object>' could be found (are you missing a using directive or an assembly reference?) [G:\GitHub\HoloPatcher.NET\src\CSharpKotor\CSharpKotor.csproj::TargetFramework=net8.0]
G:\GitHub\HoloPatcher.NET\src\CSharpKotor\Formats\NCS\KNCSDecomp\FileDecompiler.cs(1069,26): error CS1061: 'Dictionary<object, object>' does not contain a definition for 'Put' and no accessible extension method 'Put' accepting a first argument of type 'Dictionary<object, object>' could be found (are you missing a using directive or an assembly reference?) [G:\GitHub\HoloPatcher.NET\src\CSharpKotor\CSharpKotor.csproj::TargetFramework=net8.0]
G:\GitHub\HoloPatcher.NET\src\CSharpKotor\Formats\NCS\KNCSDecomp\FileDecompiler.cs(1115,35): error CS0136: A local or parameter named 'protobuff' cannot be declared in this scope because that name is used in an enclosing local scope to define a local or parameter [G:\GitHub\HoloPatcher.NET\src\CSharpKotor\CSharpKotor.csproj::TargetFramework=net8.0]
G:\GitHub\HoloPatcher.NET\src\CSharpKotor\Formats\NCS\KNCSDecomp\FileDecompiler.cs(1116,35): error CS0136: A local or parameter named 'fcnbuff' cannot be declared in this scope because that name is used in an enclosing local scope to define a local or parameter [G:\GitHub\HoloPatcher.NET\src\CSharpKotor\CSharpKotor.csproj::TargetFramework=net8.0]
G:\GitHub\HoloPatcher.NET\src\CSharpKotor\Formats\NCS\KNCSDecomp\FileDecompiler.cs(1119,40): error CS0136: A local or parameter named 'state' cannot be declared in this scope because that name is used in an enclosing local scope to define a local or parameter [G:\GitHub\HoloPatcher.NET\src\CSharpKotor\CSharpKotor.csproj::TargetFramework=net8.0]
G:\GitHub\HoloPatcher.NET\src\CSharpKotor\Formats\NCS\KNCSDecomp\FileDecompiler.cs(1128,40): error CS1729: 'string' does not contain a constructor that takes 0 arguments [G:\GitHub\HoloPatcher.NET\src\CSharpKotor\CSharpKotor.csproj::TargetFramework=net8.0]
G:\GitHub\HoloPatcher.NET\src\CSharpKotor\Formats\NCS\KNCSDecomp\FileDecompiler.cs(1134,43): error CS1729: 'string' does not contain a constructor that takes 0 arguments [G:\GitHub\HoloPatcher.NET\src\CSharpKotor\CSharpKotor.csproj::TargetFramework=net8.0]
G:\GitHub\HoloPatcher.NET\src\CSharpKotor\Formats\NCS\KNCSDecomp\FileDecompiler.cs(1145,35): error CS0136: A local or parameter named 'protobuff' cannot be declared in this scope because that name is used in an enclosing local scope to define a local or parameter [G:\GitHub\HoloPatcher.NET\src\CSharpKotor\CSharpKotor.csproj::TargetFramework=net8.0]
G:\GitHub\HoloPatcher.NET\src\CSharpKotor\Formats\NCS\KNCSDecomp\FileDecompiler.cs(1146,35): error CS0136: A local or parameter named 'fcnbuff' cannot be declared in this scope because that name is used in an enclosing local scope to define a local or parameter [G:\GitHub\HoloPatcher.NET\src\CSharpKotor\CSharpKotor.csproj::TargetFramework=net8.0]
G:\GitHub\HoloPatcher.NET\src\CSharpKotor\Formats\NCS\KNCSDecomp\FileDecompiler.cs(1147,41): error CS0136: A local or parameter named 'it' cannot be declared in this scope because that name is used in an enclosing local scope to define a local or parameter [G:\GitHub\HoloPatcher.NET\src\CSharpKotor\CSharpKotor.csproj::TargetFramework=net8.0]
G:\GitHub\HoloPatcher.NET\src\CSharpKotor\Formats\NCS\KNCSDecomp\FileDecompiler.cs(1148,36): error CS0136: A local or parameter named 'state' cannot be declared in this scope because that name is used in an enclosing local scope to define a local or parameter [G:\GitHub\HoloPatcher.NET\src\CSharpKotor\CSharpKotor.csproj::TargetFramework=net8.0]
G:\GitHub\HoloPatcher.NET\src\CSharpKotor\Formats\NCS\KNCSDecomp\DoTypes.cs(523,61): error CS1061: 'Type' does not contain a definition for 'Count' and no accessible extension method 'Count' accepting a first argument of type 'Type' could be found (are you missing a using directive or an assembly reference?) [G:\GitHub\HoloPatcher.NET\src\CSharpKotor\CSharpKotor.csproj::TargetFramework=net8.0]
G:\GitHub\HoloPatcher.NET\src\CSharpKotor\Formats\NCS\KNCSDecomp\DoTypes.cs(525,70): error CS1061: 'Type' does not contain a definition for 'Count' and no accessible extension method 'Count' accepting a first argument of type 'Type' could be found (are you missing a using directive or an assembly reference?) [G:\GitHub\HoloPatcher.NET\src\CSharpKotor\CSharpKotor.csproj::TargetFramework=net8.0]
G:\GitHub\HoloPatcher.NET\src\CSharpKotor\Formats\NCS\KNCSDecomp\DoTypes.cs(527,81): error CS1061: 'Type' does not contain a definition for 'Count' and no accessible extension method 'Count' accepting a first argument of type 'Type' could be found (are you missing a using directive or an assembly reference?) [G:\GitHub\HoloPatcher.NET\src\CSharpKotor\CSharpKotor.csproj::TargetFramework=net8.0]
    336 Warning(s)
    41 Error(s)

Time Elapsed 00:00:01.48
